[WebServer] (node:21132) Warning: The 'NO_COLOR' env is ignored due to the 'FORCE_COLOR' env being set.
[WebServer] (Use `node --trace-warnings ...` to show where the warning was created)
[WebServer] (node:21132) Warning: The 'NO_COLOR' env is ignored due to the 'FORCE_COLOR' env being set.
[WebServer] (Use `node --trace-warnings ...` to show where the warning was created)
[WebServer] (node:14408) Warning: The 'NO_COLOR' env is ignored due to the 'FORCE_COLOR' env being set.
[WebServer] (Use `node --trace-warnings ...` to show where the warning was created)
[WebServer] (node:16472) Warning: The 'NO_COLOR' env is ignored due to the 'FORCE_COLOR' env being set.
[WebServer] (Use `node --trace-warnings ...` to show where the warning was created)
[WebServer] (node:19960) Warning: The 'NO_COLOR' env is ignored due to the 'FORCE_COLOR' env being set.
[WebServer] (Use `node --trace-warnings ...` to show where the warning was created)
[WebServer] (node:17124) Warning: The 'NO_COLOR' env is ignored due to the 'FORCE_COLOR' env being set.
[WebServer] (Use `node --trace-warnings ...` to show where the warning was created)
[WebServer] (node:2924) Warning: The 'NO_COLOR' env is ignored due to the 'FORCE_COLOR' env being set.
[WebServer] (Use `node --trace-warnings ...` to show where the warning was created)
[WebServer] (node:7280) Warning: The 'NO_COLOR' env is ignored due to the 'FORCE_COLOR' env being set.
[WebServer] (Use `node --trace-warnings ...` to show where the warning was created)
[WebServer] (node:14192) Warning: The 'NO_COLOR' env is ignored due to the 'FORCE_COLOR' env being set.
[WebServer] (Use `node --trace-warnings ...` to show where the warning was created)
[WebServer] (node:20812) Warning: The 'NO_COLOR' env is ignored due to the 'FORCE_COLOR' env being set.
[WebServer] (Use `node --trace-warnings ...` to show where the warning was created)
[WebServer] (node:8048) Warning: The 'NO_COLOR' env is ignored due to the 'FORCE_COLOR' env being set.
[WebServer] (Use `node --trace-warnings ...` to show where the warning was created)

Running 76 tests using 2 workers

(node:16644) Warning: The 'NO_COLOR' env is ignored due to the 'FORCE_COLOR' env being set.
(Use `node --trace-warnings ...` to show where the warning was created)
(node:13924) Warning: The 'NO_COLOR' env is ignored due to the 'FORCE_COLOR' env being set.
(Use `node --trace-warnings ...` to show where the warning was created)
[WebServer] {"timestamp":"2026-10-10T10:30:49.907Z","level":"error","environment":"production","version":"1.15.9","commitSha":null,"deploymentId":null,"region":null,"message":"auth_error","operation":"auth","outcome":"error","errorCode":"UntrustedHost","incidenceCode":"SL-CA0B9FEA"}
[WebServer] {"timestamp":"2026-10-10T10:30:49.933Z","level":"error","environment":"production","version":"1.15.9","commitSha":null,"deploymentId":null,"region":null,"message":"auth_error","operation":"auth","outcome":"error","errorCode":"UntrustedHost","incidenceCode":"SL-0C5DF73D"}
  ok  2 [mobile-chromium] › tests\e2e\authenticated-screens.spec.ts:17:5 › welcome pack uses the final overgrip design and prints a full A4 sheet (2.7s)
  ok  1 [mobile-chromium] › tests\e2e\authenticated-screens.spec.ts:32:5 › welcome pack selects sticker designs and prints them together on one A4 sheet (2.9s)
[WebServer] {"timestamp":"2026-10-10T10:30:53.793Z","level":"error","environment":"production","version":"1.15.9","commitSha":null,"deploymentId":null,"region":null,"message":"auth_error","operation":"auth","outcome":"error","errorCode":"UntrustedHost","incidenceCode":"SL-D1872784"}
[WebServer] {"timestamp":"2026-10-10T10:30:54.258Z","level":"error","environment":"production","version":"1.15.9","commitSha":null,"deploymentId":null,"region":null,"message":"auth_error","operation":"auth","outcome":"error","errorCode":"UntrustedHost","incidenceCode":"SL-610CDDA2"}
  ok  3 [mobile-chromium] › tests\e2e\authenticated-screens.spec.ts:54:5 › cached league access waits until the initial snapshot request finishes (3.3s)
[WebServer] {"timestamp":"2026-10-10T10:30:54.985Z","level":"error","environment":"production","version":"1.15.9","commitSha":null,"deploymentId":null,"region":null,"message":"auth_error","operation":"auth","outcome":"error","errorCode":"UntrustedHost","incidenceCode":"SL-B7F0F1E1"}
  ok  4 [mobile-chromium] › tests\e2e\authenticated-screens.spec.ts:65:5 › proposal votes wait for confirmation, prevent duplicate writes and survive reload (4.0s)
[WebServer] {"timestamp":"2026-10-10T10:30:55.491Z","level":"error","environment":"production","version":"1.15.9","commitSha":null,"deploymentId":null,"region":null,"message":"auth_error","operation":"auth","outcome":"error","errorCode":"UntrustedHost","incidenceCode":"SL-27B2F497"}
[WebServer] {"timestamp":"2026-10-10T10:30:55.746Z","level":"error","environment":"production","version":"1.15.9","commitSha":null,"deploymentId":null,"region":null,"message":"auth_error","operation":"auth","outcome":"error","errorCode":"UntrustedHost","incidenceCode":"SL-4561883F"}
  ok  5 [mobile-chromium] › tests\e2e\authenticated-screens.spec.ts:99:5 › calendar view selector fits without horizontal scrolling (1.6s)
[WebServer] {"timestamp":"2026-10-10T10:30:56.484Z","level":"error","environment":"production","version":"1.15.9","commitSha":null,"deploymentId":null,"region":null,"message":"auth_error","operation":"auth","outcome":"error","errorCode":"UntrustedHost","incidenceCode":"SL-F2994859"}
[WebServer] {"timestamp":"2026-10-10T10:30:57.014Z","level":"error","environment":"production","version":"1.15.9","commitSha":null,"deploymentId":null,"region":null,"message":"auth_error","operation":"auth","outcome":"error","errorCode":"UntrustedHost","incidenceCode":"SL-687477FC"}
[WebServer] {"timestamp":"2026-10-10T10:30:57.239Z","level":"error","environment":"production","version":"1.15.9","commitSha":null,"deploymentId":null,"region":null,"message":"auth_error","operation":"auth","outcome":"error","errorCode":"UntrustedHost","incidenceCode":"SL-4A57E7E5"}
[WebServer] {"timestamp":"2026-10-10T10:30:58.079Z","level":"error","environment":"production","version":"1.15.9","commitSha":null,"deploymentId":null,"region":null,"message":"auth_error","operation":"auth","outcome":"error","errorCode":"UntrustedHost","incidenceCode":"SL-748A175F"}
  ok  7 [mobile-chromium] › tests\e2e\authenticated-screens.spec.ts:129:5 › league spectator share shows a downloadable QR and shares the league link (2.7s)
  ok  6 [mobile-chromium] › tests\e2e\authenticated-screens.spec.ts:106:5 › friendly chat reservation opens calendar options in both Competition modes (3.4s)
[WebServer] {"timestamp":"2026-10-10T10:30:59.757Z","level":"error","environment":"production","version":"1.15.9","commitSha":null,"deploymentId":null,"region":null,"message":"auth_error","operation":"auth","outcome":"error","errorCode":"UntrustedHost","incidenceCode":"SL-ED673D1D"}
[WebServer] {"timestamp":"2026-10-10T10:30:59.894Z","level":"error","environment":"production","version":"1.15.9","commitSha":null,"deploymentId":null,"region":null,"message":"auth_error","operation":"auth","outcome":"error","errorCode":"UntrustedHost","incidenceCode":"SL-3DEE41A1"}
[WebServer] {"timestamp":"2026-10-10T10:30:59.980Z","level":"error","environment":"production","version":"1.15.9","commitSha":null,"deploymentId":null,"region":null,"message":"auth_error","operation":"auth","outcome":"error","errorCode":"UntrustedHost","incidenceCode":"SL-AC44E89A"}
[WebServer] {"timestamp":"2026-10-10T10:31:00.156Z","level":"error","environment":"production","version":"1.15.9","commitSha":null,"deploymentId":null,"region":null,"message":"auth_error","operation":"auth","outcome":"error","errorCode":"UntrustedHost","incidenceCode":"SL-97D4226D"}
  ok  8 [mobile-chromium] › tests\e2e\authenticated-screens.spec.ts:257:7 › @a11y authenticated home has no serious Axe violations (3.2s)
[WebServer] {"timestamp":"2026-10-10T10:31:02.792Z","level":"error","environment":"production","version":"1.15.9","commitSha":null,"deploymentId":null,"region":null,"message":"auth_error","operation":"auth","outcome":"error","errorCode":"UntrustedHost","incidenceCode":"SL-AC9C6A10"}
[WebServer] {"timestamp":"2026-10-10T10:31:02.901Z","level":"error","environment":"production","version":"1.15.9","commitSha":null,"deploymentId":null,"region":null,"message":"auth_error","operation":"auth","outcome":"error","errorCode":"UntrustedHost","incidenceCode":"SL-FD1A5B1C"}
  ok  9 [mobile-chromium] › tests\e2e\authenticated-screens.spec.ts:257:7 › @a11y authenticated matches has no serious Axe violations (4.9s)
[WebServer] {"timestamp":"2026-10-10T10:31:04.546Z","level":"error","environment":"production","version":"1.15.9","commitSha":null,"deploymentId":null,"region":null,"message":"auth_error","operation":"auth","outcome":"error","errorCode":"UntrustedHost","incidenceCode":"SL-F7F6DE31"}
[WebServer] {"timestamp":"2026-10-10T10:31:04.692Z","level":"error","environment":"production","version":"1.15.9","commitSha":null,"deploymentId":null,"region":null,"message":"auth_error","operation":"auth","outcome":"error","errorCode":"UntrustedHost","incidenceCode":"SL-16F7A3F9"}
  ok 10 [mobile-chromium] › tests\e2e\authenticated-screens.spec.ts:257:7 › @a11y authenticated ranking has no serious Axe violations (3.2s)
[WebServer] {"timestamp":"2026-10-10T10:31:06.161Z","level":"error","environment":"production","version":"1.15.9","commitSha":null,"deploymentId":null,"region":null,"message":"auth_error","operation":"auth","outcome":"error","errorCode":"UntrustedHost","incidenceCode":"SL-87A9C281"}
[WebServer] {"timestamp":"2026-10-10T10:31:06.332Z","level":"error","environment":"production","version":"1.15.9","commitSha":null,"deploymentId":null,"region":null,"message":"auth_error","operation":"auth","outcome":"error","errorCode":"UntrustedHost","incidenceCode":"SL-CFBFCD18"}
  ok 11 [mobile-chromium] › tests\e2e\authenticated-screens.spec.ts:257:7 › @a11y authenticated statistics has no serious Axe violations (3.1s)
[WebServer] {"timestamp":"2026-10-10T10:31:07.676Z","level":"error","environment":"production","version":"1.15.9","commitSha":null,"deploymentId":null,"region":null,"message":"auth_error","operation":"auth","outcome":"error","errorCode":"UntrustedHost","incidenceCode":"SL-FABEFEEA"}
  ok 12 [mobile-chromium] › tests\e2e\authenticated-screens.spec.ts:257:7 › @a11y authenticated settings has no serious Axe violations (3.1s)
[WebServer] {"timestamp":"2026-10-10T10:31:09.185Z","level":"error","environment":"production","version":"1.15.9","commitSha":null,"deploymentId":null,"region":null,"message":"auth_error","operation":"auth","outcome":"error","errorCode":"UntrustedHost","incidenceCode":"SL-B3E5FF59"}
  ok 13 [mobile-chromium] › tests\e2e\authenticated-screens.spec.ts:257:7 › @a11y authenticated invitation has no serious Axe violations (2.2s)
[WebServer] {"timestamp":"2026-10-10T10:31:09.959Z","level":"error","environment":"production","version":"1.15.9","commitSha":null,"deploymentId":null,"region":null,"message":"auth_error","operation":"auth","outcome":"error","errorCode":"UntrustedHost","incidenceCode":"SL-0C4AFC38"}
[WebServer] {"timestamp":"2026-10-10T10:31:10.089Z","level":"error","environment":"production","version":"1.15.9","commitSha":null,"deploymentId":null,"region":null,"message":"auth_error","operation":"auth","outcome":"error","errorCode":"UntrustedHost","incidenceCode":"SL-DC8A570B"}
  ok 15 [mobile-chromium] › tests\e2e\authenticated-screens.spec.ts:257:7 › @a11y authenticated season-summary has no serious Axe violations (2.6s)
[WebServer] {"timestamp":"2026-10-10T10:31:12.488Z","level":"error","environment":"production","version":"1.15.9","commitSha":null,"deploymentId":null,"region":null,"message":"auth_error","operation":"auth","outcome":"error","errorCode":"UntrustedHost","incidenceCode":"SL-36ABFD0D"}
  ok 14 [mobile-chromium] › tests\e2e\authenticated-screens.spec.ts:257:7 › @a11y authenticated season-admin has no serious Axe violations (4.0s)
[WebServer] {"timestamp":"2026-10-10T10:31:12.714Z","level":"error","environment":"production","version":"1.15.9","commitSha":null,"deploymentId":null,"region":null,"message":"auth_error","operation":"auth","outcome":"error","errorCode":"UntrustedHost","incidenceCode":"SL-C94CFAAD"}
  ok 16 [mobile-chromium] › tests\e2e\authenticated-screens.spec.ts:276:7 › @visual authenticated home remains stable (1.6s)
[WebServer] {"timestamp":"2026-10-10T10:31:13.955Z","level":"error","environment":"production","version":"1.15.9","commitSha":null,"deploymentId":null,"region":null,"message":"auth_error","operation":"auth","outcome":"error","errorCode":"UntrustedHost","incidenceCode":"SL-85C3E036"}
[WebServer] {"timestamp":"2026-10-10T10:31:14.240Z","level":"error","environment":"production","version":"1.15.9","commitSha":null,"deploymentId":null,"region":null,"message":"auth_error","operation":"auth","outcome":"error","errorCode":"UntrustedHost","incidenceCode":"SL-3C4EFA4F"}
[WebServer] {"timestamp":"2026-10-10T10:31:14.507Z","level":"error","environment":"production","version":"1.15.9","commitSha":null,"deploymentId":null,"region":null,"message":"auth_error","operation":"auth","outcome":"error","errorCode":"UntrustedHost","incidenceCode":"SL-E6832522"}
[WebServer] {"timestamp":"2026-10-10T10:31:14.652Z","level":"error","environment":"production","version":"1.15.9","commitSha":null,"deploymentId":null,"region":null,"message":"auth_error","operation":"auth","outcome":"error","errorCode":"UntrustedHost","incidenceCode":"SL-F34C7BE5"}
  ok 18 [mobile-chromium] › tests\e2e\authenticated-screens.spec.ts:276:7 › @visual authenticated ranking remains stable (1.6s)
  ok 17 [mobile-chromium] › tests\e2e\authenticated-screens.spec.ts:276:7 › @visual authenticated matches remains stable (2.5s)
[WebServer] {"timestamp":"2026-10-10T10:31:15.973Z","level":"error","environment":"production","version":"1.15.9","commitSha":null,"deploymentId":null,"region":null,"message":"auth_error","operation":"auth","outcome":"error","errorCode":"UntrustedHost","incidenceCode":"SL-8DF87DE9"}
[WebServer] {"timestamp":"2026-10-10T10:31:16.096Z","level":"error","environment":"production","version":"1.15.9","commitSha":null,"deploymentId":null,"region":null,"message":"auth_error","operation":"auth","outcome":"error","errorCode":"UntrustedHost","incidenceCode":"SL-498EDABC"}
[WebServer] {"timestamp":"2026-10-10T10:31:16.150Z","level":"error","environment":"production","version":"1.15.9","commitSha":null,"deploymentId":null,"region":null,"message":"auth_error","operation":"auth","outcome":"error","errorCode":"UntrustedHost","incidenceCode":"SL-4193B3E9"}
[WebServer] {"timestamp":"2026-10-10T10:31:16.350Z","level":"error","environment":"production","version":"1.15.9","commitSha":null,"deploymentId":null,"region":null,"message":"auth_error","operation":"auth","outcome":"error","errorCode":"UntrustedHost","incidenceCode":"SL-6E27C724"}
  ok 19 [mobile-chromium] › tests\e2e\authenticated-screens.spec.ts:276:7 › @visual authenticated statistics remains stable (1.8s)
  ok 20 [mobile-chromium] › tests\e2e\authenticated-screens.spec.ts:276:7 › @visual authenticated settings remains stable (1.9s)
[WebServer] {"timestamp":"2026-10-10T10:31:17.864Z","level":"error","environment":"production","version":"1.15.9","commitSha":null,"deploymentId":null,"region":null,"message":"auth_error","operation":"auth","outcome":"error","errorCode":"UntrustedHost","incidenceCode":"SL-38AC0F0D"}
[WebServer] {"timestamp":"2026-10-10T10:31:18.076Z","level":"error","environment":"production","version":"1.15.9","commitSha":null,"deploymentId":null,"region":null,"message":"auth_error","operation":"auth","outcome":"error","errorCode":"UntrustedHost","incidenceCode":"SL-2B7D9A17"}
  ok 21 [mobile-chromium] › tests\e2e\authenticated-screens.spec.ts:276:7 › @visual authenticated invitation remains stable (1.4s)
[WebServer] {"timestamp":"2026-10-10T10:31:19.111Z","level":"error","environment":"production","version":"1.15.9","commitSha":null,"deploymentId":null,"region":null,"message":"auth_error","operation":"auth","outcome":"error","errorCode":"UntrustedHost","incidenceCode":"SL-A408145B"}
[WebServer] {"timestamp":"2026-10-10T10:31:19.263Z","level":"error","environment":"production","version":"1.15.9","commitSha":null,"deploymentId":null,"region":null,"message":"auth_error","operation":"auth","outcome":"error","errorCode":"UntrustedHost","incidenceCode":"SL-3A4BE69E"}
  ok 22 [mobile-chromium] › tests\e2e\authenticated-screens.spec.ts:276:7 › @visual authenticated season-admin remains stable (2.7s)
  ok 23 [mobile-chromium] › tests\e2e\authenticated-screens.spec.ts:276:7 › @visual authenticated season-summary remains stable (1.5s)
[WebServer] {"timestamp":"2026-10-10T10:31:20.662Z","level":"error","environment":"production","version":"1.15.9","commitSha":null,"deploymentId":null,"region":null,"message":"auth_error","operation":"auth","outcome":"error","errorCode":"UntrustedHost","incidenceCode":"SL-02D0A35B"}
[WebServer] {"timestamp":"2026-10-10T10:31:20.971Z","level":"error","environment":"production","version":"1.15.9","commitSha":null,"deploymentId":null,"region":null,"message":"auth_error","operation":"auth","outcome":"error","errorCode":"UntrustedHost","incidenceCode":"SL-8987A38A"}
[WebServer] {"timestamp":"2026-10-10T10:31:20.986Z","level":"error","environment":"production","version":"1.15.9","commitSha":null,"deploymentId":null,"region":null,"message":"auth_error","operation":"auth","outcome":"error","errorCode":"UntrustedHost","incidenceCode":"SL-EF449C7E"}
[WebServer] {"timestamp":"2026-10-10T10:31:21.320Z","level":"error","environment":"production","version":"1.15.9","commitSha":null,"deploymentId":null,"region":null,"message":"auth_error","operation":"auth","outcome":"error","errorCode":"UntrustedHost","incidenceCode":"SL-D9D1B446"}
  ok 24 [mobile-chromium] › tests\e2e\authenticated-screens.spec.ts:312:5 › guided help can repeat the current screen tour (2.3s)
  ok 25 [mobile-chromium] › tests\e2e\authenticated-screens.spec.ts:325:5 › repeating the home guide skips the one-time welcome (2.2s)
[WebServer] {"timestamp":"2026-10-10T10:31:23.170Z","level":"error","environment":"production","version":"1.15.9","commitSha":null,"deploymentId":null,"region":null,"message":"auth_error","operation":"auth","outcome":"error","errorCode":"UntrustedHost","incidenceCode":"SL-B802695E"}
[WebServer] {"timestamp":"2026-10-10T10:31:23.476Z","level":"error","environment":"production","version":"1.15.9","commitSha":null,"deploymentId":null,"region":null,"message":"auth_error","operation":"auth","outcome":"error","errorCode":"UntrustedHost","incidenceCode":"SL-7C718D21"}
  ok 27 [mobile-chromium] › tests\e2e\authenticated-screens.spec.ts:448:5 › personal matches hide the whole upcoming section when there is no future match (1.7s)
  ok 26 [mobile-chromium] › tests\e2e\authenticated-screens.spec.ts:335:5 › personal matches use a separate simplified mode (2.0s)
[WebServer] {"timestamp":"2026-10-10T10:31:24.818Z","level":"error","environment":"production","version":"1.15.9","commitSha":null,"deploymentId":null,"region":null,"message":"auth_error","operation":"auth","outcome":"error","errorCode":"UntrustedHost","incidenceCode":"SL-8B8A8592"}
[WebServer] {"timestamp":"2026-10-10T10:31:24.844Z","level":"error","environment":"production","version":"1.15.9","commitSha":null,"deploymentId":null,"region":null,"message":"auth_error","operation":"auth","outcome":"error","errorCode":"UntrustedHost","incidenceCode":"SL-152CD173"}
[WebServer] {"timestamp":"2026-10-10T10:31:25.269Z","level":"error","environment":"production","version":"1.15.9","commitSha":null,"deploymentId":null,"region":null,"message":"auth_error","operation":"auth","outcome":"error","errorCode":"UntrustedHost","incidenceCode":"SL-CD04E912"}
  ok 28 [mobile-chromium] › tests\e2e\public-access.spec.ts:4:5 › opens the app without a session (1.3s)
[WebServer] {"timestamp":"2026-10-10T10:31:25.328Z","level":"error","environment":"production","version":"1.15.9","commitSha":null,"deploymentId":null,"region":null,"message":"auth_error","operation":"auth","outcome":"error","errorCode":"UntrustedHost","incidenceCode":"SL-684ED171"}
[WebServer] {"timestamp":"2026-10-10T10:31:25.792Z","level":"error","environment":"production","version":"1.15.9","commitSha":null,"deploymentId":null,"region":null,"message":"auth_error","operation":"auth","outcome":"error","errorCode":"UntrustedHost","incidenceCode":"SL-1566A793"}
[WebServer] {"timestamp":"2026-10-10T10:31:25.828Z","level":"error","environment":"production","version":"1.15.9","commitSha":null,"deploymentId":null,"region":null,"message":"auth_error","operation":"auth","outcome":"error","errorCode":"UntrustedHost","incidenceCode":"SL-E94E5F23"}
  ok 29 [mobile-chromium] › tests\e2e\public-access.spec.ts:13:5 › recovers an invitation when the installed app starts (1.9s)
[WebServer] {"timestamp":"2026-10-10T10:31:26.201Z","level":"error","environment":"production","version":"1.15.9","commitSha":null,"deploymentId":null,"region":null,"message":"auth_error","operation":"auth","outcome":"error","errorCode":"UntrustedHost","incidenceCode":"SL-7E32006E"}
[WebServer] {"timestamp":"2026-10-10T10:31:26.257Z","level":"error","environment":"production","version":"1.15.9","commitSha":null,"deploymentId":null,"region":null,"message":"auth_error","operation":"auth","outcome":"error","errorCode":"UntrustedHost","incidenceCode":"SL-A75E609A"}
  ok 30 [mobile-chromium] › tests\e2e\public-access.spec.ts:35:5 › spectator invitation opens a read-only league without signing in (1.5s)
[WebServer] {"timestamp":"2026-10-10T10:31:26.865Z","level":"error","environment":"production","version":"1.15.9","commitSha":null,"deploymentId":null,"region":null,"message":"auth_error","operation":"auth","outcome":"error","errorCode":"UntrustedHost","incidenceCode":"SL-38C3C9F9"}
[WebServer] {"timestamp":"2026-10-10T10:31:26.923Z","level":"error","environment":"production","version":"1.15.9","commitSha":null,"deploymentId":null,"region":null,"message":"auth_error","operation":"auth","outcome":"error","errorCode":"UntrustedHost","incidenceCode":"SL-7C3CCD9C"}
[WebServer] {"timestamp":"2026-10-10T10:31:27.052Z","level":"warn","environment":"production","version":"1.15.9","commitSha":null,"deploymentId":null,"region":null,"message":"auth_error_page_rendered","route":"/auth/error","method":"GET","operation":"auth_error","outcome":"shown","errorCode":"Configuration","incidenceCode":"SL-09D188B8"}
  ok 31 [mobile-chromium] › tests\e2e\public-access.spec.ts:69:5 › spectator invitation landing page renders without the authenticated app providers (1.1s)
[WebServer] {"timestamp":"2026-10-10T10:31:27.598Z","level":"error","environment":"production","version":"1.15.9","commitSha":null,"deploymentId":null,"region":null,"message":"auth_error","operation":"auth","outcome":"error","errorCode":"UntrustedHost","incidenceCode":"SL-0D344CD5"}
[WebServer] {"timestamp":"2026-10-10T10:31:27.656Z","level":"error","environment":"production","version":"1.15.9","commitSha":null,"deploymentId":null,"region":null,"message":"auth_error","operation":"auth","outcome":"error","errorCode":"UntrustedHost","incidenceCode":"SL-82743AD0"}
  ok 32 [mobile-chromium] › tests\e2e\public-access.spec.ts:97:5 › shows an actionable authentication error with an incidence code (1.1s)
[WebServer] {"timestamp":"2026-10-10T10:31:27.975Z","level":"error","environment":"production","version":"1.15.9","commitSha":null,"deploymentId":null,"region":null,"message":"auth_error","operation":"auth","outcome":"error","errorCode":"UntrustedHost","incidenceCode":"SL-D5CCEFDF"}
[WebServer] {"timestamp":"2026-10-10T10:31:28.006Z","level":"error","environment":"production","version":"1.15.9","commitSha":null,"deploymentId":null,"region":null,"message":"auth_error","operation":"auth","outcome":"error","errorCode":"UntrustedHost","incidenceCode":"SL-6742A01C"}
[WebServer] {"timestamp":"2026-10-10T10:31:28.689Z","level":"error","environment":"production","version":"1.15.9","commitSha":null,"deploymentId":null,"region":null,"message":"auth_error","operation":"auth","outcome":"error","errorCode":"UntrustedHost","incidenceCode":"SL-4FF4413E"}
[WebServer] {"timestamp":"2026-10-10T10:31:28.719Z","level":"error","environment":"production","version":"1.15.9","commitSha":null,"deploymentId":null,"region":null,"message":"auth_error","operation":"auth","outcome":"error","errorCode":"UntrustedHost","incidenceCode":"SL-2FECAF8B"}
  ok 33 [mobile-chromium] › tests\e2e\public-access.spec.ts:115:7 › @a11y public home has no serious Axe violations (2.0s)
[WebServer] {"timestamp":"2026-10-10T10:31:29.541Z","level":"warn","environment":"production","version":"1.15.9","commitSha":null,"deploymentId":null,"region":null,"message":"auth_error_page_rendered","route":"/auth/error","method":"GET","operation":"auth_error","outcome":"shown","errorCode":"Configuration","incidenceCode":"SL-36E8FE8D"}
[WebServer] {"timestamp":"2026-10-10T10:31:29.958Z","level":"error","environment":"production","version":"1.15.9","commitSha":null,"deploymentId":null,"region":null,"message":"auth_error","operation":"auth","outcome":"error","errorCode":"UntrustedHost","incidenceCode":"SL-13DF3D36"}
[WebServer] {"timestamp":"2026-10-10T10:31:29.986Z","level":"error","environment":"production","version":"1.15.9","commitSha":null,"deploymentId":null,"region":null,"message":"auth_error","operation":"auth","outcome":"error","errorCode":"UntrustedHost","incidenceCode":"SL-09E01D8D"}
  ok 34 [mobile-chromium] › tests\e2e\public-access.spec.ts:115:7 › @a11y about has no serious Axe violations (2.2s)
[WebServer] {"timestamp":"2026-10-10T10:31:30.745Z","level":"error","environment":"production","version":"1.15.9","commitSha":null,"deploymentId":null,"region":null,"message":"auth_error","operation":"auth","outcome":"error","errorCode":"UntrustedHost","incidenceCode":"SL-F45AC56E"}
[WebServer] {"timestamp":"2026-10-10T10:31:30.824Z","level":"error","environment":"production","version":"1.15.9","commitSha":null,"deploymentId":null,"region":null,"message":"auth_error","operation":"auth","outcome":"error","errorCode":"UntrustedHost","incidenceCode":"SL-7CA21D60"}
  ok 35 [mobile-chromium] › tests\e2e\public-access.spec.ts:115:7 › @a11y authentication error has no serious Axe violations (1.7s)
  ok 36 [mobile-chromium] › tests\e2e\public-access.spec.ts:126:5 › @visual anonymous home remains stable (992ms)
[WebServer] {"timestamp":"2026-10-10T10:31:31.273Z","level":"warn","environment":"production","version":"1.15.9","commitSha":null,"deploymentId":null,"region":null,"message":"auth_error_page_rendered","route":"/auth/error","method":"GET","operation":"auth_error","outcome":"shown","errorCode":"Configuration","incidenceCode":"SL-CC367DBE"}
[WebServer] {"timestamp":"2026-10-10T10:31:31.776Z","level":"error","environment":"production","version":"1.15.9","commitSha":null,"deploymentId":null,"region":null,"message":"auth_error","operation":"auth","outcome":"error","errorCode":"UntrustedHost","incidenceCode":"SL-92423F47"}
[WebServer] {"timestamp":"2026-10-10T10:31:31.817Z","level":"error","environment":"production","version":"1.15.9","commitSha":null,"deploymentId":null,"region":null,"message":"auth_error","operation":"auth","outcome":"error","errorCode":"UntrustedHost","incidenceCode":"SL-A7C8531A"}
  ok 37 [mobile-chromium] › tests\e2e\public-access.spec.ts:138:5 › @visual authentication error remains stable (1.0s)
(node:14204) Warning: The 'NO_COLOR' env is ignored due to the 'FORCE_COLOR' env being set.
(Use `node --trace-warnings ...` to show where the warning was created)
(node:18220) Warning: The 'NO_COLOR' env is ignored due to the 'FORCE_COLOR' env being set.
(Use `node --trace-warnings ...` to show where the warning was created)
[WebServer] {"timestamp":"2026-10-10T10:31:37.518Z","level":"error","environment":"production","version":"1.15.9","commitSha":null,"deploymentId":null,"region":null,"message":"auth_error","operation":"auth","outcome":"error","errorCode":"UntrustedHost","incidenceCode":"SL-34501A84"}
[WebServer] {"timestamp":"2026-10-10T10:31:38.059Z","level":"error","environment":"production","version":"1.15.9","commitSha":null,"deploymentId":null,"region":null,"message":"auth_error","operation":"auth","outcome":"error","errorCode":"UntrustedHost","incidenceCode":"SL-27EBDBCE"}
  ok 38 [desktop-chromium] › tests\e2e\authenticated-screens.spec.ts:17:5 › welcome pack uses the final overgrip design and prints a full A4 sheet (2.8s)
  ok 39 [desktop-chromium] › tests\e2e\authenticated-screens.spec.ts:32:5 › welcome pack selects sticker designs and prints them together on one A4 sheet (3.5s)
[WebServer] {"timestamp":"2026-10-10T10:31:40.793Z","level":"error","environment":"production","version":"1.15.9","commitSha":null,"deploymentId":null,"region":null,"message":"auth_error","operation":"auth","outcome":"error","errorCode":"UntrustedHost","incidenceCode":"SL-158E7C5A"}
  ok 40 [desktop-chromium] › tests\e2e\authenticated-screens.spec.ts:54:5 › cached league access waits until the initial snapshot request finishes (1.9s)
[WebServer] {"timestamp":"2026-10-10T10:31:41.463Z","level":"error","environment":"production","version":"1.15.9","commitSha":null,"deploymentId":null,"region":null,"message":"auth_error","operation":"auth","outcome":"error","errorCode":"UntrustedHost","incidenceCode":"SL-455A89C0"}
[WebServer] {"timestamp":"2026-10-10T10:31:42.146Z","level":"error","environment":"production","version":"1.15.9","commitSha":null,"deploymentId":null,"region":null,"message":"auth_error","operation":"auth","outcome":"error","errorCode":"UntrustedHost","incidenceCode":"SL-F3755C21"}
[WebServer] {"timestamp":"2026-10-10T10:31:42.643Z","level":"error","environment":"production","version":"1.15.9","commitSha":null,"deploymentId":null,"region":null,"message":"auth_error","operation":"auth","outcome":"error","errorCode":"UntrustedHost","incidenceCode":"SL-F1684F95"}
  ok 42 [desktop-chromium] › tests\e2e\authenticated-screens.spec.ts:99:5 › calendar view selector fits without horizontal scrolling (1.8s)
[WebServer] {"timestamp":"2026-10-10T10:31:42.914Z","level":"error","environment":"production","version":"1.15.9","commitSha":null,"deploymentId":null,"region":null,"message":"auth_error","operation":"auth","outcome":"error","errorCode":"UntrustedHost","incidenceCode":"SL-EA0615A8"}
  ok 41 [desktop-chromium] › tests\e2e\authenticated-screens.spec.ts:65:5 › proposal votes wait for confirmation, prevent duplicate writes and survive reload (3.3s)
[WebServer] {"timestamp":"2026-10-10T10:31:44.001Z","level":"error","environment":"production","version":"1.15.9","commitSha":null,"deploymentId":null,"region":null,"message":"auth_error","operation":"auth","outcome":"error","errorCode":"UntrustedHost","incidenceCode":"SL-1F95AAD4"}
[WebServer] {"timestamp":"2026-10-10T10:31:44.805Z","level":"error","environment":"production","version":"1.15.9","commitSha":null,"deploymentId":null,"region":null,"message":"auth_error","operation":"auth","outcome":"error","errorCode":"UntrustedHost","incidenceCode":"SL-6E1B961D"}
[WebServer] {"timestamp":"2026-10-10T10:31:45.192Z","level":"error","environment":"production","version":"1.15.9","commitSha":null,"deploymentId":null,"region":null,"message":"auth_error","operation":"auth","outcome":"error","errorCode":"UntrustedHost","incidenceCode":"SL-BB48A86F"}
[WebServer] {"timestamp":"2026-10-10T10:31:45.823Z","level":"error","environment":"production","version":"1.15.9","commitSha":null,"deploymentId":null,"region":null,"message":"auth_error","operation":"auth","outcome":"error","errorCode":"UntrustedHost","incidenceCode":"SL-6F70225F"}
  ok 43 [desktop-chromium] › tests\e2e\authenticated-screens.spec.ts:106:5 › friendly chat reservation opens calendar options in both Competition modes (3.8s)
  ok 44 [desktop-chromium] › tests\e2e\authenticated-screens.spec.ts:129:5 › league spectator share shows a downloadable QR and shares the league link (3.7s)
[WebServer] {"timestamp":"2026-10-10T10:31:47.827Z","level":"error","environment":"production","version":"1.15.9","commitSha":null,"deploymentId":null,"region":null,"message":"auth_error","operation":"auth","outcome":"error","errorCode":"UntrustedHost","incidenceCode":"SL-EE8FE8E0"}
[WebServer] {"timestamp":"2026-10-10T10:31:48.131Z","level":"error","environment":"production","version":"1.15.9","commitSha":null,"deploymentId":null,"region":null,"message":"auth_error","operation":"auth","outcome":"error","errorCode":"UntrustedHost","incidenceCode":"SL-D3BACC7A"}
[WebServer] {"timestamp":"2026-10-10T10:31:48.426Z","level":"error","environment":"production","version":"1.15.9","commitSha":null,"deploymentId":null,"region":null,"message":"auth_error","operation":"auth","outcome":"error","errorCode":"UntrustedHost","incidenceCode":"SL-898695AE"}
[WebServer] {"timestamp":"2026-10-10T10:31:48.818Z","level":"error","environment":"production","version":"1.15.9","commitSha":null,"deploymentId":null,"region":null,"message":"auth_error","operation":"auth","outcome":"error","errorCode":"UntrustedHost","incidenceCode":"SL-19143B13"}
  ok 45 [desktop-chromium] › tests\e2e\authenticated-screens.spec.ts:257:7 › @a11y authenticated home has no serious Axe violations (3.8s)
[WebServer] {"timestamp":"2026-10-10T10:31:51.136Z","level":"error","environment":"production","version":"1.15.9","commitSha":null,"deploymentId":null,"region":null,"message":"auth_error","operation":"auth","outcome":"error","errorCode":"UntrustedHost","incidenceCode":"SL-C96D16D2"}
[WebServer] {"timestamp":"2026-10-10T10:31:51.283Z","level":"error","environment":"production","version":"1.15.9","commitSha":null,"deploymentId":null,"region":null,"message":"auth_error","operation":"auth","outcome":"error","errorCode":"UntrustedHost","incidenceCode":"SL-2F7249D2"}
  ok 46 [desktop-chromium] › tests\e2e\authenticated-screens.spec.ts:257:7 › @a11y authenticated matches has no serious Axe violations (5.6s)
[WebServer] {"timestamp":"2026-10-10T10:31:53.436Z","level":"error","environment":"production","version":"1.15.9","commitSha":null,"deploymentId":null,"region":null,"message":"auth_error","operation":"auth","outcome":"error","errorCode":"UntrustedHost","incidenceCode":"SL-4EFEF9CF"}
  ok 47 [desktop-chromium] › tests\e2e\authenticated-screens.spec.ts:257:7 › @a11y authenticated ranking has no serious Axe violations (2.9s)
[WebServer] {"timestamp":"2026-10-10T10:31:53.580Z","level":"error","environment":"production","version":"1.15.9","commitSha":null,"deploymentId":null,"region":null,"message":"auth_error","operation":"auth","outcome":"error","errorCode":"UntrustedHost","incidenceCode":"SL-D5B7C9C1"}
[WebServer] {"timestamp":"2026-10-10T10:31:54.326Z","level":"error","environment":"production","version":"1.15.9","commitSha":null,"deploymentId":null,"region":null,"message":"auth_error","operation":"auth","outcome":"error","errorCode":"UntrustedHost","incidenceCode":"SL-478AF803"}
[WebServer] {"timestamp":"2026-10-10T10:31:54.483Z","level":"error","environment":"production","version":"1.15.9","commitSha":null,"deploymentId":null,"region":null,"message":"auth_error","operation":"auth","outcome":"error","errorCode":"UntrustedHost","incidenceCode":"SL-7D40C09D"}
  ok 48 [desktop-chromium] › tests\e2e\authenticated-screens.spec.ts:257:7 › @a11y authenticated statistics has no serious Axe violations (2.7s)
[WebServer] {"timestamp":"2026-10-10T10:31:56.084Z","level":"error","environment":"production","version":"1.15.9","commitSha":null,"deploymentId":null,"region":null,"message":"auth_error","operation":"auth","outcome":"error","errorCode":"UntrustedHost","incidenceCode":"SL-1F249B2B"}
  ok 49 [desktop-chromium] › tests\e2e\authenticated-screens.spec.ts:257:7 › @a11y authenticated settings has no serious Axe violations (3.0s)
[WebServer] {"timestamp":"2026-10-10T10:31:57.036Z","level":"error","environment":"production","version":"1.15.9","commitSha":null,"deploymentId":null,"region":null,"message":"auth_error","operation":"auth","outcome":"error","errorCode":"UntrustedHost","incidenceCode":"SL-243FEA24"}
  ok 50 [desktop-chromium] › tests\e2e\authenticated-screens.spec.ts:257:7 › @a11y authenticated invitation has no serious Axe violations (2.0s)
[WebServer] {"timestamp":"2026-10-10T10:31:58.116Z","level":"error","environment":"production","version":"1.15.9","commitSha":null,"deploymentId":null,"region":null,"message":"auth_error","operation":"auth","outcome":"error","errorCode":"UntrustedHost","incidenceCode":"SL-7B37A08F"}
[WebServer] {"timestamp":"2026-10-10T10:31:58.236Z","level":"error","environment":"production","version":"1.15.9","commitSha":null,"deploymentId":null,"region":null,"message":"auth_error","operation":"auth","outcome":"error","errorCode":"UntrustedHost","incidenceCode":"SL-818B9CB0"}
  ok 52 [desktop-chromium] › tests\e2e\authenticated-screens.spec.ts:257:7 › @a11y authenticated season-summary has no serious Axe violations (2.2s)
  ok 51 [desktop-chromium] › tests\e2e\authenticated-screens.spec.ts:257:7 › @a11y authenticated season-admin has no serious Axe violations (3.2s)
[WebServer] {"timestamp":"2026-10-10T10:32:00.501Z","level":"error","environment":"production","version":"1.15.9","commitSha":null,"deploymentId":null,"region":null,"message":"auth_error","operation":"auth","outcome":"error","errorCode":"UntrustedHost","incidenceCode":"SL-966C3712"}
[WebServer] {"timestamp":"2026-10-10T10:32:00.716Z","level":"error","environment":"production","version":"1.15.9","commitSha":null,"deploymentId":null,"region":null,"message":"auth_error","operation":"auth","outcome":"error","errorCode":"UntrustedHost","incidenceCode":"SL-360FFD89"}
[WebServer] {"timestamp":"2026-10-10T10:32:00.754Z","level":"error","environment":"production","version":"1.15.9","commitSha":null,"deploymentId":null,"region":null,"message":"auth_error","operation":"auth","outcome":"error","errorCode":"UntrustedHost","incidenceCode":"SL-B45E880C"}
[WebServer] {"timestamp":"2026-10-10T10:32:01.094Z","level":"error","environment":"production","version":"1.15.9","commitSha":null,"deploymentId":null,"region":null,"message":"auth_error","operation":"auth","outcome":"error","errorCode":"UntrustedHost","incidenceCode":"SL-81B352A2"}
  ok 53 [desktop-chromium] › tests\e2e\authenticated-screens.spec.ts:276:7 › @visual authenticated home remains stable (1.8s)
[WebServer] {"timestamp":"2026-10-10T10:32:02.171Z","level":"error","environment":"production","version":"1.15.9","commitSha":null,"deploymentId":null,"region":null,"message":"auth_error","operation":"auth","outcome":"error","errorCode":"UntrustedHost","incidenceCode":"SL-6687864E"}
[WebServer] {"timestamp":"2026-10-10T10:32:02.294Z","level":"error","environment":"production","version":"1.15.9","commitSha":null,"deploymentId":null,"region":null,"message":"auth_error","operation":"auth","outcome":"error","errorCode":"UntrustedHost","incidenceCode":"SL-7DA1DC0C"}
  ok 54 [desktop-chromium] › tests\e2e\authenticated-screens.spec.ts:276:7 › @visual authenticated matches remains stable (2.6s)
  ok 55 [desktop-chromium] › tests\e2e\authenticated-screens.spec.ts:276:7 › @visual authenticated ranking remains stable (1.4s)
[WebServer] {"timestamp":"2026-10-10T10:32:03.182Z","level":"error","environment":"production","version":"1.15.9","commitSha":null,"deploymentId":null,"region":null,"message":"auth_error","operation":"auth","outcome":"error","errorCode":"UntrustedHost","incidenceCode":"SL-79B01AFA"}
[WebServer] {"timestamp":"2026-10-10T10:32:03.392Z","level":"error","environment":"production","version":"1.15.9","commitSha":null,"deploymentId":null,"region":null,"message":"auth_error","operation":"auth","outcome":"error","errorCode":"UntrustedHost","incidenceCode":"SL-4603744F"}
[WebServer] {"timestamp":"2026-10-10T10:32:03.960Z","level":"error","environment":"production","version":"1.15.9","commitSha":null,"deploymentId":null,"region":null,"message":"auth_error","operation":"auth","outcome":"error","errorCode":"UntrustedHost","incidenceCode":"SL-B81DFB12"}
[WebServer] {"timestamp":"2026-10-10T10:32:04.100Z","level":"error","environment":"production","version":"1.15.9","commitSha":null,"deploymentId":null,"region":null,"message":"auth_error","operation":"auth","outcome":"error","errorCode":"UntrustedHost","incidenceCode":"SL-139665A5"}
  ok 56 [desktop-chromium] › tests\e2e\authenticated-screens.spec.ts:276:7 › @visual authenticated statistics remains stable (1.6s)
[WebServer] {"timestamp":"2026-10-10T10:32:04.943Z","level":"error","environment":"production","version":"1.15.9","commitSha":null,"deploymentId":null,"region":null,"message":"auth_error","operation":"auth","outcome":"error","errorCode":"UntrustedHost","incidenceCode":"SL-0C770854"}
  ok 57 [desktop-chromium] › tests\e2e\authenticated-screens.spec.ts:276:7 › @visual authenticated settings remains stable (2.2s)
  ok 58 [desktop-chromium] › tests\e2e\authenticated-screens.spec.ts:276:7 › @visual authenticated invitation remains stable (1.2s)
[WebServer] {"timestamp":"2026-10-10T10:32:06.148Z","level":"error","environment":"production","version":"1.15.9","commitSha":null,"deploymentId":null,"region":null,"message":"auth_error","operation":"auth","outcome":"error","errorCode":"UntrustedHost","incidenceCode":"SL-A6F0AE6E"}
[WebServer] {"timestamp":"2026-10-10T10:32:06.400Z","level":"error","environment":"production","version":"1.15.9","commitSha":null,"deploymentId":null,"region":null,"message":"auth_error","operation":"auth","outcome":"error","errorCode":"UntrustedHost","incidenceCode":"SL-92DE6A59"}
[WebServer] {"timestamp":"2026-10-10T10:32:06.657Z","level":"error","environment":"production","version":"1.15.9","commitSha":null,"deploymentId":null,"region":null,"message":"auth_error","operation":"auth","outcome":"error","errorCode":"UntrustedHost","incidenceCode":"SL-26DAD45A"}
  ok 60 [desktop-chromium] › tests\e2e\authenticated-screens.spec.ts:276:7 › @visual authenticated season-summary remains stable (2.1s)
[WebServer] {"timestamp":"2026-10-10T10:32:08.325Z","level":"error","environment":"production","version":"1.15.9","commitSha":null,"deploymentId":null,"region":null,"message":"auth_error","operation":"auth","outcome":"error","errorCode":"UntrustedHost","incidenceCode":"SL-D73F58CA"}
[WebServer] {"timestamp":"2026-10-10T10:32:08.618Z","level":"error","environment":"production","version":"1.15.9","commitSha":null,"deploymentId":null,"region":null,"message":"auth_error","operation":"auth","outcome":"error","errorCode":"UntrustedHost","incidenceCode":"SL-BE51F477"}
  ok 61 [desktop-chromium] › tests\e2e\authenticated-screens.spec.ts:312:5 › guided help can repeat the current screen tour (2.0s)
  ok 59 [desktop-chromium] › tests\e2e\authenticated-screens.spec.ts:276:7 › @visual authenticated season-admin remains stable (4.8s)
[WebServer] {"timestamp":"2026-10-10T10:32:10.333Z","level":"error","environment":"production","version":"1.15.9","commitSha":null,"deploymentId":null,"region":null,"message":"auth_error","operation":"auth","outcome":"error","errorCode":"UntrustedHost","incidenceCode":"SL-88FB39C6"}
[WebServer] {"timestamp":"2026-10-10T10:32:10.632Z","level":"error","environment":"production","version":"1.15.9","commitSha":null,"deploymentId":null,"region":null,"message":"auth_error","operation":"auth","outcome":"error","errorCode":"UntrustedHost","incidenceCode":"SL-11178E2F"}
[WebServer] {"timestamp":"2026-10-10T10:32:11.029Z","level":"error","environment":"production","version":"1.15.9","commitSha":null,"deploymentId":null,"region":null,"message":"auth_error","operation":"auth","outcome":"error","errorCode":"UntrustedHost","incidenceCode":"SL-ECAAEAF2"}
  ok 62 [desktop-chromium] › tests\e2e\authenticated-screens.spec.ts:325:5 › repeating the home guide skips the one-time welcome (2.1s)
  ok 63 [desktop-chromium] › tests\e2e\authenticated-screens.spec.ts:335:5 › personal matches use a separate simplified mode (1.8s)
[WebServer] {"timestamp":"2026-10-10T10:32:12.908Z","level":"error","environment":"production","version":"1.15.9","commitSha":null,"deploymentId":null,"region":null,"message":"auth_error","operation":"auth","outcome":"error","errorCode":"UntrustedHost","incidenceCode":"SL-31D19975"}
[WebServer] {"timestamp":"2026-10-10T10:32:13.287Z","level":"error","environment":"production","version":"1.15.9","commitSha":null,"deploymentId":null,"region":null,"message":"auth_error","operation":"auth","outcome":"error","errorCode":"UntrustedHost","incidenceCode":"SL-9A037F18"}
[WebServer] {"timestamp":"2026-10-10T10:32:13.307Z","level":"error","environment":"production","version":"1.15.9","commitSha":null,"deploymentId":null,"region":null,"message":"auth_error","operation":"auth","outcome":"error","errorCode":"UntrustedHost","incidenceCode":"SL-7F1DBCEE"}
  ok 64 [desktop-chromium] › tests\e2e\authenticated-screens.spec.ts:448:5 › personal matches hide the whole upcoming section when there is no future match (1.8s)
  ok 65 [desktop-chromium] › tests\e2e\public-access.spec.ts:4:5 › opens the app without a session (1.8s)
[WebServer] {"timestamp":"2026-10-10T10:32:14.223Z","level":"error","environment":"production","version":"1.15.9","commitSha":null,"deploymentId":null,"region":null,"message":"auth_error","operation":"auth","outcome":"error","errorCode":"UntrustedHost","incidenceCode":"SL-61C4D70E"}
[WebServer] {"timestamp":"2026-10-10T10:32:14.288Z","level":"error","environment":"production","version":"1.15.9","commitSha":null,"deploymentId":null,"region":null,"message":"auth_error","operation":"auth","outcome":"error","errorCode":"UntrustedHost","incidenceCode":"SL-0FB4543C"}
[WebServer] {"timestamp":"2026-10-10T10:32:14.362Z","level":"error","environment":"production","version":"1.15.9","commitSha":null,"deploymentId":null,"region":null,"message":"auth_error","operation":"auth","outcome":"error","errorCode":"UntrustedHost","incidenceCode":"SL-FB0E108C"}
[WebServer] {"timestamp":"2026-10-10T10:32:14.473Z","level":"error","environment":"production","version":"1.15.9","commitSha":null,"deploymentId":null,"region":null,"message":"auth_error","operation":"auth","outcome":"error","errorCode":"UntrustedHost","incidenceCode":"SL-736380C6"}
[WebServer] {"timestamp":"2026-10-10T10:32:14.760Z","level":"error","environment":"production","version":"1.15.9","commitSha":null,"deploymentId":null,"region":null,"message":"auth_error","operation":"auth","outcome":"error","errorCode":"UntrustedHost","incidenceCode":"SL-23911C0A"}
[WebServer] {"timestamp":"2026-10-10T10:32:14.798Z","level":"error","environment":"production","version":"1.15.9","commitSha":null,"deploymentId":null,"region":null,"message":"auth_error","operation":"auth","outcome":"error","errorCode":"UntrustedHost","incidenceCode":"SL-6B0BFA17"}
  ok 66 [desktop-chromium] › tests\e2e\public-access.spec.ts:13:5 › recovers an invitation when the installed app starts (1.6s)
  ok 67 [desktop-chromium] › tests\e2e\public-access.spec.ts:35:5 › spectator invitation opens a read-only league without signing in (1.5s)
[WebServer] {"timestamp":"2026-10-10T10:32:15.271Z","level":"warn","environment":"production","version":"1.15.9","commitSha":null,"deploymentId":null,"region":null,"message":"auth_error_page_rendered","route":"/auth/error","method":"GET","operation":"auth_error","outcome":"shown","errorCode":"Configuration","incidenceCode":"SL-DB5D5EFD"}
[WebServer] {"timestamp":"2026-10-10T10:32:15.922Z","level":"error","environment":"production","version":"1.15.9","commitSha":null,"deploymentId":null,"region":null,"message":"auth_error","operation":"auth","outcome":"error","errorCode":"UntrustedHost","incidenceCode":"SL-E52C398A"}
[WebServer] {"timestamp":"2026-10-10T10:32:15.958Z","level":"error","environment":"production","version":"1.15.9","commitSha":null,"deploymentId":null,"region":null,"message":"auth_error","operation":"auth","outcome":"error","errorCode":"UntrustedHost","incidenceCode":"SL-EFB705F0"}
[WebServer] {"timestamp":"2026-10-10T10:32:15.968Z","level":"error","environment":"production","version":"1.15.9","commitSha":null,"deploymentId":null,"region":null,"message":"auth_error","operation":"auth","outcome":"error","errorCode":"UntrustedHost","incidenceCode":"SL-5A4C43AC"}
[WebServer] {"timestamp":"2026-10-10T10:32:16.006Z","level":"error","environment":"production","version":"1.15.9","commitSha":null,"deploymentId":null,"region":null,"message":"auth_error","operation":"auth","outcome":"error","errorCode":"UntrustedHost","incidenceCode":"SL-973B733D"}
  ok 69 [desktop-chromium] › tests\e2e\public-access.spec.ts:97:5 › shows an actionable authentication error with an incidence code (1.1s)
  ok 68 [desktop-chromium] › tests\e2e\public-access.spec.ts:69:5 › spectator invitation landing page renders without the authenticated app providers (1.2s)
[WebServer] {"timestamp":"2026-10-10T10:32:16.866Z","level":"error","environment":"production","version":"1.15.9","commitSha":null,"deploymentId":null,"region":null,"message":"auth_error","operation":"auth","outcome":"error","errorCode":"UntrustedHost","incidenceCode":"SL-C5983121"}
[WebServer] {"timestamp":"2026-10-10T10:32:16.889Z","level":"error","environment":"production","version":"1.15.9","commitSha":null,"deploymentId":null,"region":null,"message":"auth_error","operation":"auth","outcome":"error","errorCode":"UntrustedHost","incidenceCode":"SL-010C7CFA"}
[WebServer] {"timestamp":"2026-10-10T10:32:16.926Z","level":"error","environment":"production","version":"1.15.9","commitSha":null,"deploymentId":null,"region":null,"message":"auth_error","operation":"auth","outcome":"error","errorCode":"UntrustedHost","incidenceCode":"SL-F0DC7C0F"}
[WebServer] {"timestamp":"2026-10-10T10:32:16.958Z","level":"error","environment":"production","version":"1.15.9","commitSha":null,"deploymentId":null,"region":null,"message":"auth_error","operation":"auth","outcome":"error","errorCode":"UntrustedHost","incidenceCode":"SL-0B6ABE8D"}
  ok 70 [desktop-chromium] › tests\e2e\public-access.spec.ts:115:7 › @a11y public home has no serious Axe violations (1.8s)
[WebServer] {"timestamp":"2026-10-10T10:32:18.068Z","level":"warn","environment":"production","version":"1.15.9","commitSha":null,"deploymentId":null,"region":null,"message":"auth_error_page_rendered","route":"/auth/error","method":"GET","operation":"auth_error","outcome":"shown","errorCode":"Configuration","incidenceCode":"SL-1132C47C"}
  ok 71 [desktop-chromium] › tests\e2e\public-access.spec.ts:115:7 › @a11y about has no serious Axe violations (2.0s)
[WebServer] {"timestamp":"2026-10-10T10:32:18.588Z","level":"error","environment":"production","version":"1.15.9","commitSha":null,"deploymentId":null,"region":null,"message":"auth_error","operation":"auth","outcome":"error","errorCode":"UntrustedHost","incidenceCode":"SL-EBC45E7C"}
[WebServer] {"timestamp":"2026-10-10T10:32:18.614Z","level":"error","environment":"production","version":"1.15.9","commitSha":null,"deploymentId":null,"region":null,"message":"auth_error","operation":"auth","outcome":"error","errorCode":"UntrustedHost","incidenceCode":"SL-ED2256D3"}
[WebServer] {"timestamp":"2026-10-10T10:32:18.855Z","level":"error","environment":"production","version":"1.15.9","commitSha":null,"deploymentId":null,"region":null,"message":"auth_error","operation":"auth","outcome":"error","errorCode":"UntrustedHost","incidenceCode":"SL-981A2F4C"}
[WebServer] {"timestamp":"2026-10-10T10:32:18.913Z","level":"error","environment":"production","version":"1.15.9","commitSha":null,"deploymentId":null,"region":null,"message":"auth_error","operation":"auth","outcome":"error","errorCode":"UntrustedHost","incidenceCode":"SL-6A619657"}
  ok 73 [desktop-chromium] › tests\e2e\public-access.spec.ts:126:5 › @visual anonymous home remains stable (1.1s)
[WebServer] {"timestamp":"2026-10-10T10:32:19.427Z","level":"warn","environment":"production","version":"1.15.9","commitSha":null,"deploymentId":null,"region":null,"message":"auth_error_page_rendered","route":"/auth/error","method":"GET","operation":"auth_error","outcome":"shown","errorCode":"Configuration","incidenceCode":"SL-46F20CE0"}
  ok 72 [desktop-chromium] › tests\e2e\public-access.spec.ts:115:7 › @a11y authentication error has no serious Axe violations (1.8s)
[WebServer] {"timestamp":"2026-10-10T10:32:19.844Z","level":"error","environment":"production","version":"1.15.9","commitSha":null,"deploymentId":null,"region":null,"message":"auth_error","operation":"auth","outcome":"error","errorCode":"UntrustedHost","incidenceCode":"SL-444FF32F"}
[WebServer] {"timestamp":"2026-10-10T10:32:19.894Z","level":"error","environment":"production","version":"1.15.9","commitSha":null,"deploymentId":null,"region":null,"message":"auth_error","operation":"auth","outcome":"error","errorCode":"UntrustedHost","incidenceCode":"SL-3BEE5167"}
  ok 74 [desktop-chromium] › tests\e2e\public-access.spec.ts:138:5 › @visual authentication error remains stable (989ms)
(node:5096) Warning: The 'NO_COLOR' env is ignored due to the 'FORCE_COLOR' env being set.
(Use `node --trace-warnings ...` to show where the warning was created)
(node:19268) Warning: The 'NO_COLOR' env is ignored due to the 'FORCE_COLOR' env being set.
(Use `node --trace-warnings ...` to show where the warning was created)
[WebServer] {"timestamp":"2026-10-10T10:32:22.441Z","level":"error","environment":"production","version":"1.15.9","commitSha":null,"deploymentId":null,"region":null,"message":"auth_error","operation":"auth","outcome":"error","errorCode":"UntrustedHost","incidenceCode":"SL-7C869A3E"}
[WebServer] {"timestamp":"2026-10-10T10:32:22.742Z","level":"error","environment":"production","version":"1.15.9","commitSha":null,"deploymentId":null,"region":null,"message":"auth_error","operation":"auth","outcome":"error","errorCode":"UntrustedHost","incidenceCode":"SL-A3334EAE"}
[WebServer] {"timestamp":"2026-10-10T10:32:22.780Z","level":"error","environment":"production","version":"1.15.9","commitSha":null,"deploymentId":null,"region":null,"message":"auth_error","operation":"auth","outcome":"error","errorCode":"UntrustedHost","incidenceCode":"SL-8D367A77"}
[WebServer] {"timestamp":"2026-10-10T10:32:23.946Z","level":"error","environment":"production","version":"1.15.9","commitSha":null,"deploymentId":null,"region":null,"message":"auth_error","operation":"auth","outcome":"error","errorCode":"UntrustedHost","incidenceCode":"SL-2A94D67E"}
[WebServer] {"timestamp":"2026-10-10T10:32:23.980Z","level":"error","environment":"production","version":"1.15.9","commitSha":null,"deploymentId":null,"region":null,"message":"auth_error","operation":"auth","outcome":"error","errorCode":"UntrustedHost","incidenceCode":"SL-B2DFB4E7"}
  ok 75 [pwa-chromium] › tests\e2e\pwa-offline.spec.ts:3:5 › keeps an authenticated session behind the offline fallback until a full retry (2.7s)
  ok 76 [pwa-chromium] › tests\e2e\pwa-offline.spec.ts:93:5 › redirects a fresh offline launch to the cached fallback (2.5s)

  76 passed (2.0m)
