
> smash-lob@1.15.9 test:e2e
> playwright test

[WebServer] (node:17716) Warning: The 'NO_COLOR' env is ignored due to the 'FORCE_COLOR' env being set.
[WebServer] (Use `node --trace-warnings ...` to show where the warning was created)
[WebServer] (node:17716) Warning: The 'NO_COLOR' env is ignored due to the 'FORCE_COLOR' env being set.
[WebServer] (Use `node --trace-warnings ...` to show where the warning was created)
[WebServer] (node:19856) Warning: The 'NO_COLOR' env is ignored due to the 'FORCE_COLOR' env being set.
[WebServer] (Use `node --trace-warnings ...` to show where the warning was created)
[WebServer] (node:2368) Warning: The 'NO_COLOR' env is ignored due to the 'FORCE_COLOR' env being set.
[WebServer] (Use `node --trace-warnings ...` to show where the warning was created)
[WebServer] (node:17916) Warning: The 'NO_COLOR' env is ignored due to the 'FORCE_COLOR' env being set.
[WebServer] (Use `node --trace-warnings ...` to show where the warning was created)
[WebServer] (node:7760) Warning: The 'NO_COLOR' env is ignored due to the 'FORCE_COLOR' env being set.
[WebServer] (Use `node --trace-warnings ...` to show where the warning was created)
[WebServer] (node:19928) Warning: The 'NO_COLOR' env is ignored due to the 'FORCE_COLOR' env being set.
[WebServer] (Use `node --trace-warnings ...` to show where the warning was created)
[WebServer] (node:7924) Warning: The 'NO_COLOR' env is ignored due to the 'FORCE_COLOR' env being set.
[WebServer] (Use `node --trace-warnings ...` to show where the warning was created)
[WebServer] (node:20236) Warning: The 'NO_COLOR' env is ignored due to the 'FORCE_COLOR' env being set.
[WebServer] (Use `node --trace-warnings ...` to show where the warning was created)
[WebServer] (node:10580) Warning: The 'NO_COLOR' env is ignored due to the 'FORCE_COLOR' env being set.
[WebServer] (Use `node --trace-warnings ...` to show where the warning was created)
[WebServer] (node:20200) Warning: The 'NO_COLOR' env is ignored due to the 'FORCE_COLOR' env being set.
[WebServer] (Use `node --trace-warnings ...` to show where the warning was created)

Running 76 tests using 2 workers

(node:3060) Warning: The 'NO_COLOR' env is ignored due to the 'FORCE_COLOR' env being set.
(Use `node --trace-warnings ...` to show where the warning was created)
(node:16880) Warning: The 'NO_COLOR' env is ignored due to the 'FORCE_COLOR' env being set.
(Use `node --trace-warnings ...` to show where the warning was created)
[WebServer] {"timestamp":"2026-10-10T17:54:36.863Z","level":"error","environment":"production","version":"1.15.9","commitSha":null,"deploymentId":null,"region":null,"message":"auth_error","operation":"auth","outcome":"error","errorCode":"UntrustedHost","incidenceCode":"SL-A833C237"}
[WebServer] {"timestamp":"2026-10-10T17:54:36.905Z","level":"error","environment":"production","version":"1.15.9","commitSha":null,"deploymentId":null,"region":null,"message":"auth_error","operation":"auth","outcome":"error","errorCode":"UntrustedHost","incidenceCode":"SL-BD6D14EB"}
  ok  2 [mobile-chromium] › tests\e2e\authenticated-screens.spec.ts:17:5 › welcome pack uses the final overgrip design and prints a full A4 sheet (3.0s)
  ok  1 [mobile-chromium] › tests\e2e\authenticated-screens.spec.ts:32:5 › welcome pack selects sticker designs and prints them together on one A4 sheet (3.0s)
[WebServer] {"timestamp":"2026-10-10T17:54:40.632Z","level":"error","environment":"production","version":"1.15.9","commitSha":null,"deploymentId":null,"region":null,"message":"auth_error","operation":"auth","outcome":"error","errorCode":"UntrustedHost","incidenceCode":"SL-BF5116D2"}
[WebServer] {"timestamp":"2026-10-10T17:54:40.930Z","level":"error","environment":"production","version":"1.15.9","commitSha":null,"deploymentId":null,"region":null,"message":"auth_error","operation":"auth","outcome":"error","errorCode":"UntrustedHost","incidenceCode":"SL-8621909D"}
  ok  3 [mobile-chromium] › tests\e2e\authenticated-screens.spec.ts:54:5 › cached league access waits until the initial snapshot request finishes (2.9s)
[WebServer] {"timestamp":"2026-10-10T17:54:41.545Z","level":"error","environment":"production","version":"1.15.9","commitSha":null,"deploymentId":null,"region":null,"message":"auth_error","operation":"auth","outcome":"error","errorCode":"UntrustedHost","incidenceCode":"SL-68E5D0A2"}
  ok  4 [mobile-chromium] › tests\e2e\authenticated-screens.spec.ts:65:5 › proposal votes wait for confirmation, prevent duplicate writes and survive reload (3.8s)
[WebServer] {"timestamp":"2026-10-10T17:54:42.219Z","level":"error","environment":"production","version":"1.15.9","commitSha":null,"deploymentId":null,"region":null,"message":"auth_error","operation":"auth","outcome":"error","errorCode":"UntrustedHost","incidenceCode":"SL-4F25F018"}
[WebServer] {"timestamp":"2026-10-10T17:54:42.563Z","level":"error","environment":"production","version":"1.15.9","commitSha":null,"deploymentId":null,"region":null,"message":"auth_error","operation":"auth","outcome":"error","errorCode":"UntrustedHost","incidenceCode":"SL-E9406A6E"}
  ok  5 [mobile-chromium] › tests\e2e\authenticated-screens.spec.ts:99:5 › calendar view selector fits without horizontal scrolling (1.8s)
[WebServer] {"timestamp":"2026-10-10T17:54:43.263Z","level":"error","environment":"production","version":"1.15.9","commitSha":null,"deploymentId":null,"region":null,"message":"auth_error","operation":"auth","outcome":"error","errorCode":"UntrustedHost","incidenceCode":"SL-784DC6E6"}
[WebServer] {"timestamp":"2026-10-10T17:54:44.056Z","level":"error","environment":"production","version":"1.15.9","commitSha":null,"deploymentId":null,"region":null,"message":"auth_error","operation":"auth","outcome":"error","errorCode":"UntrustedHost","incidenceCode":"SL-4C162F74"}
[WebServer] {"timestamp":"2026-10-10T17:54:44.335Z","level":"error","environment":"production","version":"1.15.9","commitSha":null,"deploymentId":null,"region":null,"message":"auth_error","operation":"auth","outcome":"error","errorCode":"UntrustedHost","incidenceCode":"SL-8AD7E63D"}
[WebServer] {"timestamp":"2026-10-10T17:54:45.256Z","level":"error","environment":"production","version":"1.15.9","commitSha":null,"deploymentId":null,"region":null,"message":"auth_error","operation":"auth","outcome":"error","errorCode":"UntrustedHost","incidenceCode":"SL-4C464E93"}
  ok  6 [mobile-chromium] › tests\e2e\authenticated-screens.spec.ts:106:5 › friendly chat reservation opens calendar options in both Competition modes (4.2s)
  ok  7 [mobile-chromium] › tests\e2e\authenticated-screens.spec.ts:129:5 › league spectator share shows a downloadable QR and shares the league link (3.4s)
[WebServer] {"timestamp":"2026-10-10T17:54:47.334Z","level":"error","environment":"production","version":"1.15.9","commitSha":null,"deploymentId":null,"region":null,"message":"auth_error","operation":"auth","outcome":"error","errorCode":"UntrustedHost","incidenceCode":"SL-C504A1A5"}
[WebServer] {"timestamp":"2026-10-10T17:54:47.592Z","level":"error","environment":"production","version":"1.15.9","commitSha":null,"deploymentId":null,"region":null,"message":"auth_error","operation":"auth","outcome":"error","errorCode":"UntrustedHost","incidenceCode":"SL-1F0FB360"}
[WebServer] {"timestamp":"2026-10-10T17:54:47.634Z","level":"error","environment":"production","version":"1.15.9","commitSha":null,"deploymentId":null,"region":null,"message":"auth_error","operation":"auth","outcome":"error","errorCode":"UntrustedHost","incidenceCode":"SL-1E55811B"}
[WebServer] {"timestamp":"2026-10-10T17:54:47.862Z","level":"error","environment":"production","version":"1.15.9","commitSha":null,"deploymentId":null,"region":null,"message":"auth_error","operation":"auth","outcome":"error","errorCode":"UntrustedHost","incidenceCode":"SL-6971F62E"}
  ok  8 [mobile-chromium] › tests\e2e\authenticated-screens.spec.ts:257:7 › @a11y authenticated home has no serious Axe violations (3.8s)
[WebServer] {"timestamp":"2026-10-10T17:54:50.915Z","level":"error","environment":"production","version":"1.15.9","commitSha":null,"deploymentId":null,"region":null,"message":"auth_error","operation":"auth","outcome":"error","errorCode":"UntrustedHost","incidenceCode":"SL-8ACB8C3C"}
[WebServer] {"timestamp":"2026-10-10T17:54:51.086Z","level":"error","environment":"production","version":"1.15.9","commitSha":null,"deploymentId":null,"region":null,"message":"auth_error","operation":"auth","outcome":"error","errorCode":"UntrustedHost","incidenceCode":"SL-D85FDF9F"}
  ok  9 [mobile-chromium] › tests\e2e\authenticated-screens.spec.ts:257:7 › @a11y authenticated matches has no serious Axe violations (6.1s)
[WebServer] {"timestamp":"2026-10-10T17:54:53.368Z","level":"error","environment":"production","version":"1.15.9","commitSha":null,"deploymentId":null,"region":null,"message":"auth_error","operation":"auth","outcome":"error","errorCode":"UntrustedHost","incidenceCode":"SL-E9C2028A"}
[WebServer] {"timestamp":"2026-10-10T17:54:53.559Z","level":"error","environment":"production","version":"1.15.9","commitSha":null,"deploymentId":null,"region":null,"message":"auth_error","operation":"auth","outcome":"error","errorCode":"UntrustedHost","incidenceCode":"SL-43CC25F0"}
  ok 10 [mobile-chromium] › tests\e2e\authenticated-screens.spec.ts:257:7 › @a11y authenticated ranking has no serious Axe violations (3.6s)
[WebServer] {"timestamp":"2026-10-10T17:54:54.661Z","level":"error","environment":"production","version":"1.15.9","commitSha":null,"deploymentId":null,"region":null,"message":"auth_error","operation":"auth","outcome":"error","errorCode":"UntrustedHost","incidenceCode":"SL-6E56DC2B"}
[WebServer] {"timestamp":"2026-10-10T17:54:54.854Z","level":"error","environment":"production","version":"1.15.9","commitSha":null,"deploymentId":null,"region":null,"message":"auth_error","operation":"auth","outcome":"error","errorCode":"UntrustedHost","incidenceCode":"SL-1CB2DB52"}
  ok 11 [mobile-chromium] › tests\e2e\authenticated-screens.spec.ts:257:7 › @a11y authenticated statistics has no serious Axe violations (3.4s)
[WebServer] {"timestamp":"2026-10-10T17:54:56.777Z","level":"error","environment":"production","version":"1.15.9","commitSha":null,"deploymentId":null,"region":null,"message":"auth_error","operation":"auth","outcome":"error","errorCode":"UntrustedHost","incidenceCode":"SL-43FCBB63"}
  ok 12 [mobile-chromium] › tests\e2e\authenticated-screens.spec.ts:257:7 › @a11y authenticated settings has no serious Axe violations (3.8s)
[WebServer] {"timestamp":"2026-10-10T17:54:58.342Z","level":"error","environment":"production","version":"1.15.9","commitSha":null,"deploymentId":null,"region":null,"message":"auth_error","operation":"auth","outcome":"error","errorCode":"UntrustedHost","incidenceCode":"SL-4C7BFA3F"}
  ok 13 [mobile-chromium] › tests\e2e\authenticated-screens.spec.ts:257:7 › @a11y authenticated invitation has no serious Axe violations (2.6s)
[WebServer] {"timestamp":"2026-10-10T17:54:59.528Z","level":"error","environment":"production","version":"1.15.9","commitSha":null,"deploymentId":null,"region":null,"message":"auth_error","operation":"auth","outcome":"error","errorCode":"UntrustedHost","incidenceCode":"SL-EAE8B650"}
[WebServer] {"timestamp":"2026-10-10T17:54:59.687Z","level":"error","environment":"production","version":"1.15.9","commitSha":null,"deploymentId":null,"region":null,"message":"auth_error","operation":"auth","outcome":"error","errorCode":"UntrustedHost","incidenceCode":"SL-A4A2BB30"}
  ok 15 [mobile-chromium] › tests\e2e\authenticated-screens.spec.ts:257:7 › @a11y authenticated season-summary has no serious Axe violations (3.0s)
  ok 14 [mobile-chromium] › tests\e2e\authenticated-screens.spec.ts:257:7 › @a11y authenticated season-admin has no serious Axe violations (4.7s)
[WebServer] {"timestamp":"2026-10-10T17:55:02.424Z","level":"error","environment":"production","version":"1.15.9","commitSha":null,"deploymentId":null,"region":null,"message":"auth_error","operation":"auth","outcome":"error","errorCode":"UntrustedHost","incidenceCode":"SL-F8050977"}
[WebServer] {"timestamp":"2026-10-10T17:55:02.770Z","level":"error","environment":"production","version":"1.15.9","commitSha":null,"deploymentId":null,"region":null,"message":"auth_error","operation":"auth","outcome":"error","errorCode":"UntrustedHost","incidenceCode":"SL-8C33C96D"}
[WebServer] {"timestamp":"2026-10-10T17:55:03.204Z","level":"error","environment":"production","version":"1.15.9","commitSha":null,"deploymentId":null,"region":null,"message":"auth_error","operation":"auth","outcome":"error","errorCode":"UntrustedHost","incidenceCode":"SL-BCE68C88"}
  ok 16 [mobile-chromium] › tests\e2e\authenticated-screens.spec.ts:276:7 › @visual authenticated home remains stable (1.7s)
[WebServer] {"timestamp":"2026-10-10T17:55:03.472Z","level":"error","environment":"production","version":"1.15.9","commitSha":null,"deploymentId":null,"region":null,"message":"auth_error","operation":"auth","outcome":"error","errorCode":"UntrustedHost","incidenceCode":"SL-28A53F35"}
[WebServer] {"timestamp":"2026-10-10T17:55:04.261Z","level":"error","environment":"production","version":"1.15.9","commitSha":null,"deploymentId":null,"region":null,"message":"auth_error","operation":"auth","outcome":"error","errorCode":"UntrustedHost","incidenceCode":"SL-F9B09A46"}
[WebServer] {"timestamp":"2026-10-10T17:55:04.410Z","level":"error","environment":"production","version":"1.15.9","commitSha":null,"deploymentId":null,"region":null,"message":"auth_error","operation":"auth","outcome":"error","errorCode":"UntrustedHost","incidenceCode":"SL-2A5EDC21"}
  ok 17 [mobile-chromium] › tests\e2e\authenticated-screens.spec.ts:276:7 › @visual authenticated matches remains stable (2.3s)
  ok 18 [mobile-chromium] › tests\e2e\authenticated-screens.spec.ts:276:7 › @visual authenticated ranking remains stable (1.5s)
[WebServer] {"timestamp":"2026-10-10T17:55:05.482Z","level":"error","environment":"production","version":"1.15.9","commitSha":null,"deploymentId":null,"region":null,"message":"auth_error","operation":"auth","outcome":"error","errorCode":"UntrustedHost","incidenceCode":"SL-6D7CFE75"}
[WebServer] {"timestamp":"2026-10-10T17:55:05.698Z","level":"error","environment":"production","version":"1.15.9","commitSha":null,"deploymentId":null,"region":null,"message":"auth_error","operation":"auth","outcome":"error","errorCode":"UntrustedHost","incidenceCode":"SL-15EFF1DB"}
[WebServer] {"timestamp":"2026-10-10T17:55:06.126Z","level":"error","environment":"production","version":"1.15.9","commitSha":null,"deploymentId":null,"region":null,"message":"auth_error","operation":"auth","outcome":"error","errorCode":"UntrustedHost","incidenceCode":"SL-99467D0F"}
[WebServer] {"timestamp":"2026-10-10T17:55:06.308Z","level":"error","environment":"production","version":"1.15.9","commitSha":null,"deploymentId":null,"region":null,"message":"auth_error","operation":"auth","outcome":"error","errorCode":"UntrustedHost","incidenceCode":"SL-8D70B5F8"}
  ok 19 [mobile-chromium] › tests\e2e\authenticated-screens.spec.ts:276:7 › @visual authenticated statistics remains stable (2.0s)
  ok 20 [mobile-chromium] › tests\e2e\authenticated-screens.spec.ts:276:7 › @visual authenticated settings remains stable (2.2s)
[WebServer] {"timestamp":"2026-10-10T17:55:07.460Z","level":"error","environment":"production","version":"1.15.9","commitSha":null,"deploymentId":null,"region":null,"message":"auth_error","operation":"auth","outcome":"error","errorCode":"UntrustedHost","incidenceCode":"SL-4C012D08"}
  ok 21 [mobile-chromium] › tests\e2e\authenticated-screens.spec.ts:276:7 › @visual authenticated invitation remains stable (1.3s)
[WebServer] {"timestamp":"2026-10-10T17:55:08.082Z","level":"error","environment":"production","version":"1.15.9","commitSha":null,"deploymentId":null,"region":null,"message":"auth_error","operation":"auth","outcome":"error","errorCode":"UntrustedHost","incidenceCode":"SL-AD6047B7"}
[WebServer] {"timestamp":"2026-10-10T17:55:08.908Z","level":"error","environment":"production","version":"1.15.9","commitSha":null,"deploymentId":null,"region":null,"message":"auth_error","operation":"auth","outcome":"error","errorCode":"UntrustedHost","incidenceCode":"SL-D05A8360"}
[WebServer] {"timestamp":"2026-10-10T17:55:09.063Z","level":"error","environment":"production","version":"1.15.9","commitSha":null,"deploymentId":null,"region":null,"message":"auth_error","operation":"auth","outcome":"error","errorCode":"UntrustedHost","incidenceCode":"SL-7C02FAD7"}
  ok 23 [mobile-chromium] › tests\e2e\authenticated-screens.spec.ts:276:7 › @visual authenticated season-summary remains stable (1.7s)
  ok 22 [mobile-chromium] › tests\e2e\authenticated-screens.spec.ts:276:7 › @visual authenticated season-admin remains stable (2.6s)
[WebServer] {"timestamp":"2026-10-10T17:55:10.621Z","level":"error","environment":"production","version":"1.15.9","commitSha":null,"deploymentId":null,"region":null,"message":"auth_error","operation":"auth","outcome":"error","errorCode":"UntrustedHost","incidenceCode":"SL-9FA14AC0"}
[WebServer] {"timestamp":"2026-10-10T17:55:10.921Z","level":"error","environment":"production","version":"1.15.9","commitSha":null,"deploymentId":null,"region":null,"message":"auth_error","operation":"auth","outcome":"error","errorCode":"UntrustedHost","incidenceCode":"SL-99AF7F44"}
[WebServer] {"timestamp":"2026-10-10T17:55:10.961Z","level":"error","environment":"production","version":"1.15.9","commitSha":null,"deploymentId":null,"region":null,"message":"auth_error","operation":"auth","outcome":"error","errorCode":"UntrustedHost","incidenceCode":"SL-56592528"}
[WebServer] {"timestamp":"2026-10-10T17:55:11.345Z","level":"error","environment":"production","version":"1.15.9","commitSha":null,"deploymentId":null,"region":null,"message":"auth_error","operation":"auth","outcome":"error","errorCode":"UntrustedHost","incidenceCode":"SL-E08B5B21"}
  ok 24 [mobile-chromium] › tests\e2e\authenticated-screens.spec.ts:312:5 › guided help can repeat the current screen tour (2.4s)
  ok 25 [mobile-chromium] › tests\e2e\authenticated-screens.spec.ts:325:5 › repeating the home guide skips the one-time welcome (2.4s)
[WebServer] {"timestamp":"2026-10-10T17:55:13.251Z","level":"error","environment":"production","version":"1.15.9","commitSha":null,"deploymentId":null,"region":null,"message":"auth_error","operation":"auth","outcome":"error","errorCode":"UntrustedHost","incidenceCode":"SL-9754D416"}
[WebServer] {"timestamp":"2026-10-10T17:55:13.446Z","level":"error","environment":"production","version":"1.15.9","commitSha":null,"deploymentId":null,"region":null,"message":"auth_error","operation":"auth","outcome":"error","errorCode":"UntrustedHost","incidenceCode":"SL-E46C2759"}
  ok 27 [mobile-chromium] › tests\e2e\authenticated-screens.spec.ts:448:5 › personal matches hide the whole upcoming section when there is no future match (1.7s)
  ok 26 [mobile-chromium] › tests\e2e\authenticated-screens.spec.ts:335:5 › personal matches use a separate simplified mode (2.1s)
[WebServer] {"timestamp":"2026-10-10T17:55:14.787Z","level":"error","environment":"production","version":"1.15.9","commitSha":null,"deploymentId":null,"region":null,"message":"auth_error","operation":"auth","outcome":"error","errorCode":"UntrustedHost","incidenceCode":"SL-B3D33F32"}
[WebServer] {"timestamp":"2026-10-10T17:55:14.818Z","level":"error","environment":"production","version":"1.15.9","commitSha":null,"deploymentId":null,"region":null,"message":"auth_error","operation":"auth","outcome":"error","errorCode":"UntrustedHost","incidenceCode":"SL-D0E0A3FB"}
[WebServer] {"timestamp":"2026-10-10T17:55:15.232Z","level":"error","environment":"production","version":"1.15.9","commitSha":null,"deploymentId":null,"region":null,"message":"auth_error","operation":"auth","outcome":"error","errorCode":"UntrustedHost","incidenceCode":"SL-E06B77F9"}
[WebServer] {"timestamp":"2026-10-10T17:55:15.294Z","level":"error","environment":"production","version":"1.15.9","commitSha":null,"deploymentId":null,"region":null,"message":"auth_error","operation":"auth","outcome":"error","errorCode":"UntrustedHost","incidenceCode":"SL-8A8E7ABC"}
  ok 28 [mobile-chromium] › tests\e2e\public-access.spec.ts:4:5 › opens the app without a session (1.3s)
[WebServer] {"timestamp":"2026-10-10T17:55:15.698Z","level":"error","environment":"production","version":"1.15.9","commitSha":null,"deploymentId":null,"region":null,"message":"auth_error","operation":"auth","outcome":"error","errorCode":"UntrustedHost","incidenceCode":"SL-92FBA7B1"}
[WebServer] {"timestamp":"2026-10-10T17:55:15.724Z","level":"error","environment":"production","version":"1.15.9","commitSha":null,"deploymentId":null,"region":null,"message":"auth_error","operation":"auth","outcome":"error","errorCode":"UntrustedHost","incidenceCode":"SL-365FA4B7"}
  ok 29 [mobile-chromium] › tests\e2e\public-access.spec.ts:13:5 › recovers an invitation when the installed app starts (1.7s)
[WebServer] {"timestamp":"2026-10-10T17:55:16.068Z","level":"error","environment":"production","version":"1.15.9","commitSha":null,"deploymentId":null,"region":null,"message":"auth_error","operation":"auth","outcome":"error","errorCode":"UntrustedHost","incidenceCode":"SL-CB31135F"}
[WebServer] {"timestamp":"2026-10-10T17:55:16.126Z","level":"error","environment":"production","version":"1.15.9","commitSha":null,"deploymentId":null,"region":null,"message":"auth_error","operation":"auth","outcome":"error","errorCode":"UntrustedHost","incidenceCode":"SL-A961E816"}
  ok 30 [mobile-chromium] › tests\e2e\public-access.spec.ts:35:5 › spectator invitation opens a read-only league without signing in (1.3s)
[WebServer] {"timestamp":"2026-10-10T17:55:16.713Z","level":"error","environment":"production","version":"1.15.9","commitSha":null,"deploymentId":null,"region":null,"message":"auth_error","operation":"auth","outcome":"error","errorCode":"UntrustedHost","incidenceCode":"SL-3C45E174"}
[WebServer] {"timestamp":"2026-10-10T17:55:16.763Z","level":"error","environment":"production","version":"1.15.9","commitSha":null,"deploymentId":null,"region":null,"message":"auth_error","operation":"auth","outcome":"error","errorCode":"UntrustedHost","incidenceCode":"SL-64725386"}
[WebServer] {"timestamp":"2026-10-10T17:55:16.867Z","level":"warn","environment":"production","version":"1.15.9","commitSha":null,"deploymentId":null,"region":null,"message":"auth_error_page_rendered","route":"/auth/error","method":"GET","operation":"auth_error","outcome":"shown","errorCode":"Configuration","incidenceCode":"SL-A404EEC4"}
  ok 31 [mobile-chromium] › tests\e2e\public-access.spec.ts:69:5 › spectator invitation landing page renders without the authenticated app providers (1.1s)
[WebServer] {"timestamp":"2026-10-10T17:55:17.433Z","level":"error","environment":"production","version":"1.15.9","commitSha":null,"deploymentId":null,"region":null,"message":"auth_error","operation":"auth","outcome":"error","errorCode":"UntrustedHost","incidenceCode":"SL-B11E1488"}
[WebServer] {"timestamp":"2026-10-10T17:55:17.499Z","level":"error","environment":"production","version":"1.15.9","commitSha":null,"deploymentId":null,"region":null,"message":"auth_error","operation":"auth","outcome":"error","errorCode":"UntrustedHost","incidenceCode":"SL-53DDD737"}
[WebServer] {"timestamp":"2026-10-10T17:55:17.781Z","level":"error","environment":"production","version":"1.15.9","commitSha":null,"deploymentId":null,"region":null,"message":"auth_error","operation":"auth","outcome":"error","errorCode":"UntrustedHost","incidenceCode":"SL-B88011EE"}
  ok 32 [mobile-chromium] › tests\e2e\public-access.spec.ts:97:5 › shows an actionable authentication error with an incidence code (1.1s)
[WebServer] {"timestamp":"2026-10-10T17:55:17.811Z","level":"error","environment":"production","version":"1.15.9","commitSha":null,"deploymentId":null,"region":null,"message":"auth_error","operation":"auth","outcome":"error","errorCode":"UntrustedHost","incidenceCode":"SL-97C3C5BF"}
[WebServer] {"timestamp":"2026-10-10T17:55:18.482Z","level":"error","environment":"production","version":"1.15.9","commitSha":null,"deploymentId":null,"region":null,"message":"auth_error","operation":"auth","outcome":"error","errorCode":"UntrustedHost","incidenceCode":"SL-A2490AF6"}
[WebServer] {"timestamp":"2026-10-10T17:55:18.510Z","level":"error","environment":"production","version":"1.15.9","commitSha":null,"deploymentId":null,"region":null,"message":"auth_error","operation":"auth","outcome":"error","errorCode":"UntrustedHost","incidenceCode":"SL-BFB49505"}
  ok 33 [mobile-chromium] › tests\e2e\public-access.spec.ts:115:7 › @a11y public home has no serious Axe violations (2.1s)
[WebServer] {"timestamp":"2026-10-10T17:55:19.346Z","level":"warn","environment":"production","version":"1.15.9","commitSha":null,"deploymentId":null,"region":null,"message":"auth_error_page_rendered","route":"/auth/error","method":"GET","operation":"auth_error","outcome":"shown","errorCode":"Configuration","incidenceCode":"SL-9BD36417"}
[WebServer] {"timestamp":"2026-10-10T17:55:19.783Z","level":"error","environment":"production","version":"1.15.9","commitSha":null,"deploymentId":null,"region":null,"message":"auth_error","operation":"auth","outcome":"error","errorCode":"UntrustedHost","incidenceCode":"SL-3F3D7692"}
[WebServer] {"timestamp":"2026-10-10T17:55:19.801Z","level":"error","environment":"production","version":"1.15.9","commitSha":null,"deploymentId":null,"region":null,"message":"auth_error","operation":"auth","outcome":"error","errorCode":"UntrustedHost","incidenceCode":"SL-A33C7215"}
  ok 34 [mobile-chromium] › tests\e2e\public-access.spec.ts:115:7 › @a11y about has no serious Axe violations (2.2s)
[WebServer] {"timestamp":"2026-10-10T17:55:20.584Z","level":"error","environment":"production","version":"1.15.9","commitSha":null,"deploymentId":null,"region":null,"message":"auth_error","operation":"auth","outcome":"error","errorCode":"UntrustedHost","incidenceCode":"SL-27223946"}
[WebServer] {"timestamp":"2026-10-10T17:55:20.644Z","level":"error","environment":"production","version":"1.15.9","commitSha":null,"deploymentId":null,"region":null,"message":"auth_error","operation":"auth","outcome":"error","errorCode":"UntrustedHost","incidenceCode":"SL-5C776507"}
  ok 35 [mobile-chromium] › tests\e2e\public-access.spec.ts:115:7 › @a11y authentication error has no serious Axe violations (1.8s)
  ok 36 [mobile-chromium] › tests\e2e\public-access.spec.ts:126:5 › @visual anonymous home remains stable (977ms)
[WebServer] {"timestamp":"2026-10-10T17:55:21.112Z","level":"warn","environment":"production","version":"1.15.9","commitSha":null,"deploymentId":null,"region":null,"message":"auth_error_page_rendered","route":"/auth/error","method":"GET","operation":"auth_error","outcome":"shown","errorCode":"Configuration","incidenceCode":"SL-E64AFE88"}
[WebServer] {"timestamp":"2026-10-10T17:55:21.593Z","level":"error","environment":"production","version":"1.15.9","commitSha":null,"deploymentId":null,"region":null,"message":"auth_error","operation":"auth","outcome":"error","errorCode":"UntrustedHost","incidenceCode":"SL-B6E1C384"}
[WebServer] {"timestamp":"2026-10-10T17:55:21.609Z","level":"error","environment":"production","version":"1.15.9","commitSha":null,"deploymentId":null,"region":null,"message":"auth_error","operation":"auth","outcome":"error","errorCode":"UntrustedHost","incidenceCode":"SL-D66BE9C8"}
  ok 37 [mobile-chromium] › tests\e2e\public-access.spec.ts:138:5 › @visual authentication error remains stable (937ms)
(node:824) Warning: The 'NO_COLOR' env is ignored due to the 'FORCE_COLOR' env being set.
(Use `node --trace-warnings ...` to show where the warning was created)
(node:15308) Warning: The 'NO_COLOR' env is ignored due to the 'FORCE_COLOR' env being set.
(Use `node --trace-warnings ...` to show where the warning was created)
[WebServer] {"timestamp":"2026-10-10T17:55:23.712Z","level":"error","environment":"production","version":"1.15.9","commitSha":null,"deploymentId":null,"region":null,"message":"auth_error","operation":"auth","outcome":"error","errorCode":"UntrustedHost","incidenceCode":"SL-E4F3AC5E"}
  ok 38 [desktop-chromium] › tests\e2e\authenticated-screens.spec.ts:17:5 › welcome pack uses the final overgrip design and prints a full A4 sheet (2.1s)
[WebServer] {"timestamp":"2026-10-10T17:55:25.748Z","level":"error","environment":"production","version":"1.15.9","commitSha":null,"deploymentId":null,"region":null,"message":"auth_error","operation":"auth","outcome":"error","errorCode":"UntrustedHost","incidenceCode":"SL-629057D0"}
[WebServer] {"timestamp":"2026-10-10T17:55:26.324Z","level":"error","environment":"production","version":"1.15.9","commitSha":null,"deploymentId":null,"region":null,"message":"auth_error","operation":"auth","outcome":"error","errorCode":"UntrustedHost","incidenceCode":"SL-B0DEB101"}
  ok 40 [desktop-chromium] › tests\e2e\authenticated-screens.spec.ts:54:5 › cached league access waits until the initial snapshot request finishes (1.7s)
[WebServer] {"timestamp":"2026-10-10T17:55:27.525Z","level":"error","environment":"production","version":"1.15.9","commitSha":null,"deploymentId":null,"region":null,"message":"auth_error","operation":"auth","outcome":"error","errorCode":"UntrustedHost","incidenceCode":"SL-35AE2B1E"}
  ok 39 [desktop-chromium] › tests\e2e\authenticated-screens.spec.ts:32:5 › welcome pack selects sticker designs and prints them together on one A4 sheet (3.0s)
[WebServer] {"timestamp":"2026-10-10T17:55:28.696Z","level":"error","environment":"production","version":"1.15.9","commitSha":null,"deploymentId":null,"region":null,"message":"auth_error","operation":"auth","outcome":"error","errorCode":"UntrustedHost","incidenceCode":"SL-C03C9C92"}
[WebServer] {"timestamp":"2026-10-10T17:55:28.892Z","level":"error","environment":"production","version":"1.15.9","commitSha":null,"deploymentId":null,"region":null,"message":"auth_error","operation":"auth","outcome":"error","errorCode":"UntrustedHost","incidenceCode":"SL-D74F24AB"}
[WebServer] {"timestamp":"2026-10-10T17:55:29.159Z","level":"error","environment":"production","version":"1.15.9","commitSha":null,"deploymentId":null,"region":null,"message":"auth_error","operation":"auth","outcome":"error","errorCode":"UntrustedHost","incidenceCode":"SL-552636DD"}
  ok 41 [desktop-chromium] › tests\e2e\authenticated-screens.spec.ts:65:5 › proposal votes wait for confirmation, prevent duplicate writes and survive reload (2.9s)
  ok 42 [desktop-chromium] › tests\e2e\authenticated-screens.spec.ts:99:5 › calendar view selector fits without horizontal scrolling (1.9s)
[WebServer] {"timestamp":"2026-10-10T17:55:30.536Z","level":"error","environment":"production","version":"1.15.9","commitSha":null,"deploymentId":null,"region":null,"message":"auth_error","operation":"auth","outcome":"error","errorCode":"UntrustedHost","incidenceCode":"SL-3E9BFF50"}
[WebServer] {"timestamp":"2026-10-10T17:55:30.608Z","level":"error","environment":"production","version":"1.15.9","commitSha":null,"deploymentId":null,"region":null,"message":"auth_error","operation":"auth","outcome":"error","errorCode":"UntrustedHost","incidenceCode":"SL-65627273"}
[WebServer] {"timestamp":"2026-10-10T17:55:30.878Z","level":"error","environment":"production","version":"1.15.9","commitSha":null,"deploymentId":null,"region":null,"message":"auth_error","operation":"auth","outcome":"error","errorCode":"UntrustedHost","incidenceCode":"SL-EDDD0085"}
[WebServer] {"timestamp":"2026-10-10T17:55:31.884Z","level":"error","environment":"production","version":"1.15.9","commitSha":null,"deploymentId":null,"region":null,"message":"auth_error","operation":"auth","outcome":"error","errorCode":"UntrustedHost","incidenceCode":"SL-B5C3AD93"}
  ok 43 [desktop-chromium] › tests\e2e\authenticated-screens.spec.ts:106:5 › friendly chat reservation opens calendar options in both Competition modes (3.0s)
  ok 44 [desktop-chromium] › tests\e2e\authenticated-screens.spec.ts:129:5 › league spectator share shows a downloadable QR and shares the league link (3.2s)
[WebServer] {"timestamp":"2026-10-10T17:55:33.579Z","level":"error","environment":"production","version":"1.15.9","commitSha":null,"deploymentId":null,"region":null,"message":"auth_error","operation":"auth","outcome":"error","errorCode":"UntrustedHost","incidenceCode":"SL-78990A10"}
[WebServer] {"timestamp":"2026-10-10T17:55:33.825Z","level":"error","environment":"production","version":"1.15.9","commitSha":null,"deploymentId":null,"region":null,"message":"auth_error","operation":"auth","outcome":"error","errorCode":"UntrustedHost","incidenceCode":"SL-E5E7BA67"}
[WebServer] {"timestamp":"2026-10-10T17:55:33.881Z","level":"error","environment":"production","version":"1.15.9","commitSha":null,"deploymentId":null,"region":null,"message":"auth_error","operation":"auth","outcome":"error","errorCode":"UntrustedHost","incidenceCode":"SL-00BB1A1C"}
[WebServer] {"timestamp":"2026-10-10T17:55:34.132Z","level":"error","environment":"production","version":"1.15.9","commitSha":null,"deploymentId":null,"region":null,"message":"auth_error","operation":"auth","outcome":"error","errorCode":"UntrustedHost","incidenceCode":"SL-A01C3326"}
  ok 45 [desktop-chromium] › tests\e2e\authenticated-screens.spec.ts:257:7 › @a11y authenticated home has no serious Axe violations (3.7s)
[WebServer] {"timestamp":"2026-10-10T17:55:36.881Z","level":"error","environment":"production","version":"1.15.9","commitSha":null,"deploymentId":null,"region":null,"message":"auth_error","operation":"auth","outcome":"error","errorCode":"UntrustedHost","incidenceCode":"SL-20D334E1"}
[WebServer] {"timestamp":"2026-10-10T17:55:37.046Z","level":"error","environment":"production","version":"1.15.9","commitSha":null,"deploymentId":null,"region":null,"message":"auth_error","operation":"auth","outcome":"error","errorCode":"UntrustedHost","incidenceCode":"SL-41B00EED"}
  ok 46 [desktop-chromium] › tests\e2e\authenticated-screens.spec.ts:257:7 › @a11y authenticated matches has no serious Axe violations (5.5s)
[WebServer] {"timestamp":"2026-10-10T17:55:38.894Z","level":"error","environment":"production","version":"1.15.9","commitSha":null,"deploymentId":null,"region":null,"message":"auth_error","operation":"auth","outcome":"error","errorCode":"UntrustedHost","incidenceCode":"SL-C01A02FB"}
[WebServer] {"timestamp":"2026-10-10T17:55:39.029Z","level":"error","environment":"production","version":"1.15.9","commitSha":null,"deploymentId":null,"region":null,"message":"auth_error","operation":"auth","outcome":"error","errorCode":"UntrustedHost","incidenceCode":"SL-6B574BBD"}
  ok 47 [desktop-chromium] › tests\e2e\authenticated-screens.spec.ts:257:7 › @a11y authenticated ranking has no serious Axe violations (3.0s)
[WebServer] {"timestamp":"2026-10-10T17:55:39.991Z","level":"error","environment":"production","version":"1.15.9","commitSha":null,"deploymentId":null,"region":null,"message":"auth_error","operation":"auth","outcome":"error","errorCode":"UntrustedHost","incidenceCode":"SL-EF670EC9"}
[WebServer] {"timestamp":"2026-10-10T17:55:40.124Z","level":"error","environment":"production","version":"1.15.9","commitSha":null,"deploymentId":null,"region":null,"message":"auth_error","operation":"auth","outcome":"error","errorCode":"UntrustedHost","incidenceCode":"SL-A874C69D"}
  ok 48 [desktop-chromium] › tests\e2e\authenticated-screens.spec.ts:257:7 › @a11y authenticated statistics has no serious Axe violations (2.7s)
[WebServer] {"timestamp":"2026-10-10T17:55:41.562Z","level":"error","environment":"production","version":"1.15.9","commitSha":null,"deploymentId":null,"region":null,"message":"auth_error","operation":"auth","outcome":"error","errorCode":"UntrustedHost","incidenceCode":"SL-A65ABA5C"}
  ok 49 [desktop-chromium] › tests\e2e\authenticated-screens.spec.ts:257:7 › @a11y authenticated settings has no serious Axe violations (2.9s)
[WebServer] {"timestamp":"2026-10-10T17:55:42.790Z","level":"error","environment":"production","version":"1.15.9","commitSha":null,"deploymentId":null,"region":null,"message":"auth_error","operation":"auth","outcome":"error","errorCode":"UntrustedHost","incidenceCode":"SL-69471DC3"}
  ok 50 [desktop-chromium] › tests\e2e\authenticated-screens.spec.ts:257:7 › @a11y authenticated invitation has no serious Axe violations (2.1s)
[WebServer] {"timestamp":"2026-10-10T17:55:43.785Z","level":"error","environment":"production","version":"1.15.9","commitSha":null,"deploymentId":null,"region":null,"message":"auth_error","operation":"auth","outcome":"error","errorCode":"UntrustedHost","incidenceCode":"SL-820F2A80"}
[WebServer] {"timestamp":"2026-10-10T17:55:43.936Z","level":"error","environment":"production","version":"1.15.9","commitSha":null,"deploymentId":null,"region":null,"message":"auth_error","operation":"auth","outcome":"error","errorCode":"UntrustedHost","incidenceCode":"SL-77CC6AC9"}
  ok 52 [desktop-chromium] › tests\e2e\authenticated-screens.spec.ts:257:7 › @a11y authenticated season-summary has no serious Axe violations (2.4s)
  ok 51 [desktop-chromium] › tests\e2e\authenticated-screens.spec.ts:257:7 › @a11y authenticated season-admin has no serious Axe violations (3.7s)
[WebServer] {"timestamp":"2026-10-10T17:55:46.191Z","level":"error","environment":"production","version":"1.15.9","commitSha":null,"deploymentId":null,"region":null,"message":"auth_error","operation":"auth","outcome":"error","errorCode":"UntrustedHost","incidenceCode":"SL-E1AAB6D7"}
[WebServer] {"timestamp":"2026-10-10T17:55:46.488Z","level":"error","environment":"production","version":"1.15.9","commitSha":null,"deploymentId":null,"region":null,"message":"auth_error","operation":"auth","outcome":"error","errorCode":"UntrustedHost","incidenceCode":"SL-C4491AEA"}
[WebServer] {"timestamp":"2026-10-10T17:55:46.921Z","level":"error","environment":"production","version":"1.15.9","commitSha":null,"deploymentId":null,"region":null,"message":"auth_error","operation":"auth","outcome":"error","errorCode":"UntrustedHost","incidenceCode":"SL-63D5C63F"}
[WebServer] {"timestamp":"2026-10-10T17:55:47.189Z","level":"error","environment":"production","version":"1.15.9","commitSha":null,"deploymentId":null,"region":null,"message":"auth_error","operation":"auth","outcome":"error","errorCode":"UntrustedHost","incidenceCode":"SL-F13ECB23"}
  ok 53 [desktop-chromium] › tests\e2e\authenticated-screens.spec.ts:276:7 › @visual authenticated home remains stable (1.9s)
[WebServer] {"timestamp":"2026-10-10T17:55:48.145Z","level":"error","environment":"production","version":"1.15.9","commitSha":null,"deploymentId":null,"region":null,"message":"auth_error","operation":"auth","outcome":"error","errorCode":"UntrustedHost","incidenceCode":"SL-24AA55AC"}
[WebServer] {"timestamp":"2026-10-10T17:55:48.275Z","level":"error","environment":"production","version":"1.15.9","commitSha":null,"deploymentId":null,"region":null,"message":"auth_error","operation":"auth","outcome":"error","errorCode":"UntrustedHost","incidenceCode":"SL-04E7248F"}
  ok 54 [desktop-chromium] › tests\e2e\authenticated-screens.spec.ts:276:7 › @visual authenticated matches remains stable (2.8s)
  ok 55 [desktop-chromium] › tests\e2e\authenticated-screens.spec.ts:276:7 › @visual authenticated ranking remains stable (1.3s)
[WebServer] {"timestamp":"2026-10-10T17:55:49.646Z","level":"error","environment":"production","version":"1.15.9","commitSha":null,"deploymentId":null,"region":null,"message":"auth_error","operation":"auth","outcome":"error","errorCode":"UntrustedHost","incidenceCode":"SL-B0C91DBA"}
[WebServer] {"timestamp":"2026-10-10T17:55:49.809Z","level":"error","environment":"production","version":"1.15.9","commitSha":null,"deploymentId":null,"region":null,"message":"auth_error","operation":"auth","outcome":"error","errorCode":"UntrustedHost","incidenceCode":"SL-A9C5FA3C"}
[WebServer] {"timestamp":"2026-10-10T17:55:49.873Z","level":"error","environment":"production","version":"1.15.9","commitSha":null,"deploymentId":null,"region":null,"message":"auth_error","operation":"auth","outcome":"error","errorCode":"UntrustedHost","incidenceCode":"SL-879E4528"}
[WebServer] {"timestamp":"2026-10-10T17:55:50.090Z","level":"error","environment":"production","version":"1.15.9","commitSha":null,"deploymentId":null,"region":null,"message":"auth_error","operation":"auth","outcome":"error","errorCode":"UntrustedHost","incidenceCode":"SL-05785953"}
  ok 56 [desktop-chromium] › tests\e2e\authenticated-screens.spec.ts:276:7 › @visual authenticated statistics remains stable (1.8s)
  ok 57 [desktop-chromium] › tests\e2e\authenticated-screens.spec.ts:276:7 › @visual authenticated settings remains stable (2.2s)
[WebServer] {"timestamp":"2026-10-10T17:55:51.360Z","level":"error","environment":"production","version":"1.15.9","commitSha":null,"deploymentId":null,"region":null,"message":"auth_error","operation":"auth","outcome":"error","errorCode":"UntrustedHost","incidenceCode":"SL-32951A63"}
  ok 58 [desktop-chromium] › tests\e2e\authenticated-screens.spec.ts:276:7 › @visual authenticated invitation remains stable (1.2s)
[WebServer] {"timestamp":"2026-10-10T17:55:51.895Z","level":"error","environment":"production","version":"1.15.9","commitSha":null,"deploymentId":null,"region":null,"message":"auth_error","operation":"auth","outcome":"error","errorCode":"UntrustedHost","incidenceCode":"SL-4849188F"}
[WebServer] {"timestamp":"2026-10-10T17:55:52.672Z","level":"error","environment":"production","version":"1.15.9","commitSha":null,"deploymentId":null,"region":null,"message":"auth_error","operation":"auth","outcome":"error","errorCode":"UntrustedHost","incidenceCode":"SL-C3C445F2"}
[WebServer] {"timestamp":"2026-10-10T17:55:52.848Z","level":"error","environment":"production","version":"1.15.9","commitSha":null,"deploymentId":null,"region":null,"message":"auth_error","operation":"auth","outcome":"error","errorCode":"UntrustedHost","incidenceCode":"SL-92E25394"}
  ok 60 [desktop-chromium] › tests\e2e\authenticated-screens.spec.ts:276:7 › @visual authenticated season-summary remains stable (1.6s)
[WebServer] {"timestamp":"2026-10-10T17:55:54.020Z","level":"error","environment":"production","version":"1.15.9","commitSha":null,"deploymentId":null,"region":null,"message":"auth_error","operation":"auth","outcome":"error","errorCode":"UntrustedHost","incidenceCode":"SL-7616D286"}
[WebServer] {"timestamp":"2026-10-10T17:55:54.212Z","level":"error","environment":"production","version":"1.15.9","commitSha":null,"deploymentId":null,"region":null,"message":"auth_error","operation":"auth","outcome":"error","errorCode":"UntrustedHost","incidenceCode":"SL-D8E30689"}
  ok 59 [desktop-chromium] › tests\e2e\authenticated-screens.spec.ts:276:7 › @visual authenticated season-admin remains stable (3.4s)
  ok 61 [desktop-chromium] › tests\e2e\authenticated-screens.spec.ts:312:5 › guided help can repeat the current screen tour (1.7s)
[WebServer] {"timestamp":"2026-10-10T17:55:55.577Z","level":"error","environment":"production","version":"1.15.9","commitSha":null,"deploymentId":null,"region":null,"message":"auth_error","operation":"auth","outcome":"error","errorCode":"UntrustedHost","incidenceCode":"SL-C9F92A18"}
[WebServer] {"timestamp":"2026-10-10T17:55:55.814Z","level":"error","environment":"production","version":"1.15.9","commitSha":null,"deploymentId":null,"region":null,"message":"auth_error","operation":"auth","outcome":"error","errorCode":"UntrustedHost","incidenceCode":"SL-12324326"}
[WebServer] {"timestamp":"2026-10-10T17:55:56.213Z","level":"error","environment":"production","version":"1.15.9","commitSha":null,"deploymentId":null,"region":null,"message":"auth_error","operation":"auth","outcome":"error","errorCode":"UntrustedHost","incidenceCode":"SL-DC0988EE"}
  ok 62 [desktop-chromium] › tests\e2e\authenticated-screens.spec.ts:325:5 › repeating the home guide skips the one-time welcome (2.1s)
  ok 63 [desktop-chromium] › tests\e2e\authenticated-screens.spec.ts:335:5 › personal matches use a separate simplified mode (1.6s)
[WebServer] {"timestamp":"2026-10-10T17:55:57.711Z","level":"error","environment":"production","version":"1.15.9","commitSha":null,"deploymentId":null,"region":null,"message":"auth_error","operation":"auth","outcome":"error","errorCode":"UntrustedHost","incidenceCode":"SL-6B2A8CDE"}
[WebServer] {"timestamp":"2026-10-10T17:55:57.892Z","level":"error","environment":"production","version":"1.15.9","commitSha":null,"deploymentId":null,"region":null,"message":"auth_error","operation":"auth","outcome":"error","errorCode":"UntrustedHost","incidenceCode":"SL-1046A778"}
[WebServer] {"timestamp":"2026-10-10T17:55:57.930Z","level":"error","environment":"production","version":"1.15.9","commitSha":null,"deploymentId":null,"region":null,"message":"auth_error","operation":"auth","outcome":"error","errorCode":"UntrustedHost","incidenceCode":"SL-23C1E5E6"}
  ok 64 [desktop-chromium] › tests\e2e\authenticated-screens.spec.ts:448:5 › personal matches hide the whole upcoming section when there is no future match (1.6s)
  ok 65 [desktop-chromium] › tests\e2e\public-access.spec.ts:4:5 › opens the app without a session (1.4s)
[WebServer] {"timestamp":"2026-10-10T17:55:58.995Z","level":"error","environment":"production","version":"1.15.9","commitSha":null,"deploymentId":null,"region":null,"message":"auth_error","operation":"auth","outcome":"error","errorCode":"UntrustedHost","incidenceCode":"SL-E27B7476"}
[WebServer] {"timestamp":"2026-10-10T17:55:59.044Z","level":"error","environment":"production","version":"1.15.9","commitSha":null,"deploymentId":null,"region":null,"message":"auth_error","operation":"auth","outcome":"error","errorCode":"UntrustedHost","incidenceCode":"SL-DDBAF00B"}
[WebServer] {"timestamp":"2026-10-10T17:55:59.072Z","level":"error","environment":"production","version":"1.15.9","commitSha":null,"deploymentId":null,"region":null,"message":"auth_error","operation":"auth","outcome":"error","errorCode":"UntrustedHost","incidenceCode":"SL-1F580EC1"}
[WebServer] {"timestamp":"2026-10-10T17:55:59.156Z","level":"error","environment":"production","version":"1.15.9","commitSha":null,"deploymentId":null,"region":null,"message":"auth_error","operation":"auth","outcome":"error","errorCode":"UntrustedHost","incidenceCode":"SL-C80ADBBC"}
[WebServer] {"timestamp":"2026-10-10T17:55:59.509Z","level":"error","environment":"production","version":"1.15.9","commitSha":null,"deploymentId":null,"region":null,"message":"auth_error","operation":"auth","outcome":"error","errorCode":"UntrustedHost","incidenceCode":"SL-416126D1"}
[WebServer] {"timestamp":"2026-10-10T17:55:59.539Z","level":"error","environment":"production","version":"1.15.9","commitSha":null,"deploymentId":null,"region":null,"message":"auth_error","operation":"auth","outcome":"error","errorCode":"UntrustedHost","incidenceCode":"SL-95AF4E4F"}
  ok 67 [desktop-chromium] › tests\e2e\public-access.spec.ts:35:5 › spectator invitation opens a read-only league without signing in (1.3s)
  ok 66 [desktop-chromium] › tests\e2e\public-access.spec.ts:13:5 › recovers an invitation when the installed app starts (1.5s)
[WebServer] {"timestamp":"2026-10-10T17:55:59.888Z","level":"warn","environment":"production","version":"1.15.9","commitSha":null,"deploymentId":null,"region":null,"message":"auth_error_page_rendered","route":"/auth/error","method":"GET","operation":"auth_error","outcome":"shown","errorCode":"Configuration","incidenceCode":"SL-8E866243"}
[WebServer] {"timestamp":"2026-10-10T17:56:00.311Z","level":"error","environment":"production","version":"1.15.9","commitSha":null,"deploymentId":null,"region":null,"message":"auth_error","operation":"auth","outcome":"error","errorCode":"UntrustedHost","incidenceCode":"SL-E1F35F95"}
[WebServer] {"timestamp":"2026-10-10T17:56:00.344Z","level":"error","environment":"production","version":"1.15.9","commitSha":null,"deploymentId":null,"region":null,"message":"auth_error","operation":"auth","outcome":"error","errorCode":"UntrustedHost","incidenceCode":"SL-C1C9FD9A"}
[WebServer] {"timestamp":"2026-10-10T17:56:00.424Z","level":"error","environment":"production","version":"1.15.9","commitSha":null,"deploymentId":null,"region":null,"message":"auth_error","operation":"auth","outcome":"error","errorCode":"UntrustedHost","incidenceCode":"SL-1786D02E"}
[WebServer] {"timestamp":"2026-10-10T17:56:00.484Z","level":"error","environment":"production","version":"1.15.9","commitSha":null,"deploymentId":null,"region":null,"message":"auth_error","operation":"auth","outcome":"error","errorCode":"UntrustedHost","incidenceCode":"SL-E55085F4"}
  ok 68 [desktop-chromium] › tests\e2e\public-access.spec.ts:69:5 › spectator invitation landing page renders without the authenticated app providers (909ms)
  ok 69 [desktop-chromium] › tests\e2e\public-access.spec.ts:97:5 › shows an actionable authentication error with an incidence code (880ms)
[WebServer] {"timestamp":"2026-10-10T17:56:01.312Z","level":"error","environment":"production","version":"1.15.9","commitSha":null,"deploymentId":null,"region":null,"message":"auth_error","operation":"auth","outcome":"error","errorCode":"UntrustedHost","incidenceCode":"SL-9BD6A25A"}
[WebServer] {"timestamp":"2026-10-10T17:56:01.343Z","level":"error","environment":"production","version":"1.15.9","commitSha":null,"deploymentId":null,"region":null,"message":"auth_error","operation":"auth","outcome":"error","errorCode":"UntrustedHost","incidenceCode":"SL-E5503444"}
[WebServer] {"timestamp":"2026-10-10T17:56:01.472Z","level":"error","environment":"production","version":"1.15.9","commitSha":null,"deploymentId":null,"region":null,"message":"auth_error","operation":"auth","outcome":"error","errorCode":"UntrustedHost","incidenceCode":"SL-5F34C39F"}
[WebServer] {"timestamp":"2026-10-10T17:56:01.495Z","level":"error","environment":"production","version":"1.15.9","commitSha":null,"deploymentId":null,"region":null,"message":"auth_error","operation":"auth","outcome":"error","errorCode":"UntrustedHost","incidenceCode":"SL-0FBA172D"}
  ok 70 [desktop-chromium] › tests\e2e\public-access.spec.ts:115:7 › @a11y public home has no serious Axe violations (1.9s)
[WebServer] {"timestamp":"2026-10-10T17:56:02.590Z","level":"warn","environment":"production","version":"1.15.9","commitSha":null,"deploymentId":null,"region":null,"message":"auth_error_page_rendered","route":"/auth/error","method":"GET","operation":"auth_error","outcome":"shown","errorCode":"Configuration","incidenceCode":"SL-CDEB483B"}
  ok 71 [desktop-chromium] › tests\e2e\public-access.spec.ts:115:7 › @a11y about has no serious Axe violations (2.2s)
[WebServer] {"timestamp":"2026-10-10T17:56:03.127Z","level":"error","environment":"production","version":"1.15.9","commitSha":null,"deploymentId":null,"region":null,"message":"auth_error","operation":"auth","outcome":"error","errorCode":"UntrustedHost","incidenceCode":"SL-E4AAFFD6"}
[WebServer] {"timestamp":"2026-10-10T17:56:03.181Z","level":"error","environment":"production","version":"1.15.9","commitSha":null,"deploymentId":null,"region":null,"message":"auth_error","operation":"auth","outcome":"error","errorCode":"UntrustedHost","incidenceCode":"SL-AA06E5C8"}
[WebServer] {"timestamp":"2026-10-10T17:56:03.498Z","level":"error","environment":"production","version":"1.15.9","commitSha":null,"deploymentId":null,"region":null,"message":"auth_error","operation":"auth","outcome":"error","errorCode":"UntrustedHost","incidenceCode":"SL-8E8092EC"}
[WebServer] {"timestamp":"2026-10-10T17:56:03.583Z","level":"error","environment":"production","version":"1.15.9","commitSha":null,"deploymentId":null,"region":null,"message":"auth_error","operation":"auth","outcome":"error","errorCode":"UntrustedHost","incidenceCode":"SL-F5FCEBDD"}
  ok 73 [desktop-chromium] › tests\e2e\public-access.spec.ts:126:5 › @visual anonymous home remains stable (1.2s)
[WebServer] {"timestamp":"2026-10-10T17:56:04.107Z","level":"warn","environment":"production","version":"1.15.9","commitSha":null,"deploymentId":null,"region":null,"message":"auth_error_page_rendered","route":"/auth/error","method":"GET","operation":"auth_error","outcome":"shown","errorCode":"Configuration","incidenceCode":"SL-747F60EB"}
  ok 72 [desktop-chromium] › tests\e2e\public-access.spec.ts:115:7 › @a11y authentication error has no serious Axe violations (1.9s)
[WebServer] {"timestamp":"2026-10-10T17:56:04.530Z","level":"error","environment":"production","version":"1.15.9","commitSha":null,"deploymentId":null,"region":null,"message":"auth_error","operation":"auth","outcome":"error","errorCode":"UntrustedHost","incidenceCode":"SL-434CA3C7"}
[WebServer] {"timestamp":"2026-10-10T17:56:04.575Z","level":"error","environment":"production","version":"1.15.9","commitSha":null,"deploymentId":null,"region":null,"message":"auth_error","operation":"auth","outcome":"error","errorCode":"UntrustedHost","incidenceCode":"SL-0CD9E545"}
  ok 74 [desktop-chromium] › tests\e2e\public-access.spec.ts:138:5 › @visual authentication error remains stable (910ms)
(node:20468) Warning: The 'NO_COLOR' env is ignored due to the 'FORCE_COLOR' env being set.
(Use `node --trace-warnings ...` to show where the warning was created)
(node:3824) Warning: The 'NO_COLOR' env is ignored due to the 'FORCE_COLOR' env being set.
(Use `node --trace-warnings ...` to show where the warning was created)
[WebServer] {"timestamp":"2026-10-10T17:56:06.480Z","level":"error","environment":"production","version":"1.15.9","commitSha":null,"deploymentId":null,"region":null,"message":"auth_error","operation":"auth","outcome":"error","errorCode":"UntrustedHost","incidenceCode":"SL-E1484D05"}
[WebServer] {"timestamp":"2026-10-10T17:56:06.732Z","level":"error","environment":"production","version":"1.15.9","commitSha":null,"deploymentId":null,"region":null,"message":"auth_error","operation":"auth","outcome":"error","errorCode":"UntrustedHost","incidenceCode":"SL-6F1D47EC"}
[WebServer] {"timestamp":"2026-10-10T17:56:06.852Z","level":"error","environment":"production","version":"1.15.9","commitSha":null,"deploymentId":null,"region":null,"message":"auth_error","operation":"auth","outcome":"error","errorCode":"UntrustedHost","incidenceCode":"SL-0FC12274"}
[WebServer] {"timestamp":"2026-10-10T17:56:07.717Z","level":"error","environment":"production","version":"1.15.9","commitSha":null,"deploymentId":null,"region":null,"message":"auth_error","operation":"auth","outcome":"error","errorCode":"UntrustedHost","incidenceCode":"SL-6A80F49F"}
[WebServer] {"timestamp":"2026-10-10T17:56:07.751Z","level":"error","environment":"production","version":"1.15.9","commitSha":null,"deploymentId":null,"region":null,"message":"auth_error","operation":"auth","outcome":"error","errorCode":"UntrustedHost","incidenceCode":"SL-182D898D"}
  ok 75 [pwa-chromium] › tests\e2e\pwa-offline.spec.ts:3:5 › keeps an authenticated session behind the offline fallback until a full retry (2.3s)
  ok 76 [pwa-chromium] › tests\e2e\pwa-offline.spec.ts:93:5 › redirects a fresh offline launch to the cached fallback (2.4s)

  76 passed (2.2m)
