
> smash-lob@1.15.9 test:e2e
> playwright test

[WebServer] (node:16676) Warning: The 'NO_COLOR' env is ignored due to the 'FORCE_COLOR' env being set.
[WebServer] (Use `node --trace-warnings ...` to show where the warning was created)
[WebServer] (node:16676) Warning: The 'NO_COLOR' env is ignored due to the 'FORCE_COLOR' env being set.
[WebServer] (Use `node --trace-warnings ...` to show where the warning was created)
[WebServer] (node:11808) Warning: The 'NO_COLOR' env is ignored due to the 'FORCE_COLOR' env being set.
[WebServer] (Use `node --trace-warnings ...` to show where the warning was created)
[WebServer] (node:17916) Warning: The 'NO_COLOR' env is ignored due to the 'FORCE_COLOR' env being set.
[WebServer] (Use `node --trace-warnings ...` to show where the warning was created)
[WebServer] (node:17124) Warning: The 'NO_COLOR' env is ignored due to the 'FORCE_COLOR' env being set.
[WebServer] (Use `node --trace-warnings ...` to show where the warning was created)
[WebServer] (node:9708) Warning: The 'NO_COLOR' env is ignored due to the 'FORCE_COLOR' env being set.
[WebServer] (Use `node --trace-warnings ...` to show where the warning was created)
[WebServer] (node:19040) Warning: The 'NO_COLOR' env is ignored due to the 'FORCE_COLOR' env being set.
[WebServer] (Use `node --trace-warnings ...` to show where the warning was created)
[WebServer] (node:18468) Warning: The 'NO_COLOR' env is ignored due to the 'FORCE_COLOR' env being set.
[WebServer] (Use `node --trace-warnings ...` to show where the warning was created)
[WebServer] (node:15480) Warning: The 'NO_COLOR' env is ignored due to the 'FORCE_COLOR' env being set.
[WebServer] (Use `node --trace-warnings ...` to show where the warning was created)
[WebServer] (node:5264) Warning: The 'NO_COLOR' env is ignored due to the 'FORCE_COLOR' env being set.
[WebServer] (Use `node --trace-warnings ...` to show where the warning was created)
[WebServer] (node:21212) Warning: The 'NO_COLOR' env is ignored due to the 'FORCE_COLOR' env being set.
[WebServer] (Use `node --trace-warnings ...` to show where the warning was created)

Running 76 tests using 2 workers

(node:15796) Warning: The 'NO_COLOR' env is ignored due to the 'FORCE_COLOR' env being set.
(Use `node --trace-warnings ...` to show where the warning was created)
(node:18972) Warning: The 'NO_COLOR' env is ignored due to the 'FORCE_COLOR' env being set.
(Use `node --trace-warnings ...` to show where the warning was created)
[WebServer] {"timestamp":"2026-10-10T18:36:38.908Z","level":"error","environment":"production","version":"1.15.9","commitSha":null,"deploymentId":null,"region":null,"message":"auth_error","operation":"auth","outcome":"error","errorCode":"UntrustedHost","incidenceCode":"SL-586F10AB"}
[WebServer] {"timestamp":"2026-10-10T18:36:38.973Z","level":"error","environment":"production","version":"1.15.9","commitSha":null,"deploymentId":null,"region":null,"message":"auth_error","operation":"auth","outcome":"error","errorCode":"UntrustedHost","incidenceCode":"SL-48BCF0E1"}
  ok  1 [mobile-chromium] › tests\e2e\authenticated-screens.spec.ts:17:5 › welcome pack uses the final overgrip design and prints a full A4 sheet (3.5s)
  ok  2 [mobile-chromium] › tests\e2e\authenticated-screens.spec.ts:32:5 › welcome pack selects sticker designs and prints them together on one A4 sheet (4.2s)
[WebServer] {"timestamp":"2026-10-10T18:36:42.732Z","level":"error","environment":"production","version":"1.15.9","commitSha":null,"deploymentId":null,"region":null,"message":"auth_error","operation":"auth","outcome":"error","errorCode":"UntrustedHost","incidenceCode":"SL-3CC0799F"}
[WebServer] {"timestamp":"2026-10-10T18:36:43.226Z","level":"error","environment":"production","version":"1.15.9","commitSha":null,"deploymentId":null,"region":null,"message":"auth_error","operation":"auth","outcome":"error","errorCode":"UntrustedHost","incidenceCode":"SL-1626A196"}
  ok  3 [mobile-chromium] › tests\e2e\authenticated-screens.spec.ts:54:5 › cached league access waits until the initial snapshot request finishes (3.0s)
[WebServer] {"timestamp":"2026-10-10T18:36:44.049Z","level":"error","environment":"production","version":"1.15.9","commitSha":null,"deploymentId":null,"region":null,"message":"auth_error","operation":"auth","outcome":"error","errorCode":"UntrustedHost","incidenceCode":"SL-EF147A4B"}
  ok  4 [mobile-chromium] › tests\e2e\authenticated-screens.spec.ts:65:5 › proposal votes wait for confirmation, prevent duplicate writes and survive reload (3.5s)
[WebServer] {"timestamp":"2026-10-10T18:36:44.777Z","level":"error","environment":"production","version":"1.15.9","commitSha":null,"deploymentId":null,"region":null,"message":"auth_error","operation":"auth","outcome":"error","errorCode":"UntrustedHost","incidenceCode":"SL-A72EDB6E"}
[WebServer] {"timestamp":"2026-10-10T18:36:45.074Z","level":"error","environment":"production","version":"1.15.9","commitSha":null,"deploymentId":null,"region":null,"message":"auth_error","operation":"auth","outcome":"error","errorCode":"UntrustedHost","incidenceCode":"SL-D7D01205"}
  ok  5 [mobile-chromium] › tests\e2e\authenticated-screens.spec.ts:99:5 › calendar view selector fits without horizontal scrolling (1.9s)
[WebServer] {"timestamp":"2026-10-10T18:36:45.906Z","level":"error","environment":"production","version":"1.15.9","commitSha":null,"deploymentId":null,"region":null,"message":"auth_error","operation":"auth","outcome":"error","errorCode":"UntrustedHost","incidenceCode":"SL-08BA4A82"}
[WebServer] {"timestamp":"2026-10-10T18:36:46.677Z","level":"error","environment":"production","version":"1.15.9","commitSha":null,"deploymentId":null,"region":null,"message":"auth_error","operation":"auth","outcome":"error","errorCode":"UntrustedHost","incidenceCode":"SL-95F45B86"}
[WebServer] {"timestamp":"2026-10-10T18:36:46.911Z","level":"error","environment":"production","version":"1.15.9","commitSha":null,"deploymentId":null,"region":null,"message":"auth_error","operation":"auth","outcome":"error","errorCode":"UntrustedHost","incidenceCode":"SL-A6AE786A"}
[WebServer] {"timestamp":"2026-10-10T18:36:47.944Z","level":"error","environment":"production","version":"1.15.9","commitSha":null,"deploymentId":null,"region":null,"message":"auth_error","operation":"auth","outcome":"error","errorCode":"UntrustedHost","incidenceCode":"SL-9FC43885"}
  ok  6 [mobile-chromium] › tests\e2e\authenticated-screens.spec.ts:106:5 › friendly chat reservation opens calendar options in both Competition modes (4.2s)
  ok  7 [mobile-chromium] › tests\e2e\authenticated-screens.spec.ts:129:5 › league spectator share shows a downloadable QR and shares the league link (3.4s)
[WebServer] {"timestamp":"2026-10-10T18:36:50.143Z","level":"error","environment":"production","version":"1.15.9","commitSha":null,"deploymentId":null,"region":null,"message":"auth_error","operation":"auth","outcome":"error","errorCode":"UntrustedHost","incidenceCode":"SL-F70B0B32"}
[WebServer] {"timestamp":"2026-10-10T18:36:50.150Z","level":"error","environment":"production","version":"1.15.9","commitSha":null,"deploymentId":null,"region":null,"message":"auth_error","operation":"auth","outcome":"error","errorCode":"UntrustedHost","incidenceCode":"SL-3B7F3078"}
[WebServer] {"timestamp":"2026-10-10T18:36:50.420Z","level":"error","environment":"production","version":"1.15.9","commitSha":null,"deploymentId":null,"region":null,"message":"auth_error","operation":"auth","outcome":"error","errorCode":"UntrustedHost","incidenceCode":"SL-194B1BC1"}
[WebServer] {"timestamp":"2026-10-10T18:36:50.535Z","level":"error","environment":"production","version":"1.15.9","commitSha":null,"deploymentId":null,"region":null,"message":"auth_error","operation":"auth","outcome":"error","errorCode":"UntrustedHost","incidenceCode":"SL-4638CAF1"}
  ok  8 [mobile-chromium] › tests\e2e\authenticated-screens.spec.ts:257:7 › @a11y authenticated home has no serious Axe violations (3.8s)
[WebServer] {"timestamp":"2026-10-10T18:36:53.527Z","level":"error","environment":"production","version":"1.15.9","commitSha":null,"deploymentId":null,"region":null,"message":"auth_error","operation":"auth","outcome":"error","errorCode":"UntrustedHost","incidenceCode":"SL-ED0ACCCB"}
[WebServer] {"timestamp":"2026-10-10T18:36:53.651Z","level":"error","environment":"production","version":"1.15.9","commitSha":null,"deploymentId":null,"region":null,"message":"auth_error","operation":"auth","outcome":"error","errorCode":"UntrustedHost","incidenceCode":"SL-6C558183"}
  ok  9 [mobile-chromium] › tests\e2e\authenticated-screens.spec.ts:257:7 › @a11y authenticated matches has no serious Axe violations (5.6s)
[WebServer] {"timestamp":"2026-10-10T18:36:55.495Z","level":"error","environment":"production","version":"1.15.9","commitSha":null,"deploymentId":null,"region":null,"message":"auth_error","operation":"auth","outcome":"error","errorCode":"UntrustedHost","incidenceCode":"SL-3988E6DE"}
[WebServer] {"timestamp":"2026-10-10T18:36:55.658Z","level":"error","environment":"production","version":"1.15.9","commitSha":null,"deploymentId":null,"region":null,"message":"auth_error","operation":"auth","outcome":"error","errorCode":"UntrustedHost","incidenceCode":"SL-C72B82E6"}
  ok 10 [mobile-chromium] › tests\e2e\authenticated-screens.spec.ts:257:7 › @a11y authenticated ranking has no serious Axe violations (3.4s)
[WebServer] {"timestamp":"2026-10-10T18:36:57.284Z","level":"error","environment":"production","version":"1.15.9","commitSha":null,"deploymentId":null,"region":null,"message":"auth_error","operation":"auth","outcome":"error","errorCode":"UntrustedHost","incidenceCode":"SL-BC1AEA2D"}
[WebServer] {"timestamp":"2026-10-10T18:36:57.490Z","level":"error","environment":"production","version":"1.15.9","commitSha":null,"deploymentId":null,"region":null,"message":"auth_error","operation":"auth","outcome":"error","errorCode":"UntrustedHost","incidenceCode":"SL-2390E67B"}
  ok 11 [mobile-chromium] › tests\e2e\authenticated-screens.spec.ts:257:7 › @a11y authenticated statistics has no serious Axe violations (3.6s)
[WebServer] {"timestamp":"2026-10-10T18:36:59.246Z","level":"error","environment":"production","version":"1.15.9","commitSha":null,"deploymentId":null,"region":null,"message":"auth_error","operation":"auth","outcome":"error","errorCode":"UntrustedHost","incidenceCode":"SL-15D41CBF"}
  ok 12 [mobile-chromium] › tests\e2e\authenticated-screens.spec.ts:257:7 › @a11y authenticated settings has no serious Axe violations (4.0s)
  ok 13 [mobile-chromium] › tests\e2e\authenticated-screens.spec.ts:257:7 › @a11y authenticated invitation has no serious Axe violations (2.9s)
[WebServer] {"timestamp":"2026-10-10T18:37:01.341Z","level":"error","environment":"production","version":"1.15.9","commitSha":null,"deploymentId":null,"region":null,"message":"auth_error","operation":"auth","outcome":"error","errorCode":"UntrustedHost","incidenceCode":"SL-90D5BB7E"}
[WebServer] {"timestamp":"2026-10-10T18:37:02.165Z","level":"error","environment":"production","version":"1.15.9","commitSha":null,"deploymentId":null,"region":null,"message":"auth_error","operation":"auth","outcome":"error","errorCode":"UntrustedHost","incidenceCode":"SL-1F84F8B9"}
[WebServer] {"timestamp":"2026-10-10T18:37:02.362Z","level":"error","environment":"production","version":"1.15.9","commitSha":null,"deploymentId":null,"region":null,"message":"auth_error","operation":"auth","outcome":"error","errorCode":"UntrustedHost","incidenceCode":"SL-5018FA44"}
  ok 15 [mobile-chromium] › tests\e2e\authenticated-screens.spec.ts:257:7 › @a11y authenticated season-summary has no serious Axe violations (3.1s)
[WebServer] {"timestamp":"2026-10-10T18:37:05.128Z","level":"error","environment":"production","version":"1.15.9","commitSha":null,"deploymentId":null,"region":null,"message":"auth_error","operation":"auth","outcome":"error","errorCode":"UntrustedHost","incidenceCode":"SL-F82C2695"}
[WebServer] {"timestamp":"2026-10-10T18:37:05.361Z","level":"error","environment":"production","version":"1.15.9","commitSha":null,"deploymentId":null,"region":null,"message":"auth_error","operation":"auth","outcome":"error","errorCode":"UntrustedHost","incidenceCode":"SL-2F63D641"}
  ok 14 [mobile-chromium] › tests\e2e\authenticated-screens.spec.ts:257:7 › @a11y authenticated season-admin has no serious Axe violations (5.0s)
  ok 16 [mobile-chromium] › tests\e2e\authenticated-screens.spec.ts:276:7 › @visual authenticated home remains stable (1.7s)
[WebServer] {"timestamp":"2026-10-10T18:37:06.259Z","level":"error","environment":"production","version":"1.15.9","commitSha":null,"deploymentId":null,"region":null,"message":"auth_error","operation":"auth","outcome":"error","errorCode":"UntrustedHost","incidenceCode":"SL-5E1D2F04"}
[WebServer] {"timestamp":"2026-10-10T18:37:06.581Z","level":"error","environment":"production","version":"1.15.9","commitSha":null,"deploymentId":null,"region":null,"message":"auth_error","operation":"auth","outcome":"error","errorCode":"UntrustedHost","incidenceCode":"SL-9514FE81"}
[WebServer] {"timestamp":"2026-10-10T18:37:07.046Z","level":"error","environment":"production","version":"1.15.9","commitSha":null,"deploymentId":null,"region":null,"message":"auth_error","operation":"auth","outcome":"error","errorCode":"UntrustedHost","incidenceCode":"SL-33539761"}
[WebServer] {"timestamp":"2026-10-10T18:37:07.179Z","level":"error","environment":"production","version":"1.15.9","commitSha":null,"deploymentId":null,"region":null,"message":"auth_error","operation":"auth","outcome":"error","errorCode":"UntrustedHost","incidenceCode":"SL-0EA43FC4"}
  ok 18 [mobile-chromium] › tests\e2e\authenticated-screens.spec.ts:276:7 › @visual authenticated ranking remains stable (1.5s)
  ok 17 [mobile-chromium] › tests\e2e\authenticated-screens.spec.ts:276:7 › @visual authenticated matches remains stable (2.2s)
[WebServer] {"timestamp":"2026-10-10T18:37:08.626Z","level":"error","environment":"production","version":"1.15.9","commitSha":null,"deploymentId":null,"region":null,"message":"auth_error","operation":"auth","outcome":"error","errorCode":"UntrustedHost","incidenceCode":"SL-0BE4870F"}
[WebServer] {"timestamp":"2026-10-10T18:37:08.656Z","level":"error","environment":"production","version":"1.15.9","commitSha":null,"deploymentId":null,"region":null,"message":"auth_error","operation":"auth","outcome":"error","errorCode":"UntrustedHost","incidenceCode":"SL-54040154"}
[WebServer] {"timestamp":"2026-10-10T18:37:08.828Z","level":"error","environment":"production","version":"1.15.9","commitSha":null,"deploymentId":null,"region":null,"message":"auth_error","operation":"auth","outcome":"error","errorCode":"UntrustedHost","incidenceCode":"SL-6A4000A9"}
[WebServer] {"timestamp":"2026-10-10T18:37:08.897Z","level":"error","environment":"production","version":"1.15.9","commitSha":null,"deploymentId":null,"region":null,"message":"auth_error","operation":"auth","outcome":"error","errorCode":"UntrustedHost","incidenceCode":"SL-9EE6A2ED"}
  ok 19 [mobile-chromium] › tests\e2e\authenticated-screens.spec.ts:276:7 › @visual authenticated statistics remains stable (2.0s)
  ok 20 [mobile-chromium] › tests\e2e\authenticated-screens.spec.ts:276:7 › @visual authenticated settings remains stable (2.1s)
[WebServer] {"timestamp":"2026-10-10T18:37:10.661Z","level":"error","environment":"production","version":"1.15.9","commitSha":null,"deploymentId":null,"region":null,"message":"auth_error","operation":"auth","outcome":"error","errorCode":"UntrustedHost","incidenceCode":"SL-2A76D5E4"}
[WebServer] {"timestamp":"2026-10-10T18:37:10.876Z","level":"error","environment":"production","version":"1.15.9","commitSha":null,"deploymentId":null,"region":null,"message":"auth_error","operation":"auth","outcome":"error","errorCode":"UntrustedHost","incidenceCode":"SL-CEED86DB"}
  ok 21 [mobile-chromium] › tests\e2e\authenticated-screens.spec.ts:276:7 › @visual authenticated invitation remains stable (1.6s)
[WebServer] {"timestamp":"2026-10-10T18:37:12.111Z","level":"error","environment":"production","version":"1.15.9","commitSha":null,"deploymentId":null,"region":null,"message":"auth_error","operation":"auth","outcome":"error","errorCode":"UntrustedHost","incidenceCode":"SL-89EC12B6"}
[WebServer] {"timestamp":"2026-10-10T18:37:12.283Z","level":"error","environment":"production","version":"1.15.9","commitSha":null,"deploymentId":null,"region":null,"message":"auth_error","operation":"auth","outcome":"error","errorCode":"UntrustedHost","incidenceCode":"SL-D9CD20BA"}
  ok 22 [mobile-chromium] › tests\e2e\authenticated-screens.spec.ts:276:7 › @visual authenticated season-admin remains stable (2.9s)
  ok 23 [mobile-chromium] › tests\e2e\authenticated-screens.spec.ts:276:7 › @visual authenticated season-summary remains stable (1.6s)
[WebServer] {"timestamp":"2026-10-10T18:37:13.636Z","level":"error","environment":"production","version":"1.15.9","commitSha":null,"deploymentId":null,"region":null,"message":"auth_error","operation":"auth","outcome":"error","errorCode":"UntrustedHost","incidenceCode":"SL-0F6849B3"}
[WebServer] {"timestamp":"2026-10-10T18:37:13.953Z","level":"error","environment":"production","version":"1.15.9","commitSha":null,"deploymentId":null,"region":null,"message":"auth_error","operation":"auth","outcome":"error","errorCode":"UntrustedHost","incidenceCode":"SL-C7718E36"}
[WebServer] {"timestamp":"2026-10-10T18:37:14.007Z","level":"error","environment":"production","version":"1.15.9","commitSha":null,"deploymentId":null,"region":null,"message":"auth_error","operation":"auth","outcome":"error","errorCode":"UntrustedHost","incidenceCode":"SL-F6D3DCCE"}
[WebServer] {"timestamp":"2026-10-10T18:37:14.316Z","level":"error","environment":"production","version":"1.15.9","commitSha":null,"deploymentId":null,"region":null,"message":"auth_error","operation":"auth","outcome":"error","errorCode":"UntrustedHost","incidenceCode":"SL-F8C3E4D3"}
  ok 24 [mobile-chromium] › tests\e2e\authenticated-screens.spec.ts:312:5 › guided help can repeat the current screen tour (2.5s)
  ok 25 [mobile-chromium] › tests\e2e\authenticated-screens.spec.ts:325:5 › repeating the home guide skips the one-time welcome (2.3s)
[WebServer] {"timestamp":"2026-10-10T18:37:16.212Z","level":"error","environment":"production","version":"1.15.9","commitSha":null,"deploymentId":null,"region":null,"message":"auth_error","operation":"auth","outcome":"error","errorCode":"UntrustedHost","incidenceCode":"SL-F114D8A2"}
[WebServer] {"timestamp":"2026-10-10T18:37:16.299Z","level":"error","environment":"production","version":"1.15.9","commitSha":null,"deploymentId":null,"region":null,"message":"auth_error","operation":"auth","outcome":"error","errorCode":"UntrustedHost","incidenceCode":"SL-0881E443"}
  ok 27 [mobile-chromium] › tests\e2e\authenticated-screens.spec.ts:448:5 › personal matches hide the whole upcoming section when there is no future match (1.6s)
  ok 26 [mobile-chromium] › tests\e2e\authenticated-screens.spec.ts:335:5 › personal matches use a separate simplified mode (1.8s)
[WebServer] {"timestamp":"2026-10-10T18:37:17.707Z","level":"error","environment":"production","version":"1.15.9","commitSha":null,"deploymentId":null,"region":null,"message":"auth_error","operation":"auth","outcome":"error","errorCode":"UntrustedHost","incidenceCode":"SL-34748E3C"}
[WebServer] {"timestamp":"2026-10-10T18:37:17.774Z","level":"error","environment":"production","version":"1.15.9","commitSha":null,"deploymentId":null,"region":null,"message":"auth_error","operation":"auth","outcome":"error","errorCode":"UntrustedHost","incidenceCode":"SL-FB6868CB"}
[WebServer] {"timestamp":"2026-10-10T18:37:18.081Z","level":"error","environment":"production","version":"1.15.9","commitSha":null,"deploymentId":null,"region":null,"message":"auth_error","operation":"auth","outcome":"error","errorCode":"UntrustedHost","incidenceCode":"SL-8DAE89C0"}
[WebServer] {"timestamp":"2026-10-10T18:37:18.132Z","level":"error","environment":"production","version":"1.15.9","commitSha":null,"deploymentId":null,"region":null,"message":"auth_error","operation":"auth","outcome":"error","errorCode":"UntrustedHost","incidenceCode":"SL-2CF7C632"}
  ok 28 [mobile-chromium] › tests\e2e\public-access.spec.ts:4:5 › opens the app without a session (1.3s)
[WebServer] {"timestamp":"2026-10-10T18:37:18.521Z","level":"error","environment":"production","version":"1.15.9","commitSha":null,"deploymentId":null,"region":null,"message":"auth_error","operation":"auth","outcome":"error","errorCode":"UntrustedHost","incidenceCode":"SL-74A49A2F"}
[WebServer] {"timestamp":"2026-10-10T18:37:18.540Z","level":"error","environment":"production","version":"1.15.9","commitSha":null,"deploymentId":null,"region":null,"message":"auth_error","operation":"auth","outcome":"error","errorCode":"UntrustedHost","incidenceCode":"SL-8643A918"}
  ok 29 [mobile-chromium] › tests\e2e\public-access.spec.ts:13:5 › recovers an invitation when the installed app starts (1.7s)
[WebServer] {"timestamp":"2026-10-10T18:37:18.996Z","level":"error","environment":"production","version":"1.15.9","commitSha":null,"deploymentId":null,"region":null,"message":"auth_error","operation":"auth","outcome":"error","errorCode":"UntrustedHost","incidenceCode":"SL-581C7A08"}
[WebServer] {"timestamp":"2026-10-10T18:37:19.061Z","level":"error","environment":"production","version":"1.15.9","commitSha":null,"deploymentId":null,"region":null,"message":"auth_error","operation":"auth","outcome":"error","errorCode":"UntrustedHost","incidenceCode":"SL-A4338018"}
[WebServer] {"timestamp":"2026-10-10T18:37:19.562Z","level":"error","environment":"production","version":"1.15.9","commitSha":null,"deploymentId":null,"region":null,"message":"auth_error","operation":"auth","outcome":"error","errorCode":"UntrustedHost","incidenceCode":"SL-3C996862"}
[WebServer] {"timestamp":"2026-10-10T18:37:19.611Z","level":"error","environment":"production","version":"1.15.9","commitSha":null,"deploymentId":null,"region":null,"message":"auth_error","operation":"auth","outcome":"error","errorCode":"UntrustedHost","incidenceCode":"SL-D642A87D"}
  ok 30 [mobile-chromium] › tests\e2e\public-access.spec.ts:35:5 › spectator invitation opens a read-only league without signing in (1.3s)
[WebServer] {"timestamp":"2026-10-10T18:37:19.782Z","level":"warn","environment":"production","version":"1.15.9","commitSha":null,"deploymentId":null,"region":null,"message":"auth_error_page_rendered","route":"/auth/error","method":"GET","operation":"auth_error","outcome":"shown","errorCode":"Configuration","incidenceCode":"SL-A587DEBC"}
  ok 31 [mobile-chromium] › tests\e2e\public-access.spec.ts:69:5 › spectator invitation landing page renders without the authenticated app providers (1.1s)
[WebServer] {"timestamp":"2026-10-10T18:37:20.333Z","level":"error","environment":"production","version":"1.15.9","commitSha":null,"deploymentId":null,"region":null,"message":"auth_error","operation":"auth","outcome":"error","errorCode":"UntrustedHost","incidenceCode":"SL-E71159B6"}
[WebServer] {"timestamp":"2026-10-10T18:37:20.391Z","level":"error","environment":"production","version":"1.15.9","commitSha":null,"deploymentId":null,"region":null,"message":"auth_error","operation":"auth","outcome":"error","errorCode":"UntrustedHost","incidenceCode":"SL-21C0AC34"}
[WebServer] {"timestamp":"2026-10-10T18:37:20.636Z","level":"error","environment":"production","version":"1.15.9","commitSha":null,"deploymentId":null,"region":null,"message":"auth_error","operation":"auth","outcome":"error","errorCode":"UntrustedHost","incidenceCode":"SL-CDD8672D"}
  ok 32 [mobile-chromium] › tests\e2e\public-access.spec.ts:97:5 › shows an actionable authentication error with an incidence code (1.0s)
[WebServer] {"timestamp":"2026-10-10T18:37:20.669Z","level":"error","environment":"production","version":"1.15.9","commitSha":null,"deploymentId":null,"region":null,"message":"auth_error","operation":"auth","outcome":"error","errorCode":"UntrustedHost","incidenceCode":"SL-F0AAAD08"}
[WebServer] {"timestamp":"2026-10-10T18:37:21.331Z","level":"error","environment":"production","version":"1.15.9","commitSha":null,"deploymentId":null,"region":null,"message":"auth_error","operation":"auth","outcome":"error","errorCode":"UntrustedHost","incidenceCode":"SL-30AB3F36"}
[WebServer] {"timestamp":"2026-10-10T18:37:21.362Z","level":"error","environment":"production","version":"1.15.9","commitSha":null,"deploymentId":null,"region":null,"message":"auth_error","operation":"auth","outcome":"error","errorCode":"UntrustedHost","incidenceCode":"SL-499038FA"}
  ok 33 [mobile-chromium] › tests\e2e\public-access.spec.ts:115:7 › @a11y public home has no serious Axe violations (2.0s)
[WebServer] {"timestamp":"2026-10-10T18:37:22.143Z","level":"warn","environment":"production","version":"1.15.9","commitSha":null,"deploymentId":null,"region":null,"message":"auth_error_page_rendered","route":"/auth/error","method":"GET","operation":"auth_error","outcome":"shown","errorCode":"Configuration","incidenceCode":"SL-C1C7EE33"}
[WebServer] {"timestamp":"2026-10-10T18:37:22.576Z","level":"error","environment":"production","version":"1.15.9","commitSha":null,"deploymentId":null,"region":null,"message":"auth_error","operation":"auth","outcome":"error","errorCode":"UntrustedHost","incidenceCode":"SL-4CE49152"}
[WebServer] {"timestamp":"2026-10-10T18:37:22.604Z","level":"error","environment":"production","version":"1.15.9","commitSha":null,"deploymentId":null,"region":null,"message":"auth_error","operation":"auth","outcome":"error","errorCode":"UntrustedHost","incidenceCode":"SL-F9AB8BBE"}
  ok 34 [mobile-chromium] › tests\e2e\public-access.spec.ts:115:7 › @a11y about has no serious Axe violations (2.1s)
[WebServer] {"timestamp":"2026-10-10T18:37:23.431Z","level":"error","environment":"production","version":"1.15.9","commitSha":null,"deploymentId":null,"region":null,"message":"auth_error","operation":"auth","outcome":"error","errorCode":"UntrustedHost","incidenceCode":"SL-F602DE07"}
[WebServer] {"timestamp":"2026-10-10T18:37:23.509Z","level":"error","environment":"production","version":"1.15.9","commitSha":null,"deploymentId":null,"region":null,"message":"auth_error","operation":"auth","outcome":"error","errorCode":"UntrustedHost","incidenceCode":"SL-9A98B7F8"}
  ok 35 [mobile-chromium] › tests\e2e\public-access.spec.ts:115:7 › @a11y authentication error has no serious Axe violations (1.8s)
  ok 36 [mobile-chromium] › tests\e2e\public-access.spec.ts:126:5 › @visual anonymous home remains stable (1.0s)
[WebServer] {"timestamp":"2026-10-10T18:37:23.969Z","level":"warn","environment":"production","version":"1.15.9","commitSha":null,"deploymentId":null,"region":null,"message":"auth_error_page_rendered","route":"/auth/error","method":"GET","operation":"auth_error","outcome":"shown","errorCode":"Configuration","incidenceCode":"SL-D751514B"}
[WebServer] {"timestamp":"2026-10-10T18:37:24.443Z","level":"error","environment":"production","version":"1.15.9","commitSha":null,"deploymentId":null,"region":null,"message":"auth_error","operation":"auth","outcome":"error","errorCode":"UntrustedHost","incidenceCode":"SL-8C6CE7AD"}
[WebServer] {"timestamp":"2026-10-10T18:37:24.481Z","level":"error","environment":"production","version":"1.15.9","commitSha":null,"deploymentId":null,"region":null,"message":"auth_error","operation":"auth","outcome":"error","errorCode":"UntrustedHost","incidenceCode":"SL-3F965E68"}
  ok 37 [mobile-chromium] › tests\e2e\public-access.spec.ts:138:5 › @visual authentication error remains stable (959ms)
(node:15088) Warning: The 'NO_COLOR' env is ignored due to the 'FORCE_COLOR' env being set.
(Use `node --trace-warnings ...` to show where the warning was created)
(node:20340) Warning: The 'NO_COLOR' env is ignored due to the 'FORCE_COLOR' env being set.
(Use `node --trace-warnings ...` to show where the warning was created)
[WebServer] {"timestamp":"2026-10-10T18:37:26.395Z","level":"error","environment":"production","version":"1.15.9","commitSha":null,"deploymentId":null,"region":null,"message":"auth_error","operation":"auth","outcome":"error","errorCode":"UntrustedHost","incidenceCode":"SL-DA6356D8"}
  ok 38 [desktop-chromium] › tests\e2e\authenticated-screens.spec.ts:17:5 › welcome pack uses the final overgrip design and prints a full A4 sheet (2.0s)
[WebServer] {"timestamp":"2026-10-10T18:37:27.918Z","level":"error","environment":"production","version":"1.15.9","commitSha":null,"deploymentId":null,"region":null,"message":"auth_error","operation":"auth","outcome":"error","errorCode":"UntrustedHost","incidenceCode":"SL-1C1E3455"}
[WebServer] {"timestamp":"2026-10-10T18:37:29.102Z","level":"error","environment":"production","version":"1.15.9","commitSha":null,"deploymentId":null,"region":null,"message":"auth_error","operation":"auth","outcome":"error","errorCode":"UntrustedHost","incidenceCode":"SL-D82C6CFC"}
  ok 40 [desktop-chromium] › tests\e2e\authenticated-screens.spec.ts:54:5 › cached league access waits until the initial snapshot request finishes (1.6s)
  ok 39 [desktop-chromium] › tests\e2e\authenticated-screens.spec.ts:32:5 › welcome pack selects sticker designs and prints them together on one A4 sheet (3.0s)
[WebServer] {"timestamp":"2026-10-10T18:37:30.316Z","level":"error","environment":"production","version":"1.15.9","commitSha":null,"deploymentId":null,"region":null,"message":"auth_error","operation":"auth","outcome":"error","errorCode":"UntrustedHost","incidenceCode":"SL-56F969CF"}
[WebServer] {"timestamp":"2026-10-10T18:37:30.815Z","level":"error","environment":"production","version":"1.15.9","commitSha":null,"deploymentId":null,"region":null,"message":"auth_error","operation":"auth","outcome":"error","errorCode":"UntrustedHost","incidenceCode":"SL-A48017C6"}
[WebServer] {"timestamp":"2026-10-10T18:37:31.223Z","level":"error","environment":"production","version":"1.15.9","commitSha":null,"deploymentId":null,"region":null,"message":"auth_error","operation":"auth","outcome":"error","errorCode":"UntrustedHost","incidenceCode":"SL-DA66A9A3"}
[WebServer] {"timestamp":"2026-10-10T18:37:31.455Z","level":"error","environment":"production","version":"1.15.9","commitSha":null,"deploymentId":null,"region":null,"message":"auth_error","operation":"auth","outcome":"error","errorCode":"UntrustedHost","incidenceCode":"SL-28117E4D"}
  ok 42 [desktop-chromium] › tests\e2e\authenticated-screens.spec.ts:99:5 › calendar view selector fits without horizontal scrolling (1.8s)
  ok 41 [desktop-chromium] › tests\e2e\authenticated-screens.spec.ts:65:5 › proposal votes wait for confirmation, prevent duplicate writes and survive reload (2.7s)
[WebServer] {"timestamp":"2026-10-10T18:37:32.716Z","level":"error","environment":"production","version":"1.15.9","commitSha":null,"deploymentId":null,"region":null,"message":"auth_error","operation":"auth","outcome":"error","errorCode":"UntrustedHost","incidenceCode":"SL-D3A85D3C"}
[WebServer] {"timestamp":"2026-10-10T18:37:33.109Z","level":"error","environment":"production","version":"1.15.9","commitSha":null,"deploymentId":null,"region":null,"message":"auth_error","operation":"auth","outcome":"error","errorCode":"UntrustedHost","incidenceCode":"SL-9C9B649C"}
[WebServer] {"timestamp":"2026-10-10T18:37:33.373Z","level":"error","environment":"production","version":"1.15.9","commitSha":null,"deploymentId":null,"region":null,"message":"auth_error","operation":"auth","outcome":"error","errorCode":"UntrustedHost","incidenceCode":"SL-F4C6115D"}
[WebServer] {"timestamp":"2026-10-10T18:37:34.483Z","level":"error","environment":"production","version":"1.15.9","commitSha":null,"deploymentId":null,"region":null,"message":"auth_error","operation":"auth","outcome":"error","errorCode":"UntrustedHost","incidenceCode":"SL-DBBFB73E"}
  ok 43 [desktop-chromium] › tests\e2e\authenticated-screens.spec.ts:106:5 › friendly chat reservation opens calendar options in both Competition modes (3.8s)
  ok 44 [desktop-chromium] › tests\e2e\authenticated-screens.spec.ts:129:5 › league spectator share shows a downloadable QR and shares the league link (3.8s)
[WebServer] {"timestamp":"2026-10-10T18:37:36.540Z","level":"error","environment":"production","version":"1.15.9","commitSha":null,"deploymentId":null,"region":null,"message":"auth_error","operation":"auth","outcome":"error","errorCode":"UntrustedHost","incidenceCode":"SL-D8F370BD"}
[WebServer] {"timestamp":"2026-10-10T18:37:36.868Z","level":"error","environment":"production","version":"1.15.9","commitSha":null,"deploymentId":null,"region":null,"message":"auth_error","operation":"auth","outcome":"error","errorCode":"UntrustedHost","incidenceCode":"SL-9E09B361"}
[WebServer] {"timestamp":"2026-10-10T18:37:36.994Z","level":"error","environment":"production","version":"1.15.9","commitSha":null,"deploymentId":null,"region":null,"message":"auth_error","operation":"auth","outcome":"error","errorCode":"UntrustedHost","incidenceCode":"SL-2CD34336"}
[WebServer] {"timestamp":"2026-10-10T18:37:37.422Z","level":"error","environment":"production","version":"1.15.9","commitSha":null,"deploymentId":null,"region":null,"message":"auth_error","operation":"auth","outcome":"error","errorCode":"UntrustedHost","incidenceCode":"SL-F2504716"}
  ok 45 [desktop-chromium] › tests\e2e\authenticated-screens.spec.ts:257:7 › @a11y authenticated home has no serious Axe violations (4.0s)
[WebServer] {"timestamp":"2026-10-10T18:37:40.207Z","level":"error","environment":"production","version":"1.15.9","commitSha":null,"deploymentId":null,"region":null,"message":"auth_error","operation":"auth","outcome":"error","errorCode":"UntrustedHost","incidenceCode":"SL-583299E0"}
[WebServer] {"timestamp":"2026-10-10T18:37:40.356Z","level":"error","environment":"production","version":"1.15.9","commitSha":null,"deploymentId":null,"region":null,"message":"auth_error","operation":"auth","outcome":"error","errorCode":"UntrustedHost","incidenceCode":"SL-17D6EA26"}
  ok 46 [desktop-chromium] › tests\e2e\authenticated-screens.spec.ts:257:7 › @a11y authenticated matches has no serious Axe violations (5.8s)
[WebServer] {"timestamp":"2026-10-10T18:37:42.433Z","level":"error","environment":"production","version":"1.15.9","commitSha":null,"deploymentId":null,"region":null,"message":"auth_error","operation":"auth","outcome":"error","errorCode":"UntrustedHost","incidenceCode":"SL-DDDD264C"}
[WebServer] {"timestamp":"2026-10-10T18:37:42.589Z","level":"error","environment":"production","version":"1.15.9","commitSha":null,"deploymentId":null,"region":null,"message":"auth_error","operation":"auth","outcome":"error","errorCode":"UntrustedHost","incidenceCode":"SL-F1779B1D"}
  ok 47 [desktop-chromium] › tests\e2e\authenticated-screens.spec.ts:257:7 › @a11y authenticated ranking has no serious Axe violations (3.1s)
[WebServer] {"timestamp":"2026-10-10T18:37:43.498Z","level":"error","environment":"production","version":"1.15.9","commitSha":null,"deploymentId":null,"region":null,"message":"auth_error","operation":"auth","outcome":"error","errorCode":"UntrustedHost","incidenceCode":"SL-C549C593"}
[WebServer] {"timestamp":"2026-10-10T18:37:43.616Z","level":"error","environment":"production","version":"1.15.9","commitSha":null,"deploymentId":null,"region":null,"message":"auth_error","operation":"auth","outcome":"error","errorCode":"UntrustedHost","incidenceCode":"SL-B1F63338"}
  ok 48 [desktop-chromium] › tests\e2e\authenticated-screens.spec.ts:257:7 › @a11y authenticated statistics has no serious Axe violations (2.9s)
[WebServer] {"timestamp":"2026-10-10T18:37:45.393Z","level":"error","environment":"production","version":"1.15.9","commitSha":null,"deploymentId":null,"region":null,"message":"auth_error","operation":"auth","outcome":"error","errorCode":"UntrustedHost","incidenceCode":"SL-A8AB2908"}
  ok 49 [desktop-chromium] › tests\e2e\authenticated-screens.spec.ts:257:7 › @a11y authenticated settings has no serious Axe violations (3.3s)
[WebServer] {"timestamp":"2026-10-10T18:37:46.612Z","level":"error","environment":"production","version":"1.15.9","commitSha":null,"deploymentId":null,"region":null,"message":"auth_error","operation":"auth","outcome":"error","errorCode":"UntrustedHost","incidenceCode":"SL-26E8CE8E"}
  ok 50 [desktop-chromium] › tests\e2e\authenticated-screens.spec.ts:257:7 › @a11y authenticated invitation has no serious Axe violations (2.4s)
[WebServer] {"timestamp":"2026-10-10T18:37:47.761Z","level":"error","environment":"production","version":"1.15.9","commitSha":null,"deploymentId":null,"region":null,"message":"auth_error","operation":"auth","outcome":"error","errorCode":"UntrustedHost","incidenceCode":"SL-DA57D26D"}
[WebServer] {"timestamp":"2026-10-10T18:37:47.923Z","level":"error","environment":"production","version":"1.15.9","commitSha":null,"deploymentId":null,"region":null,"message":"auth_error","operation":"auth","outcome":"error","errorCode":"UntrustedHost","incidenceCode":"SL-F7E2226C"}
  ok 52 [desktop-chromium] › tests\e2e\authenticated-screens.spec.ts:257:7 › @a11y authenticated season-summary has no serious Axe violations (2.6s)
  ok 51 [desktop-chromium] › tests\e2e\authenticated-screens.spec.ts:257:7 › @a11y authenticated season-admin has no serious Axe violations (4.2s)
[WebServer] {"timestamp":"2026-10-10T18:37:50.369Z","level":"error","environment":"production","version":"1.15.9","commitSha":null,"deploymentId":null,"region":null,"message":"auth_error","operation":"auth","outcome":"error","errorCode":"UntrustedHost","incidenceCode":"SL-614F3863"}
[WebServer] {"timestamp":"2026-10-10T18:37:50.667Z","level":"error","environment":"production","version":"1.15.9","commitSha":null,"deploymentId":null,"region":null,"message":"auth_error","operation":"auth","outcome":"error","errorCode":"UntrustedHost","incidenceCode":"SL-5A137608"}
[WebServer] {"timestamp":"2026-10-10T18:37:51.149Z","level":"error","environment":"production","version":"1.15.9","commitSha":null,"deploymentId":null,"region":null,"message":"auth_error","operation":"auth","outcome":"error","errorCode":"UntrustedHost","incidenceCode":"SL-87E589A2"}
[WebServer] {"timestamp":"2026-10-10T18:37:51.385Z","level":"error","environment":"production","version":"1.15.9","commitSha":null,"deploymentId":null,"region":null,"message":"auth_error","operation":"auth","outcome":"error","errorCode":"UntrustedHost","incidenceCode":"SL-4B3B9062"}
  ok 53 [desktop-chromium] › tests\e2e\authenticated-screens.spec.ts:276:7 › @visual authenticated home remains stable (2.0s)
[WebServer] {"timestamp":"2026-10-10T18:37:52.380Z","level":"error","environment":"production","version":"1.15.9","commitSha":null,"deploymentId":null,"region":null,"message":"auth_error","operation":"auth","outcome":"error","errorCode":"UntrustedHost","incidenceCode":"SL-3B4DB054"}
[WebServer] {"timestamp":"2026-10-10T18:37:52.527Z","level":"error","environment":"production","version":"1.15.9","commitSha":null,"deploymentId":null,"region":null,"message":"auth_error","operation":"auth","outcome":"error","errorCode":"UntrustedHost","incidenceCode":"SL-6B603255"}
  ok 54 [desktop-chromium] › tests\e2e\authenticated-screens.spec.ts:276:7 › @visual authenticated matches remains stable (2.9s)
  ok 55 [desktop-chromium] › tests\e2e\authenticated-screens.spec.ts:276:7 › @visual authenticated ranking remains stable (1.4s)
[WebServer] {"timestamp":"2026-10-10T18:37:53.979Z","level":"error","environment":"production","version":"1.15.9","commitSha":null,"deploymentId":null,"region":null,"message":"auth_error","operation":"auth","outcome":"error","errorCode":"UntrustedHost","incidenceCode":"SL-02B0D94E"}
[WebServer] {"timestamp":"2026-10-10T18:37:54.070Z","level":"error","environment":"production","version":"1.15.9","commitSha":null,"deploymentId":null,"region":null,"message":"auth_error","operation":"auth","outcome":"error","errorCode":"UntrustedHost","incidenceCode":"SL-B62153C7"}
[WebServer] {"timestamp":"2026-10-10T18:37:54.171Z","level":"error","environment":"production","version":"1.15.9","commitSha":null,"deploymentId":null,"region":null,"message":"auth_error","operation":"auth","outcome":"error","errorCode":"UntrustedHost","incidenceCode":"SL-173882A3"}
[WebServer] {"timestamp":"2026-10-10T18:37:54.362Z","level":"error","environment":"production","version":"1.15.9","commitSha":null,"deploymentId":null,"region":null,"message":"auth_error","operation":"auth","outcome":"error","errorCode":"UntrustedHost","incidenceCode":"SL-5E9AFA28"}
  ok 56 [desktop-chromium] › tests\e2e\authenticated-screens.spec.ts:276:7 › @visual authenticated statistics remains stable (1.9s)
  ok 57 [desktop-chromium] › tests\e2e\authenticated-screens.spec.ts:276:7 › @visual authenticated settings remains stable (2.4s)
[WebServer] {"timestamp":"2026-10-10T18:37:55.727Z","level":"error","environment":"production","version":"1.15.9","commitSha":null,"deploymentId":null,"region":null,"message":"auth_error","operation":"auth","outcome":"error","errorCode":"UntrustedHost","incidenceCode":"SL-E599A91F"}
  ok 58 [desktop-chromium] › tests\e2e\authenticated-screens.spec.ts:276:7 › @visual authenticated invitation remains stable (1.3s)
[WebServer] {"timestamp":"2026-10-10T18:37:56.346Z","level":"error","environment":"production","version":"1.15.9","commitSha":null,"deploymentId":null,"region":null,"message":"auth_error","operation":"auth","outcome":"error","errorCode":"UntrustedHost","incidenceCode":"SL-B0608FB4"}
[WebServer] {"timestamp":"2026-10-10T18:37:57.132Z","level":"error","environment":"production","version":"1.15.9","commitSha":null,"deploymentId":null,"region":null,"message":"auth_error","operation":"auth","outcome":"error","errorCode":"UntrustedHost","incidenceCode":"SL-0A2B2773"}
[WebServer] {"timestamp":"2026-10-10T18:37:57.292Z","level":"error","environment":"production","version":"1.15.9","commitSha":null,"deploymentId":null,"region":null,"message":"auth_error","operation":"auth","outcome":"error","errorCode":"UntrustedHost","incidenceCode":"SL-41AF634D"}
  ok 60 [desktop-chromium] › tests\e2e\authenticated-screens.spec.ts:276:7 › @visual authenticated season-summary remains stable (1.6s)
[WebServer] {"timestamp":"2026-10-10T18:37:58.578Z","level":"error","environment":"production","version":"1.15.9","commitSha":null,"deploymentId":null,"region":null,"message":"auth_error","operation":"auth","outcome":"error","errorCode":"UntrustedHost","incidenceCode":"SL-27817EDD"}
[WebServer] {"timestamp":"2026-10-10T18:37:58.836Z","level":"error","environment":"production","version":"1.15.9","commitSha":null,"deploymentId":null,"region":null,"message":"auth_error","operation":"auth","outcome":"error","errorCode":"UntrustedHost","incidenceCode":"SL-A749790C"}
  ok 59 [desktop-chromium] › tests\e2e\authenticated-screens.spec.ts:276:7 › @visual authenticated season-admin remains stable (4.0s)
  ok 61 [desktop-chromium] › tests\e2e\authenticated-screens.spec.ts:312:5 › guided help can repeat the current screen tour (1.7s)
[WebServer] {"timestamp":"2026-10-10T18:38:00.484Z","level":"error","environment":"production","version":"1.15.9","commitSha":null,"deploymentId":null,"region":null,"message":"auth_error","operation":"auth","outcome":"error","errorCode":"UntrustedHost","incidenceCode":"SL-D7911288"}
[WebServer] {"timestamp":"2026-10-10T18:38:00.653Z","level":"error","environment":"production","version":"1.15.9","commitSha":null,"deploymentId":null,"region":null,"message":"auth_error","operation":"auth","outcome":"error","errorCode":"UntrustedHost","incidenceCode":"SL-F9933587"}
[WebServer] {"timestamp":"2026-10-10T18:38:00.779Z","level":"error","environment":"production","version":"1.15.9","commitSha":null,"deploymentId":null,"region":null,"message":"auth_error","operation":"auth","outcome":"error","errorCode":"UntrustedHost","incidenceCode":"SL-5CDEE34E"}
  ok 63 [desktop-chromium] › tests\e2e\authenticated-screens.spec.ts:335:5 › personal matches use a separate simplified mode (1.7s)
  ok 62 [desktop-chromium] › tests\e2e\authenticated-screens.spec.ts:325:5 › repeating the home guide skips the one-time welcome (1.9s)
[WebServer] {"timestamp":"2026-10-10T18:38:02.302Z","level":"error","environment":"production","version":"1.15.9","commitSha":null,"deploymentId":null,"region":null,"message":"auth_error","operation":"auth","outcome":"error","errorCode":"UntrustedHost","incidenceCode":"SL-0E406977"}
[WebServer] {"timestamp":"2026-10-10T18:38:02.333Z","level":"error","environment":"production","version":"1.15.9","commitSha":null,"deploymentId":null,"region":null,"message":"auth_error","operation":"auth","outcome":"error","errorCode":"UntrustedHost","incidenceCode":"SL-05C059B9"}
[WebServer] {"timestamp":"2026-10-10T18:38:02.388Z","level":"error","environment":"production","version":"1.15.9","commitSha":null,"deploymentId":null,"region":null,"message":"auth_error","operation":"auth","outcome":"error","errorCode":"UntrustedHost","incidenceCode":"SL-B9B4D346"}
  ok 65 [desktop-chromium] › tests\e2e\public-access.spec.ts:4:5 › opens the app without a session (1.2s)
  ok 64 [desktop-chromium] › tests\e2e\authenticated-screens.spec.ts:448:5 › personal matches hide the whole upcoming section when there is no future match (1.3s)
[WebServer] {"timestamp":"2026-10-10T18:38:03.391Z","level":"error","environment":"production","version":"1.15.9","commitSha":null,"deploymentId":null,"region":null,"message":"auth_error","operation":"auth","outcome":"error","errorCode":"UntrustedHost","incidenceCode":"SL-FC9F44A2"}
[WebServer] {"timestamp":"2026-10-10T18:38:03.448Z","level":"error","environment":"production","version":"1.15.9","commitSha":null,"deploymentId":null,"region":null,"message":"auth_error","operation":"auth","outcome":"error","errorCode":"UntrustedHost","incidenceCode":"SL-191C3904"}
[WebServer] {"timestamp":"2026-10-10T18:38:03.459Z","level":"error","environment":"production","version":"1.15.9","commitSha":null,"deploymentId":null,"region":null,"message":"auth_error","operation":"auth","outcome":"error","errorCode":"UntrustedHost","incidenceCode":"SL-163E63F6"}
[WebServer] {"timestamp":"2026-10-10T18:38:03.517Z","level":"error","environment":"production","version":"1.15.9","commitSha":null,"deploymentId":null,"region":null,"message":"auth_error","operation":"auth","outcome":"error","errorCode":"UntrustedHost","incidenceCode":"SL-7F0C5DB5"}
[WebServer] {"timestamp":"2026-10-10T18:38:03.840Z","level":"error","environment":"production","version":"1.15.9","commitSha":null,"deploymentId":null,"region":null,"message":"auth_error","operation":"auth","outcome":"error","errorCode":"UntrustedHost","incidenceCode":"SL-D2F8EEB6"}
[WebServer] {"timestamp":"2026-10-10T18:38:03.858Z","level":"error","environment":"production","version":"1.15.9","commitSha":null,"deploymentId":null,"region":null,"message":"auth_error","operation":"auth","outcome":"error","errorCode":"UntrustedHost","incidenceCode":"SL-9DAACEFA"}
  ok 67 [desktop-chromium] › tests\e2e\public-access.spec.ts:35:5 › spectator invitation opens a read-only league without signing in (1.2s)
  ok 66 [desktop-chromium] › tests\e2e\public-access.spec.ts:13:5 › recovers an invitation when the installed app starts (1.4s)
[WebServer] {"timestamp":"2026-10-10T18:38:04.254Z","level":"warn","environment":"production","version":"1.15.9","commitSha":null,"deploymentId":null,"region":null,"message":"auth_error_page_rendered","route":"/auth/error","method":"GET","operation":"auth_error","outcome":"shown","errorCode":"Configuration","incidenceCode":"SL-60921F85"}
[WebServer] {"timestamp":"2026-10-10T18:38:04.624Z","level":"error","environment":"production","version":"1.15.9","commitSha":null,"deploymentId":null,"region":null,"message":"auth_error","operation":"auth","outcome":"error","errorCode":"UntrustedHost","incidenceCode":"SL-DB76F8F4"}
[WebServer] {"timestamp":"2026-10-10T18:38:04.676Z","level":"error","environment":"production","version":"1.15.9","commitSha":null,"deploymentId":null,"region":null,"message":"auth_error","operation":"auth","outcome":"error","errorCode":"UntrustedHost","incidenceCode":"SL-E482E6A4"}
[WebServer] {"timestamp":"2026-10-10T18:38:04.742Z","level":"error","environment":"production","version":"1.15.9","commitSha":null,"deploymentId":null,"region":null,"message":"auth_error","operation":"auth","outcome":"error","errorCode":"UntrustedHost","incidenceCode":"SL-4711A943"}
[WebServer] {"timestamp":"2026-10-10T18:38:04.792Z","level":"error","environment":"production","version":"1.15.9","commitSha":null,"deploymentId":null,"region":null,"message":"auth_error","operation":"auth","outcome":"error","errorCode":"UntrustedHost","incidenceCode":"SL-A7B9D021"}
  ok 68 [desktop-chromium] › tests\e2e\public-access.spec.ts:69:5 › spectator invitation landing page renders without the authenticated app providers (912ms)
  ok 69 [desktop-chromium] › tests\e2e\public-access.spec.ts:97:5 › shows an actionable authentication error with an incidence code (846ms)
[WebServer] {"timestamp":"2026-10-10T18:38:05.545Z","level":"error","environment":"production","version":"1.15.9","commitSha":null,"deploymentId":null,"region":null,"message":"auth_error","operation":"auth","outcome":"error","errorCode":"UntrustedHost","incidenceCode":"SL-3E66C883"}
[WebServer] {"timestamp":"2026-10-10T18:38:05.570Z","level":"error","environment":"production","version":"1.15.9","commitSha":null,"deploymentId":null,"region":null,"message":"auth_error","operation":"auth","outcome":"error","errorCode":"UntrustedHost","incidenceCode":"SL-84D26BE7"}
[WebServer] {"timestamp":"2026-10-10T18:38:05.642Z","level":"error","environment":"production","version":"1.15.9","commitSha":null,"deploymentId":null,"region":null,"message":"auth_error","operation":"auth","outcome":"error","errorCode":"UntrustedHost","incidenceCode":"SL-8F009EF1"}
[WebServer] {"timestamp":"2026-10-10T18:38:05.675Z","level":"error","environment":"production","version":"1.15.9","commitSha":null,"deploymentId":null,"region":null,"message":"auth_error","operation":"auth","outcome":"error","errorCode":"UntrustedHost","incidenceCode":"SL-96C8A2D1"}
  ok 70 [desktop-chromium] › tests\e2e\public-access.spec.ts:115:7 › @a11y public home has no serious Axe violations (1.8s)
[WebServer] {"timestamp":"2026-10-10T18:38:06.837Z","level":"warn","environment":"production","version":"1.15.9","commitSha":null,"deploymentId":null,"region":null,"message":"auth_error_page_rendered","route":"/auth/error","method":"GET","operation":"auth_error","outcome":"shown","errorCode":"Configuration","incidenceCode":"SL-737D88C3"}
  ok 71 [desktop-chromium] › tests\e2e\public-access.spec.ts:115:7 › @a11y about has no serious Axe violations (2.0s)
[WebServer] {"timestamp":"2026-10-10T18:38:07.352Z","level":"error","environment":"production","version":"1.15.9","commitSha":null,"deploymentId":null,"region":null,"message":"auth_error","operation":"auth","outcome":"error","errorCode":"UntrustedHost","incidenceCode":"SL-2D46C42E"}
[WebServer] {"timestamp":"2026-10-10T18:38:07.373Z","level":"error","environment":"production","version":"1.15.9","commitSha":null,"deploymentId":null,"region":null,"message":"auth_error","operation":"auth","outcome":"error","errorCode":"UntrustedHost","incidenceCode":"SL-968DEAD3"}
[WebServer] {"timestamp":"2026-10-10T18:38:07.639Z","level":"error","environment":"production","version":"1.15.9","commitSha":null,"deploymentId":null,"region":null,"message":"auth_error","operation":"auth","outcome":"error","errorCode":"UntrustedHost","incidenceCode":"SL-B7D76C71"}
[WebServer] {"timestamp":"2026-10-10T18:38:07.718Z","level":"error","environment":"production","version":"1.15.9","commitSha":null,"deploymentId":null,"region":null,"message":"auth_error","operation":"auth","outcome":"error","errorCode":"UntrustedHost","incidenceCode":"SL-A4084274"}
  ok 73 [desktop-chromium] › tests\e2e\public-access.spec.ts:126:5 › @visual anonymous home remains stable (1.1s)
[WebServer] {"timestamp":"2026-10-10T18:38:08.239Z","level":"warn","environment":"production","version":"1.15.9","commitSha":null,"deploymentId":null,"region":null,"message":"auth_error_page_rendered","route":"/auth/error","method":"GET","operation":"auth_error","outcome":"shown","errorCode":"Configuration","incidenceCode":"SL-FF6DEC04"}
  ok 72 [desktop-chromium] › tests\e2e\public-access.spec.ts:115:7 › @a11y authentication error has no serious Axe violations (1.8s)
[WebServer] {"timestamp":"2026-10-10T18:38:08.674Z","level":"error","environment":"production","version":"1.15.9","commitSha":null,"deploymentId":null,"region":null,"message":"auth_error","operation":"auth","outcome":"error","errorCode":"UntrustedHost","incidenceCode":"SL-A6B2D53D"}
[WebServer] {"timestamp":"2026-10-10T18:38:08.697Z","level":"error","environment":"production","version":"1.15.9","commitSha":null,"deploymentId":null,"region":null,"message":"auth_error","operation":"auth","outcome":"error","errorCode":"UntrustedHost","incidenceCode":"SL-14DA4494"}
  ok 74 [desktop-chromium] › tests\e2e\public-access.spec.ts:138:5 › @visual authentication error remains stable (975ms)
(node:15072) Warning: The 'NO_COLOR' env is ignored due to the 'FORCE_COLOR' env being set.
(Use `node --trace-warnings ...` to show where the warning was created)
(node:16040) Warning: The 'NO_COLOR' env is ignored due to the 'FORCE_COLOR' env being set.
(Use `node --trace-warnings ...` to show where the warning was created)
[WebServer] {"timestamp":"2026-10-10T18:38:11.190Z","level":"error","environment":"production","version":"1.15.9","commitSha":null,"deploymentId":null,"region":null,"message":"auth_error","operation":"auth","outcome":"error","errorCode":"UntrustedHost","incidenceCode":"SL-A643F9C3"}
[WebServer] {"timestamp":"2026-10-10T18:38:11.452Z","level":"error","environment":"production","version":"1.15.9","commitSha":null,"deploymentId":null,"region":null,"message":"auth_error","operation":"auth","outcome":"error","errorCode":"UntrustedHost","incidenceCode":"SL-066EEF53"}
[WebServer] {"timestamp":"2026-10-10T18:38:11.533Z","level":"error","environment":"production","version":"1.15.9","commitSha":null,"deploymentId":null,"region":null,"message":"auth_error","operation":"auth","outcome":"error","errorCode":"UntrustedHost","incidenceCode":"SL-67DC3991"}
[WebServer] {"timestamp":"2026-10-10T18:38:12.532Z","level":"error","environment":"production","version":"1.15.9","commitSha":null,"deploymentId":null,"region":null,"message":"auth_error","operation":"auth","outcome":"error","errorCode":"UntrustedHost","incidenceCode":"SL-03D506E2"}
[WebServer] {"timestamp":"2026-10-10T18:38:12.641Z","level":"error","environment":"production","version":"1.15.9","commitSha":null,"deploymentId":null,"region":null,"message":"auth_error","operation":"auth","outcome":"error","errorCode":"UntrustedHost","incidenceCode":"SL-B9CE78C5"}
  ok 75 [pwa-chromium] › tests\e2e\pwa-offline.spec.ts:3:5 › keeps an authenticated session behind the offline fallback until a full retry (2.7s)
  ok 76 [pwa-chromium] › tests\e2e\pwa-offline.spec.ts:93:5 › redirects a fresh offline launch to the cached fallback (2.4s)

  76 passed (2.3m)
