
> smash-lob@1.15.10 test:e2e
> playwright test

[WebServer] (node:6408) Warning: The 'NO_COLOR' env is ignored due to the 'FORCE_COLOR' env being set.
[WebServer] (Use `node --trace-warnings ...` to show where the warning was created)
[WebServer] (node:6408) Warning: The 'NO_COLOR' env is ignored due to the 'FORCE_COLOR' env being set.
[WebServer] (Use `node --trace-warnings ...` to show where the warning was created)
[WebServer] (node:10500) Warning: The 'NO_COLOR' env is ignored due to the 'FORCE_COLOR' env being set.
[WebServer] (Use `node --trace-warnings ...` to show where the warning was created)
[WebServer] (node:13520) Warning: The 'NO_COLOR' env is ignored due to the 'FORCE_COLOR' env being set.
[WebServer] (Use `node --trace-warnings ...` to show where the warning was created)
[WebServer] (node:14828) Warning: The 'NO_COLOR' env is ignored due to the 'FORCE_COLOR' env being set.
[WebServer] (Use `node --trace-warnings ...` to show where the warning was created)
[WebServer] (node:6244) Warning: The 'NO_COLOR' env is ignored due to the 'FORCE_COLOR' env being set.
[WebServer] (Use `node --trace-warnings ...` to show where the warning was created)
[WebServer] (node:18052) Warning: The 'NO_COLOR' env is ignored due to the 'FORCE_COLOR' env being set.
[WebServer] (Use `node --trace-warnings ...` to show where the warning was created)
[WebServer] (node:17028) Warning: The 'NO_COLOR' env is ignored due to the 'FORCE_COLOR' env being set.
[WebServer] (Use `node --trace-warnings ...` to show where the warning was created)
[WebServer] (node:20468) Warning: The 'NO_COLOR' env is ignored due to the 'FORCE_COLOR' env being set.
[WebServer] (Use `node --trace-warnings ...` to show where the warning was created)
[WebServer] (node:1364) Warning: The 'NO_COLOR' env is ignored due to the 'FORCE_COLOR' env being set.
[WebServer] (Use `node --trace-warnings ...` to show where the warning was created)
[WebServer] (node:10520) Warning: The 'NO_COLOR' env is ignored due to the 'FORCE_COLOR' env being set.
[WebServer] (Use `node --trace-warnings ...` to show where the warning was created)

Running 76 tests using 2 workers

(node:9396) Warning: The 'NO_COLOR' env is ignored due to the 'FORCE_COLOR' env being set.
(Use `node --trace-warnings ...` to show where the warning was created)
(node:17804) Warning: The 'NO_COLOR' env is ignored due to the 'FORCE_COLOR' env being set.
(Use `node --trace-warnings ...` to show where the warning was created)
[WebServer] {"timestamp":"2026-10-10T19:19:12.422Z","level":"error","environment":"production","version":"1.15.10","commitSha":null,"deploymentId":null,"region":null,"message":"auth_error","operation":"auth","outcome":"error","errorCode":"UntrustedHost","incidenceCode":"SL-18D483CE"}
[WebServer] {"timestamp":"2026-10-10T19:19:12.490Z","level":"error","environment":"production","version":"1.15.10","commitSha":null,"deploymentId":null,"region":null,"message":"auth_error","operation":"auth","outcome":"error","errorCode":"UntrustedHost","incidenceCode":"SL-FA94C51D"}
  ok  2 [mobile-chromium] › tests\e2e\authenticated-screens.spec.ts:17:5 › welcome pack uses the final overgrip design and prints a full A4 sheet (5.7s)
  ok  1 [mobile-chromium] › tests\e2e\authenticated-screens.spec.ts:32:5 › welcome pack selects sticker designs and prints them together on one A4 sheet (6.2s)
[WebServer] {"timestamp":"2026-10-10T19:19:17.233Z","level":"error","environment":"production","version":"1.15.10","commitSha":null,"deploymentId":null,"region":null,"message":"auth_error","operation":"auth","outcome":"error","errorCode":"UntrustedHost","incidenceCode":"SL-2982F704"}
[WebServer] {"timestamp":"2026-10-10T19:19:17.879Z","level":"error","environment":"production","version":"1.15.10","commitSha":null,"deploymentId":null,"region":null,"message":"auth_error","operation":"auth","outcome":"error","errorCode":"UntrustedHost","incidenceCode":"SL-220D232D"}
  ok  3 [mobile-chromium] › tests\e2e\authenticated-screens.spec.ts:54:5 › cached league access waits until the initial snapshot request finishes (3.5s)
[WebServer] {"timestamp":"2026-10-10T19:19:19.429Z","level":"error","environment":"production","version":"1.15.10","commitSha":null,"deploymentId":null,"region":null,"message":"auth_error","operation":"auth","outcome":"error","errorCode":"UntrustedHost","incidenceCode":"SL-3C5C6E35"}
[WebServer] {"timestamp":"2026-10-10T19:19:20.049Z","level":"error","environment":"production","version":"1.15.10","commitSha":null,"deploymentId":null,"region":null,"message":"auth_error","operation":"auth","outcome":"error","errorCode":"UntrustedHost","incidenceCode":"SL-BF731310"}
  ok  4 [mobile-chromium] › tests\e2e\authenticated-screens.spec.ts:65:5 › proposal votes wait for confirmation, prevent duplicate writes and survive reload (4.8s)
[WebServer] {"timestamp":"2026-10-10T19:19:20.473Z","level":"error","environment":"production","version":"1.15.10","commitSha":null,"deploymentId":null,"region":null,"message":"auth_error","operation":"auth","outcome":"error","errorCode":"UntrustedHost","incidenceCode":"SL-B825950B"}
  ok  5 [mobile-chromium] › tests\e2e\authenticated-screens.spec.ts:99:5 › calendar view selector fits without horizontal scrolling (2.6s)
[WebServer] {"timestamp":"2026-10-10T19:19:21.769Z","level":"error","environment":"production","version":"1.15.10","commitSha":null,"deploymentId":null,"region":null,"message":"auth_error","operation":"auth","outcome":"error","errorCode":"UntrustedHost","incidenceCode":"SL-59C4A388"}
[WebServer] {"timestamp":"2026-10-10T19:19:22.592Z","level":"error","environment":"production","version":"1.15.10","commitSha":null,"deploymentId":null,"region":null,"message":"auth_error","operation":"auth","outcome":"error","errorCode":"UntrustedHost","incidenceCode":"SL-28A4BF6F"}
[WebServer] {"timestamp":"2026-10-10T19:19:22.966Z","level":"error","environment":"production","version":"1.15.10","commitSha":null,"deploymentId":null,"region":null,"message":"auth_error","operation":"auth","outcome":"error","errorCode":"UntrustedHost","incidenceCode":"SL-BA76083C"}
[WebServer] {"timestamp":"2026-10-10T19:19:24.646Z","level":"error","environment":"production","version":"1.15.10","commitSha":null,"deploymentId":null,"region":null,"message":"auth_error","operation":"auth","outcome":"error","errorCode":"UntrustedHost","incidenceCode":"SL-0740957D"}
  ok  6 [mobile-chromium] › tests\e2e\authenticated-screens.spec.ts:106:5 › friendly chat reservation opens calendar options in both Competition modes (6.0s)
  ok  7 [mobile-chromium] › tests\e2e\authenticated-screens.spec.ts:129:5 › league spectator share shows a downloadable QR and shares the league link (5.3s)
[WebServer] {"timestamp":"2026-10-10T19:19:28.067Z","level":"error","environment":"production","version":"1.15.10","commitSha":null,"deploymentId":null,"region":null,"message":"auth_error","operation":"auth","outcome":"error","errorCode":"UntrustedHost","incidenceCode":"SL-C59DCEF6"}
[WebServer] {"timestamp":"2026-10-10T19:19:28.521Z","level":"error","environment":"production","version":"1.15.10","commitSha":null,"deploymentId":null,"region":null,"message":"auth_error","operation":"auth","outcome":"error","errorCode":"UntrustedHost","incidenceCode":"SL-8845CC17"}
[WebServer] {"timestamp":"2026-10-10T19:19:28.650Z","level":"error","environment":"production","version":"1.15.10","commitSha":null,"deploymentId":null,"region":null,"message":"auth_error","operation":"auth","outcome":"error","errorCode":"UntrustedHost","incidenceCode":"SL-4FF22DC3"}
[WebServer] {"timestamp":"2026-10-10T19:19:29.070Z","level":"error","environment":"production","version":"1.15.10","commitSha":null,"deploymentId":null,"region":null,"message":"auth_error","operation":"auth","outcome":"error","errorCode":"UntrustedHost","incidenceCode":"SL-1C34B49E"}
  ok  8 [mobile-chromium] › tests\e2e\authenticated-screens.spec.ts:257:7 › @a11y authenticated home has no serious Axe violations (5.9s)
[WebServer] {"timestamp":"2026-10-10T19:19:33.252Z","level":"error","environment":"production","version":"1.15.10","commitSha":null,"deploymentId":null,"region":null,"message":"auth_error","operation":"auth","outcome":"error","errorCode":"UntrustedHost","incidenceCode":"SL-AA6C6C7B"}
[WebServer] {"timestamp":"2026-10-10T19:19:33.462Z","level":"error","environment":"production","version":"1.15.10","commitSha":null,"deploymentId":null,"region":null,"message":"auth_error","operation":"auth","outcome":"error","errorCode":"UntrustedHost","incidenceCode":"SL-D53741F1"}
  ok  9 [mobile-chromium] › tests\e2e\authenticated-screens.spec.ts:257:7 › @a11y authenticated matches has no serious Axe violations (9.5s)
  ok 10 [mobile-chromium] › tests\e2e\authenticated-screens.spec.ts:257:7 › @a11y authenticated ranking has no serious Axe violations (4.1s)
[WebServer] {"timestamp":"2026-10-10T19:19:37.359Z","level":"error","environment":"production","version":"1.15.10","commitSha":null,"deploymentId":null,"region":null,"message":"auth_error","operation":"auth","outcome":"error","errorCode":"UntrustedHost","incidenceCode":"SL-2CABC81F"}
[WebServer] {"timestamp":"2026-10-10T19:19:37.628Z","level":"error","environment":"production","version":"1.15.10","commitSha":null,"deploymentId":null,"region":null,"message":"auth_error","operation":"auth","outcome":"error","errorCode":"UntrustedHost","incidenceCode":"SL-0DD796C9"}
[WebServer] {"timestamp":"2026-10-10T19:19:38.166Z","level":"error","environment":"production","version":"1.15.10","commitSha":null,"deploymentId":null,"region":null,"message":"auth_error","operation":"auth","outcome":"error","errorCode":"UntrustedHost","incidenceCode":"SL-01720044"}
[WebServer] {"timestamp":"2026-10-10T19:19:38.414Z","level":"error","environment":"production","version":"1.15.10","commitSha":null,"deploymentId":null,"region":null,"message":"auth_error","operation":"auth","outcome":"error","errorCode":"UntrustedHost","incidenceCode":"SL-E388F4EB"}
  ok 11 [mobile-chromium] › tests\e2e\authenticated-screens.spec.ts:257:7 › @a11y authenticated statistics has no serious Axe violations (4.6s)
[WebServer] {"timestamp":"2026-10-10T19:19:41.828Z","level":"error","environment":"production","version":"1.15.10","commitSha":null,"deploymentId":null,"region":null,"message":"auth_error","operation":"auth","outcome":"error","errorCode":"UntrustedHost","incidenceCode":"SL-345C16E0"}
  ok 12 [mobile-chromium] › tests\e2e\authenticated-screens.spec.ts:257:7 › @a11y authenticated settings has no serious Axe violations (6.5s)
[WebServer] {"timestamp":"2026-10-10T19:19:44.103Z","level":"error","environment":"production","version":"1.15.10","commitSha":null,"deploymentId":null,"region":null,"message":"auth_error","operation":"auth","outcome":"error","errorCode":"UntrustedHost","incidenceCode":"SL-D34262AF"}
  ok 13 [mobile-chromium] › tests\e2e\authenticated-screens.spec.ts:257:7 › @a11y authenticated invitation has no serious Axe violations (3.8s)
[WebServer] {"timestamp":"2026-10-10T19:19:45.836Z","level":"error","environment":"production","version":"1.15.10","commitSha":null,"deploymentId":null,"region":null,"message":"auth_error","operation":"auth","outcome":"error","errorCode":"UntrustedHost","incidenceCode":"SL-A239A622"}
[WebServer] {"timestamp":"2026-10-10T19:19:46.103Z","level":"error","environment":"production","version":"1.15.10","commitSha":null,"deploymentId":null,"region":null,"message":"auth_error","operation":"auth","outcome":"error","errorCode":"UntrustedHost","incidenceCode":"SL-3E36B13A"}
  ok 15 [mobile-chromium] › tests\e2e\authenticated-screens.spec.ts:257:7 › @a11y authenticated season-summary has no serious Axe violations (4.0s)
[WebServer] {"timestamp":"2026-10-10T19:19:49.914Z","level":"error","environment":"production","version":"1.15.10","commitSha":null,"deploymentId":null,"region":null,"message":"auth_error","operation":"auth","outcome":"error","errorCode":"UntrustedHost","incidenceCode":"SL-25D40C71"}
[WebServer] {"timestamp":"2026-10-10T19:19:50.182Z","level":"error","environment":"production","version":"1.15.10","commitSha":null,"deploymentId":null,"region":null,"message":"auth_error","operation":"auth","outcome":"error","errorCode":"UntrustedHost","incidenceCode":"SL-9C3112DF"}
  ok 14 [mobile-chromium] › tests\e2e\authenticated-screens.spec.ts:257:7 › @a11y authenticated season-admin has no serious Axe violations (8.0s)
  ok 16 [mobile-chromium] › tests\e2e\authenticated-screens.spec.ts:276:7 › @visual authenticated home remains stable (2.4s)
[WebServer] {"timestamp":"2026-10-10T19:19:52.070Z","level":"error","environment":"production","version":"1.15.10","commitSha":null,"deploymentId":null,"region":null,"message":"auth_error","operation":"auth","outcome":"error","errorCode":"UntrustedHost","incidenceCode":"SL-2344B73F"}
[WebServer] {"timestamp":"2026-10-10T19:19:52.629Z","level":"error","environment":"production","version":"1.15.10","commitSha":null,"deploymentId":null,"region":null,"message":"auth_error","operation":"auth","outcome":"error","errorCode":"UntrustedHost","incidenceCode":"SL-6F25F277"}
[WebServer] {"timestamp":"2026-10-10T19:19:52.800Z","level":"error","environment":"production","version":"1.15.10","commitSha":null,"deploymentId":null,"region":null,"message":"auth_error","operation":"auth","outcome":"error","errorCode":"UntrustedHost","incidenceCode":"SL-AB3845A4"}
[WebServer] {"timestamp":"2026-10-10T19:19:53.146Z","level":"error","environment":"production","version":"1.15.10","commitSha":null,"deploymentId":null,"region":null,"message":"auth_error","operation":"auth","outcome":"error","errorCode":"UntrustedHost","incidenceCode":"SL-2345D98A"}
  ok 18 [mobile-chromium] › tests\e2e\authenticated-screens.spec.ts:276:7 › @visual authenticated ranking remains stable (3.0s)
  ok 17 [mobile-chromium] › tests\e2e\authenticated-screens.spec.ts:276:7 › @visual authenticated matches remains stable (4.0s)
[WebServer] {"timestamp":"2026-10-10T19:19:55.946Z","level":"error","environment":"production","version":"1.15.10","commitSha":null,"deploymentId":null,"region":null,"message":"auth_error","operation":"auth","outcome":"error","errorCode":"UntrustedHost","incidenceCode":"SL-37617EE2"}
[WebServer] {"timestamp":"2026-10-10T19:19:56.480Z","level":"error","environment":"production","version":"1.15.10","commitSha":null,"deploymentId":null,"region":null,"message":"auth_error","operation":"auth","outcome":"error","errorCode":"UntrustedHost","incidenceCode":"SL-4826B6A3"}
[WebServer] {"timestamp":"2026-10-10T19:19:57.670Z","level":"error","environment":"production","version":"1.15.10","commitSha":null,"deploymentId":null,"region":null,"message":"auth_error","operation":"auth","outcome":"error","errorCode":"UntrustedHost","incidenceCode":"SL-F96EEB89"}
[WebServer] {"timestamp":"2026-10-10T19:19:57.965Z","level":"error","environment":"production","version":"1.15.10","commitSha":null,"deploymentId":null,"region":null,"message":"auth_error","operation":"auth","outcome":"error","errorCode":"UntrustedHost","incidenceCode":"SL-1C66C757"}
  ok 19 [mobile-chromium] › tests\e2e\authenticated-screens.spec.ts:276:7 › @visual authenticated statistics remains stable (4.1s)
  ok 20 [mobile-chromium] › tests\e2e\authenticated-screens.spec.ts:276:7 › @visual authenticated settings remains stable (4.3s)
[WebServer] {"timestamp":"2026-10-10T19:19:59.823Z","level":"error","environment":"production","version":"1.15.10","commitSha":null,"deploymentId":null,"region":null,"message":"auth_error","operation":"auth","outcome":"error","errorCode":"UntrustedHost","incidenceCode":"SL-6654F168"}
  ok 21 [mobile-chromium] › tests\e2e\authenticated-screens.spec.ts:276:7 › @visual authenticated invitation remains stable (2.5s)
[WebServer] {"timestamp":"2026-10-10T19:20:01.024Z","level":"error","environment":"production","version":"1.15.10","commitSha":null,"deploymentId":null,"region":null,"message":"auth_error","operation":"auth","outcome":"error","errorCode":"UntrustedHost","incidenceCode":"SL-D615D5E5"}
[WebServer] {"timestamp":"2026-10-10T19:20:02.430Z","level":"error","environment":"production","version":"1.15.10","commitSha":null,"deploymentId":null,"region":null,"message":"auth_error","operation":"auth","outcome":"error","errorCode":"UntrustedHost","incidenceCode":"SL-D39C447A"}
[WebServer] {"timestamp":"2026-10-10T19:20:02.705Z","level":"error","environment":"production","version":"1.15.10","commitSha":null,"deploymentId":null,"region":null,"message":"auth_error","operation":"auth","outcome":"error","errorCode":"UntrustedHost","incidenceCode":"SL-6807600C"}
  ok 23 [mobile-chromium] › tests\e2e\authenticated-screens.spec.ts:276:7 › @visual authenticated season-summary remains stable (2.6s)
  ok 22 [mobile-chromium] › tests\e2e\authenticated-screens.spec.ts:276:7 › @visual authenticated season-admin remains stable (4.1s)
[WebServer] {"timestamp":"2026-10-10T19:20:05.054Z","level":"error","environment":"production","version":"1.15.10","commitSha":null,"deploymentId":null,"region":null,"message":"auth_error","operation":"auth","outcome":"error","errorCode":"UntrustedHost","incidenceCode":"SL-D2381AEC"}
[WebServer] {"timestamp":"2026-10-10T19:20:05.090Z","level":"error","environment":"production","version":"1.15.10","commitSha":null,"deploymentId":null,"region":null,"message":"auth_error","operation":"auth","outcome":"error","errorCode":"UntrustedHost","incidenceCode":"SL-0A5E9A98"}
[WebServer] {"timestamp":"2026-10-10T19:20:05.437Z","level":"error","environment":"production","version":"1.15.10","commitSha":null,"deploymentId":null,"region":null,"message":"auth_error","operation":"auth","outcome":"error","errorCode":"UntrustedHost","incidenceCode":"SL-79BA019E"}
[WebServer] {"timestamp":"2026-10-10T19:20:05.490Z","level":"error","environment":"production","version":"1.15.10","commitSha":null,"deploymentId":null,"region":null,"message":"auth_error","operation":"auth","outcome":"error","errorCode":"UntrustedHost","incidenceCode":"SL-B328E419"}
  ok 25 [mobile-chromium] › tests\e2e\authenticated-screens.spec.ts:325:5 › repeating the home guide skips the one-time welcome (2.9s)
  ok 24 [mobile-chromium] › tests\e2e\authenticated-screens.spec.ts:312:5 › guided help can repeat the current screen tour (3.5s)
[WebServer] {"timestamp":"2026-10-10T19:20:17.084Z","level":"error","environment":"production","version":"1.15.10","commitSha":null,"deploymentId":null,"region":null,"message":"auth_error","operation":"auth","outcome":"error","errorCode":"UntrustedHost","incidenceCode":"SL-07BB5908"}
[WebServer] {"timestamp":"2026-10-10T19:20:17.437Z","level":"error","environment":"production","version":"1.15.10","commitSha":null,"deploymentId":null,"region":null,"message":"auth_error","operation":"auth","outcome":"error","errorCode":"UntrustedHost","incidenceCode":"SL-A59E3CF3"}
  ok 27 [mobile-chromium] › tests\e2e\authenticated-screens.spec.ts:448:5 › personal matches hide the whole upcoming section when there is no future match (11.0s)
  ok 26 [mobile-chromium] › tests\e2e\authenticated-screens.spec.ts:335:5 › personal matches use a separate simplified mode (12.0s)
[WebServer] {"timestamp":"2026-10-10T19:20:19.290Z","level":"error","environment":"production","version":"1.15.10","commitSha":null,"deploymentId":null,"region":null,"message":"auth_error","operation":"auth","outcome":"error","errorCode":"UntrustedHost","incidenceCode":"SL-C6B1936D"}
[WebServer] {"timestamp":"2026-10-10T19:20:19.357Z","level":"error","environment":"production","version":"1.15.10","commitSha":null,"deploymentId":null,"region":null,"message":"auth_error","operation":"auth","outcome":"error","errorCode":"UntrustedHost","incidenceCode":"SL-305B1F80"}
  ok 28 [mobile-chromium] › tests\e2e\public-access.spec.ts:4:5 › opens the app without a session (1.6s)
[WebServer] {"timestamp":"2026-10-10T19:20:20.254Z","level":"error","environment":"production","version":"1.15.10","commitSha":null,"deploymentId":null,"region":null,"message":"auth_error","operation":"auth","outcome":"error","errorCode":"UntrustedHost","incidenceCode":"SL-1D8AD633"}
[WebServer] {"timestamp":"2026-10-10T19:20:20.315Z","level":"error","environment":"production","version":"1.15.10","commitSha":null,"deploymentId":null,"region":null,"message":"auth_error","operation":"auth","outcome":"error","errorCode":"UntrustedHost","incidenceCode":"SL-9BBA8AA3"}
[WebServer] {"timestamp":"2026-10-10T19:20:20.881Z","level":"error","environment":"production","version":"1.15.10","commitSha":null,"deploymentId":null,"region":null,"message":"auth_error","operation":"auth","outcome":"error","errorCode":"UntrustedHost","incidenceCode":"SL-0D69AEC7"}
[WebServer] {"timestamp":"2026-10-10T19:20:20.900Z","level":"error","environment":"production","version":"1.15.10","commitSha":null,"deploymentId":null,"region":null,"message":"auth_error","operation":"auth","outcome":"error","errorCode":"UntrustedHost","incidenceCode":"SL-E07059D8"}
[WebServer] {"timestamp":"2026-10-10T19:20:21.053Z","level":"error","environment":"production","version":"1.15.10","commitSha":null,"deploymentId":null,"region":null,"message":"auth_error","operation":"auth","outcome":"error","errorCode":"UntrustedHost","incidenceCode":"SL-2BA24B6F"}
[WebServer] {"timestamp":"2026-10-10T19:20:21.135Z","level":"error","environment":"production","version":"1.15.10","commitSha":null,"deploymentId":null,"region":null,"message":"auth_error","operation":"auth","outcome":"error","errorCode":"UntrustedHost","incidenceCode":"SL-D20AB1EC"}
  ok 29 [mobile-chromium] › tests\e2e\public-access.spec.ts:13:5 › recovers an invitation when the installed app starts (2.5s)
  ok 30 [mobile-chromium] › tests\e2e\public-access.spec.ts:35:5 › spectator invitation opens a read-only league without signing in (1.9s)
[WebServer] {"timestamp":"2026-10-10T19:20:22.217Z","level":"warn","environment":"production","version":"1.15.10","commitSha":null,"deploymentId":null,"region":null,"message":"auth_error_page_rendered","route":"/auth/error","method":"GET","operation":"auth_error","outcome":"shown","errorCode":"Configuration","incidenceCode":"SL-ACF5A660"}
[WebServer] {"timestamp":"2026-10-10T19:20:22.341Z","level":"error","environment":"production","version":"1.15.10","commitSha":null,"deploymentId":null,"region":null,"message":"auth_error","operation":"auth","outcome":"error","errorCode":"UntrustedHost","incidenceCode":"SL-4B38A2BC"}
[WebServer] {"timestamp":"2026-10-10T19:20:22.429Z","level":"error","environment":"production","version":"1.15.10","commitSha":null,"deploymentId":null,"region":null,"message":"auth_error","operation":"auth","outcome":"error","errorCode":"UntrustedHost","incidenceCode":"SL-1CF5B46A"}
  ok 31 [mobile-chromium] › tests\e2e\public-access.spec.ts:69:5 › spectator invitation landing page renders without the authenticated app providers (1.5s)
[WebServer] {"timestamp":"2026-10-10T19:20:23.021Z","level":"error","environment":"production","version":"1.15.10","commitSha":null,"deploymentId":null,"region":null,"message":"auth_error","operation":"auth","outcome":"error","errorCode":"UntrustedHost","incidenceCode":"SL-3BE7DAAA"}
[WebServer] {"timestamp":"2026-10-10T19:20:23.091Z","level":"error","environment":"production","version":"1.15.10","commitSha":null,"deploymentId":null,"region":null,"message":"auth_error","operation":"auth","outcome":"error","errorCode":"UntrustedHost","incidenceCode":"SL-9637AEAF"}
  ok 32 [mobile-chromium] › tests\e2e\public-access.spec.ts:97:5 › shows an actionable authentication error with an incidence code (1.7s)
[WebServer] {"timestamp":"2026-10-10T19:20:24.206Z","level":"error","environment":"production","version":"1.15.10","commitSha":null,"deploymentId":null,"region":null,"message":"auth_error","operation":"auth","outcome":"error","errorCode":"UntrustedHost","incidenceCode":"SL-3F55D41E"}
[WebServer] {"timestamp":"2026-10-10T19:20:24.314Z","level":"error","environment":"production","version":"1.15.10","commitSha":null,"deploymentId":null,"region":null,"message":"auth_error","operation":"auth","outcome":"error","errorCode":"UntrustedHost","incidenceCode":"SL-7D536235"}
[WebServer] {"timestamp":"2026-10-10T19:20:25.471Z","level":"error","environment":"production","version":"1.15.10","commitSha":null,"deploymentId":null,"region":null,"message":"auth_error","operation":"auth","outcome":"error","errorCode":"UntrustedHost","incidenceCode":"SL-5CA268BA"}
[WebServer] {"timestamp":"2026-10-10T19:20:25.512Z","level":"error","environment":"production","version":"1.15.10","commitSha":null,"deploymentId":null,"region":null,"message":"auth_error","operation":"auth","outcome":"error","errorCode":"UntrustedHost","incidenceCode":"SL-9CA68F71"}
  ok 33 [mobile-chromium] › tests\e2e\public-access.spec.ts:115:7 › @a11y public home has no serious Axe violations (3.9s)
[WebServer] {"timestamp":"2026-10-10T19:20:27.110Z","level":"warn","environment":"production","version":"1.15.10","commitSha":null,"deploymentId":null,"region":null,"message":"auth_error_page_rendered","route":"/auth/error","method":"GET","operation":"auth_error","outcome":"shown","errorCode":"Configuration","incidenceCode":"SL-EBA3B8DC"}
[WebServer] {"timestamp":"2026-10-10T19:20:28.048Z","level":"error","environment":"production","version":"1.15.10","commitSha":null,"deploymentId":null,"region":null,"message":"auth_error","operation":"auth","outcome":"error","errorCode":"UntrustedHost","incidenceCode":"SL-273A915D"}
[WebServer] {"timestamp":"2026-10-10T19:20:28.093Z","level":"error","environment":"production","version":"1.15.10","commitSha":null,"deploymentId":null,"region":null,"message":"auth_error","operation":"auth","outcome":"error","errorCode":"UntrustedHost","incidenceCode":"SL-27BEDF24"}
  ok 34 [mobile-chromium] › tests\e2e\public-access.spec.ts:115:7 › @a11y about has no serious Axe violations (4.9s)
[WebServer] {"timestamp":"2026-10-10T19:20:29.649Z","level":"error","environment":"production","version":"1.15.10","commitSha":null,"deploymentId":null,"region":null,"message":"auth_error","operation":"auth","outcome":"error","errorCode":"UntrustedHost","incidenceCode":"SL-5806376B"}
[WebServer] {"timestamp":"2026-10-10T19:20:29.790Z","level":"error","environment":"production","version":"1.15.10","commitSha":null,"deploymentId":null,"region":null,"message":"auth_error","operation":"auth","outcome":"error","errorCode":"UntrustedHost","incidenceCode":"SL-2FEF5DB0"}
  ok 36 [mobile-chromium] › tests\e2e\public-access.spec.ts:126:5 › @visual anonymous home remains stable (1.7s)
  ok 35 [mobile-chromium] › tests\e2e\public-access.spec.ts:115:7 › @a11y authentication error has no serious Axe violations (3.5s)
[WebServer] {"timestamp":"2026-10-10T19:20:30.559Z","level":"warn","environment":"production","version":"1.15.10","commitSha":null,"deploymentId":null,"region":null,"message":"auth_error_page_rendered","route":"/auth/error","method":"GET","operation":"auth_error","outcome":"shown","errorCode":"Configuration","incidenceCode":"SL-77D68444"}
[WebServer] {"timestamp":"2026-10-10T19:20:31.434Z","level":"error","environment":"production","version":"1.15.10","commitSha":null,"deploymentId":null,"region":null,"message":"auth_error","operation":"auth","outcome":"error","errorCode":"UntrustedHost","incidenceCode":"SL-8D6A00B4"}
[WebServer] {"timestamp":"2026-10-10T19:20:31.543Z","level":"error","environment":"production","version":"1.15.10","commitSha":null,"deploymentId":null,"region":null,"message":"auth_error","operation":"auth","outcome":"error","errorCode":"UntrustedHost","incidenceCode":"SL-71F6F11B"}
  ok 37 [mobile-chromium] › tests\e2e\public-access.spec.ts:138:5 › @visual authentication error remains stable (2.0s)
(node:13948) Warning: The 'NO_COLOR' env is ignored due to the 'FORCE_COLOR' env being set.
(Use `node --trace-warnings ...` to show where the warning was created)
(node:18644) Warning: The 'NO_COLOR' env is ignored due to the 'FORCE_COLOR' env being set.
(Use `node --trace-warnings ...` to show where the warning was created)
[WebServer] {"timestamp":"2026-10-10T19:20:35.116Z","level":"error","environment":"production","version":"1.15.10","commitSha":null,"deploymentId":null,"region":null,"message":"auth_error","operation":"auth","outcome":"error","errorCode":"UntrustedHost","incidenceCode":"SL-B8B7FB74"}
  ok 38 [desktop-chromium] › tests\e2e\authenticated-screens.spec.ts:17:5 › welcome pack uses the final overgrip design and prints a full A4 sheet (3.3s)
[WebServer] {"timestamp":"2026-10-10T19:20:37.623Z","level":"error","environment":"production","version":"1.15.10","commitSha":null,"deploymentId":null,"region":null,"message":"auth_error","operation":"auth","outcome":"error","errorCode":"UntrustedHost","incidenceCode":"SL-712022AD"}
[WebServer] {"timestamp":"2026-10-10T19:20:39.523Z","level":"error","environment":"production","version":"1.15.10","commitSha":null,"deploymentId":null,"region":null,"message":"auth_error","operation":"auth","outcome":"error","errorCode":"UntrustedHost","incidenceCode":"SL-843881EA"}
  ok 40 [desktop-chromium] › tests\e2e\authenticated-screens.spec.ts:54:5 › cached league access waits until the initial snapshot request finishes (2.8s)
  ok 39 [desktop-chromium] › tests\e2e\authenticated-screens.spec.ts:32:5 › welcome pack selects sticker designs and prints them together on one A4 sheet (4.6s)
[WebServer] {"timestamp":"2026-10-10T19:20:41.259Z","level":"error","environment":"production","version":"1.15.10","commitSha":null,"deploymentId":null,"region":null,"message":"auth_error","operation":"auth","outcome":"error","errorCode":"UntrustedHost","incidenceCode":"SL-9FBB06C2"}
[WebServer] {"timestamp":"2026-10-10T19:20:42.007Z","level":"error","environment":"production","version":"1.15.10","commitSha":null,"deploymentId":null,"region":null,"message":"auth_error","operation":"auth","outcome":"error","errorCode":"UntrustedHost","incidenceCode":"SL-B2B3214D"}
[WebServer] {"timestamp":"2026-10-10T19:20:42.424Z","level":"error","environment":"production","version":"1.15.10","commitSha":null,"deploymentId":null,"region":null,"message":"auth_error","operation":"auth","outcome":"error","errorCode":"UntrustedHost","incidenceCode":"SL-339DD665"}
  ok 42 [desktop-chromium] › tests\e2e\authenticated-screens.spec.ts:99:5 › calendar view selector fits without horizontal scrolling (2.3s)
[WebServer] {"timestamp":"2026-10-10T19:20:43.031Z","level":"error","environment":"production","version":"1.15.10","commitSha":null,"deploymentId":null,"region":null,"message":"auth_error","operation":"auth","outcome":"error","errorCode":"UntrustedHost","incidenceCode":"SL-2A36E42C"}
  ok 41 [desktop-chromium] › tests\e2e\authenticated-screens.spec.ts:65:5 › proposal votes wait for confirmation, prevent duplicate writes and survive reload (4.0s)
[WebServer] {"timestamp":"2026-10-10T19:20:44.194Z","level":"error","environment":"production","version":"1.15.10","commitSha":null,"deploymentId":null,"region":null,"message":"auth_error","operation":"auth","outcome":"error","errorCode":"UntrustedHost","incidenceCode":"SL-A6C4836D"}
[WebServer] {"timestamp":"2026-10-10T19:20:44.975Z","level":"error","environment":"production","version":"1.15.10","commitSha":null,"deploymentId":null,"region":null,"message":"auth_error","operation":"auth","outcome":"error","errorCode":"UntrustedHost","incidenceCode":"SL-8F2D2B5D"}
[WebServer] {"timestamp":"2026-10-10T19:20:45.416Z","level":"error","environment":"production","version":"1.15.10","commitSha":null,"deploymentId":null,"region":null,"message":"auth_error","operation":"auth","outcome":"error","errorCode":"UntrustedHost","incidenceCode":"SL-4F99AFE2"}
[WebServer] {"timestamp":"2026-10-10T19:20:46.066Z","level":"error","environment":"production","version":"1.15.10","commitSha":null,"deploymentId":null,"region":null,"message":"auth_error","operation":"auth","outcome":"error","errorCode":"UntrustedHost","incidenceCode":"SL-74439099"}
  ok 43 [desktop-chromium] › tests\e2e\authenticated-screens.spec.ts:106:5 › friendly chat reservation opens calendar options in both Competition modes (4.0s)
  ok 44 [desktop-chromium] › tests\e2e\authenticated-screens.spec.ts:129:5 › league spectator share shows a downloadable QR and shares the league link (3.4s)
[WebServer] {"timestamp":"2026-10-10T19:20:48.043Z","level":"error","environment":"production","version":"1.15.10","commitSha":null,"deploymentId":null,"region":null,"message":"auth_error","operation":"auth","outcome":"error","errorCode":"UntrustedHost","incidenceCode":"SL-121994C4"}
[WebServer] {"timestamp":"2026-10-10T19:20:48.398Z","level":"error","environment":"production","version":"1.15.10","commitSha":null,"deploymentId":null,"region":null,"message":"auth_error","operation":"auth","outcome":"error","errorCode":"UntrustedHost","incidenceCode":"SL-AFAC130D"}
[WebServer] {"timestamp":"2026-10-10T19:20:48.839Z","level":"error","environment":"production","version":"1.15.10","commitSha":null,"deploymentId":null,"region":null,"message":"auth_error","operation":"auth","outcome":"error","errorCode":"UntrustedHost","incidenceCode":"SL-13A6C726"}
[WebServer] {"timestamp":"2026-10-10T19:20:49.213Z","level":"error","environment":"production","version":"1.15.10","commitSha":null,"deploymentId":null,"region":null,"message":"auth_error","operation":"auth","outcome":"error","errorCode":"UntrustedHost","incidenceCode":"SL-B0A3A731"}
  ok 45 [desktop-chromium] › tests\e2e\authenticated-screens.spec.ts:257:7 › @a11y authenticated home has no serious Axe violations (4.4s)
[WebServer] {"timestamp":"2026-10-10T19:20:52.258Z","level":"error","environment":"production","version":"1.15.10","commitSha":null,"deploymentId":null,"region":null,"message":"auth_error","operation":"auth","outcome":"error","errorCode":"UntrustedHost","incidenceCode":"SL-FD858D85"}
[WebServer] {"timestamp":"2026-10-10T19:20:52.500Z","level":"error","environment":"production","version":"1.15.10","commitSha":null,"deploymentId":null,"region":null,"message":"auth_error","operation":"auth","outcome":"error","errorCode":"UntrustedHost","incidenceCode":"SL-DD2CF634"}
  ok 46 [desktop-chromium] › tests\e2e\authenticated-screens.spec.ts:257:7 › @a11y authenticated matches has no serious Axe violations (7.7s)
  ok 47 [desktop-chromium] › tests\e2e\authenticated-screens.spec.ts:257:7 › @a11y authenticated ranking has no serious Axe violations (3.7s)
[WebServer] {"timestamp":"2026-10-10T19:20:56.919Z","level":"error","environment":"production","version":"1.15.10","commitSha":null,"deploymentId":null,"region":null,"message":"auth_error","operation":"auth","outcome":"error","errorCode":"UntrustedHost","incidenceCode":"SL-EED776F6"}
[WebServer] {"timestamp":"2026-10-10T19:20:56.948Z","level":"error","environment":"production","version":"1.15.10","commitSha":null,"deploymentId":null,"region":null,"message":"auth_error","operation":"auth","outcome":"error","errorCode":"UntrustedHost","incidenceCode":"SL-1BCDD33F"}
[WebServer] {"timestamp":"2026-10-10T19:20:57.270Z","level":"error","environment":"production","version":"1.15.10","commitSha":null,"deploymentId":null,"region":null,"message":"auth_error","operation":"auth","outcome":"error","errorCode":"UntrustedHost","incidenceCode":"SL-65882144"}
[WebServer] {"timestamp":"2026-10-10T19:20:57.311Z","level":"error","environment":"production","version":"1.15.10","commitSha":null,"deploymentId":null,"region":null,"message":"auth_error","operation":"auth","outcome":"error","errorCode":"UntrustedHost","incidenceCode":"SL-55E1CE5F"}
  ok 48 [desktop-chromium] › tests\e2e\authenticated-screens.spec.ts:257:7 › @a11y authenticated statistics has no serious Axe violations (5.2s)
[WebServer] {"timestamp":"2026-10-10T19:21:01.218Z","level":"error","environment":"production","version":"1.15.10","commitSha":null,"deploymentId":null,"region":null,"message":"auth_error","operation":"auth","outcome":"error","errorCode":"UntrustedHost","incidenceCode":"SL-65AEE2D8"}
  ok 49 [desktop-chromium] › tests\e2e\authenticated-screens.spec.ts:257:7 › @a11y authenticated settings has no serious Axe violations (6.1s)
[WebServer] {"timestamp":"2026-10-10T19:21:02.316Z","level":"error","environment":"production","version":"1.15.10","commitSha":null,"deploymentId":null,"region":null,"message":"auth_error","operation":"auth","outcome":"error","errorCode":"UntrustedHost","incidenceCode":"SL-A48FA075"}
  ok 50 [desktop-chromium] › tests\e2e\authenticated-screens.spec.ts:257:7 › @a11y authenticated invitation has no serious Axe violations (3.0s)
[WebServer] {"timestamp":"2026-10-10T19:21:04.121Z","level":"error","environment":"production","version":"1.15.10","commitSha":null,"deploymentId":null,"region":null,"message":"auth_error","operation":"auth","outcome":"error","errorCode":"UntrustedHost","incidenceCode":"SL-5A605D4C"}
[WebServer] {"timestamp":"2026-10-10T19:21:04.305Z","level":"error","environment":"production","version":"1.15.10","commitSha":null,"deploymentId":null,"region":null,"message":"auth_error","operation":"auth","outcome":"error","errorCode":"UntrustedHost","incidenceCode":"SL-7EF224D3"}
  ok 52 [desktop-chromium] › tests\e2e\authenticated-screens.spec.ts:257:7 › @a11y authenticated season-summary has no serious Axe violations (2.7s)
  ok 51 [desktop-chromium] › tests\e2e\authenticated-screens.spec.ts:257:7 › @a11y authenticated season-admin has no serious Axe violations (4.8s)
[WebServer] {"timestamp":"2026-10-10T19:21:07.101Z","level":"error","environment":"production","version":"1.15.10","commitSha":null,"deploymentId":null,"region":null,"message":"auth_error","operation":"auth","outcome":"error","errorCode":"UntrustedHost","incidenceCode":"SL-42E7A7FE"}
[WebServer] {"timestamp":"2026-10-10T19:21:07.436Z","level":"error","environment":"production","version":"1.15.10","commitSha":null,"deploymentId":null,"region":null,"message":"auth_error","operation":"auth","outcome":"error","errorCode":"UntrustedHost","incidenceCode":"SL-8C966A5F"}
[WebServer] {"timestamp":"2026-10-10T19:21:07.502Z","level":"error","environment":"production","version":"1.15.10","commitSha":null,"deploymentId":null,"region":null,"message":"auth_error","operation":"auth","outcome":"error","errorCode":"UntrustedHost","incidenceCode":"SL-9AB398CD"}
[WebServer] {"timestamp":"2026-10-10T19:21:07.868Z","level":"error","environment":"production","version":"1.15.10","commitSha":null,"deploymentId":null,"region":null,"message":"auth_error","operation":"auth","outcome":"error","errorCode":"UntrustedHost","incidenceCode":"SL-077A3634"}
  ok 53 [desktop-chromium] › tests\e2e\authenticated-screens.spec.ts:276:7 › @visual authenticated home remains stable (2.5s)
[WebServer] {"timestamp":"2026-10-10T19:21:09.714Z","level":"error","environment":"production","version":"1.15.10","commitSha":null,"deploymentId":null,"region":null,"message":"auth_error","operation":"auth","outcome":"error","errorCode":"UntrustedHost","incidenceCode":"SL-EC567FCD"}
[WebServer] {"timestamp":"2026-10-10T19:21:09.909Z","level":"error","environment":"production","version":"1.15.10","commitSha":null,"deploymentId":null,"region":null,"message":"auth_error","operation":"auth","outcome":"error","errorCode":"UntrustedHost","incidenceCode":"SL-4271B592"}
  ok 54 [desktop-chromium] › tests\e2e\authenticated-screens.spec.ts:276:7 › @visual authenticated matches remains stable (3.9s)
  ok 55 [desktop-chromium] › tests\e2e\authenticated-screens.spec.ts:276:7 › @visual authenticated ranking remains stable (2.1s)
[WebServer] {"timestamp":"2026-10-10T19:21:11.633Z","level":"error","environment":"production","version":"1.15.10","commitSha":null,"deploymentId":null,"region":null,"message":"auth_error","operation":"auth","outcome":"error","errorCode":"UntrustedHost","incidenceCode":"SL-5711DFE5"}
[WebServer] {"timestamp":"2026-10-10T19:21:11.943Z","level":"error","environment":"production","version":"1.15.10","commitSha":null,"deploymentId":null,"region":null,"message":"auth_error","operation":"auth","outcome":"error","errorCode":"UntrustedHost","incidenceCode":"SL-D3E59123"}
[WebServer] {"timestamp":"2026-10-10T19:21:12.708Z","level":"error","environment":"production","version":"1.15.10","commitSha":null,"deploymentId":null,"region":null,"message":"auth_error","operation":"auth","outcome":"error","errorCode":"UntrustedHost","incidenceCode":"SL-799D697E"}
[WebServer] {"timestamp":"2026-10-10T19:21:12.942Z","level":"error","environment":"production","version":"1.15.10","commitSha":null,"deploymentId":null,"region":null,"message":"auth_error","operation":"auth","outcome":"error","errorCode":"UntrustedHost","incidenceCode":"SL-D8C68E90"}
  ok 56 [desktop-chromium] › tests\e2e\authenticated-screens.spec.ts:276:7 › @visual authenticated statistics remains stable (4.0s)
[WebServer] {"timestamp":"2026-10-10T19:21:15.699Z","level":"error","environment":"production","version":"1.15.10","commitSha":null,"deploymentId":null,"region":null,"message":"auth_error","operation":"auth","outcome":"error","errorCode":"UntrustedHost","incidenceCode":"SL-AC136C2B"}
  ok 57 [desktop-chromium] › tests\e2e\authenticated-screens.spec.ts:276:7 › @visual authenticated settings remains stable (4.9s)
  ok 58 [desktop-chromium] › tests\e2e\authenticated-screens.spec.ts:276:7 › @visual authenticated invitation remains stable (2.3s)
[WebServer] {"timestamp":"2026-10-10T19:21:17.499Z","level":"error","environment":"production","version":"1.15.10","commitSha":null,"deploymentId":null,"region":null,"message":"auth_error","operation":"auth","outcome":"error","errorCode":"UntrustedHost","incidenceCode":"SL-64FD63F3"}
[WebServer] {"timestamp":"2026-10-10T19:21:18.715Z","level":"error","environment":"production","version":"1.15.10","commitSha":null,"deploymentId":null,"region":null,"message":"auth_error","operation":"auth","outcome":"error","errorCode":"UntrustedHost","incidenceCode":"SL-01369C9D"}
[WebServer] {"timestamp":"2026-10-10T19:21:18.980Z","level":"error","environment":"production","version":"1.15.10","commitSha":null,"deploymentId":null,"region":null,"message":"auth_error","operation":"auth","outcome":"error","errorCode":"UntrustedHost","incidenceCode":"SL-0577391B"}
  ok 60 [desktop-chromium] › tests\e2e\authenticated-screens.spec.ts:276:7 › @visual authenticated season-summary remains stable (3.0s)
[WebServer] {"timestamp":"2026-10-10T19:21:20.952Z","level":"error","environment":"production","version":"1.15.10","commitSha":null,"deploymentId":null,"region":null,"message":"auth_error","operation":"auth","outcome":"error","errorCode":"UntrustedHost","incidenceCode":"SL-936E6804"}
[WebServer] {"timestamp":"2026-10-10T19:21:21.248Z","level":"error","environment":"production","version":"1.15.10","commitSha":null,"deploymentId":null,"region":null,"message":"auth_error","operation":"auth","outcome":"error","errorCode":"UntrustedHost","incidenceCode":"SL-34011FB6"}
  ok 59 [desktop-chromium] › tests\e2e\authenticated-screens.spec.ts:276:7 › @visual authenticated season-admin remains stable (6.2s)
  ok 61 [desktop-chromium] › tests\e2e\authenticated-screens.spec.ts:312:5 › guided help can repeat the current screen tour (2.3s)
[WebServer] {"timestamp":"2026-10-10T19:21:23.450Z","level":"error","environment":"production","version":"1.15.10","commitSha":null,"deploymentId":null,"region":null,"message":"auth_error","operation":"auth","outcome":"error","errorCode":"UntrustedHost","incidenceCode":"SL-F8FB4043"}
[WebServer] {"timestamp":"2026-10-10T19:21:23.842Z","level":"error","environment":"production","version":"1.15.10","commitSha":null,"deploymentId":null,"region":null,"message":"auth_error","operation":"auth","outcome":"error","errorCode":"UntrustedHost","incidenceCode":"SL-ADDB8773"}
[WebServer] {"timestamp":"2026-10-10T19:21:23.954Z","level":"error","environment":"production","version":"1.15.10","commitSha":null,"deploymentId":null,"region":null,"message":"auth_error","operation":"auth","outcome":"error","errorCode":"UntrustedHost","incidenceCode":"SL-41A660C9"}
  ok 62 [desktop-chromium] › tests\e2e\authenticated-screens.spec.ts:325:5 › repeating the home guide skips the one-time welcome (3.0s)
  ok 63 [desktop-chromium] › tests\e2e\authenticated-screens.spec.ts:335:5 › personal matches use a separate simplified mode (3.2s)
[WebServer] {"timestamp":"2026-10-10T19:21:27.234Z","level":"error","environment":"production","version":"1.15.10","commitSha":null,"deploymentId":null,"region":null,"message":"auth_error","operation":"auth","outcome":"error","errorCode":"UntrustedHost","incidenceCode":"SL-D2A0B13A"}
[WebServer] {"timestamp":"2026-10-10T19:21:27.670Z","level":"error","environment":"production","version":"1.15.10","commitSha":null,"deploymentId":null,"region":null,"message":"auth_error","operation":"auth","outcome":"error","errorCode":"UntrustedHost","incidenceCode":"SL-79D8FF54"}
[WebServer] {"timestamp":"2026-10-10T19:21:27.726Z","level":"error","environment":"production","version":"1.15.10","commitSha":null,"deploymentId":null,"region":null,"message":"auth_error","operation":"auth","outcome":"error","errorCode":"UntrustedHost","incidenceCode":"SL-5B8757C4"}
  ok 64 [desktop-chromium] › tests\e2e\authenticated-screens.spec.ts:448:5 › personal matches hide the whole upcoming section when there is no future match (2.7s)
  ok 65 [desktop-chromium] › tests\e2e\public-access.spec.ts:4:5 › opens the app without a session (2.5s)
[WebServer] {"timestamp":"2026-10-10T19:21:29.460Z","level":"error","environment":"production","version":"1.15.10","commitSha":null,"deploymentId":null,"region":null,"message":"auth_error","operation":"auth","outcome":"error","errorCode":"UntrustedHost","incidenceCode":"SL-BD55DE59"}
[WebServer] {"timestamp":"2026-10-10T19:21:29.535Z","level":"error","environment":"production","version":"1.15.10","commitSha":null,"deploymentId":null,"region":null,"message":"auth_error","operation":"auth","outcome":"error","errorCode":"UntrustedHost","incidenceCode":"SL-778F74EE"}
[WebServer] {"timestamp":"2026-10-10T19:21:29.592Z","level":"error","environment":"production","version":"1.15.10","commitSha":null,"deploymentId":null,"region":null,"message":"auth_error","operation":"auth","outcome":"error","errorCode":"UntrustedHost","incidenceCode":"SL-C7ED307C"}
[WebServer] {"timestamp":"2026-10-10T19:21:29.652Z","level":"error","environment":"production","version":"1.15.10","commitSha":null,"deploymentId":null,"region":null,"message":"auth_error","operation":"auth","outcome":"error","errorCode":"UntrustedHost","incidenceCode":"SL-F065A176"}
  ok 67 [desktop-chromium] › tests\e2e\public-access.spec.ts:35:5 › spectator invitation opens a read-only league without signing in (2.1s)
[WebServer] {"timestamp":"2026-10-10T19:21:30.257Z","level":"error","environment":"production","version":"1.15.10","commitSha":null,"deploymentId":null,"region":null,"message":"auth_error","operation":"auth","outcome":"error","errorCode":"UntrustedHost","incidenceCode":"SL-992725F0"}
[WebServer] {"timestamp":"2026-10-10T19:21:30.277Z","level":"error","environment":"production","version":"1.15.10","commitSha":null,"deploymentId":null,"region":null,"message":"auth_error","operation":"auth","outcome":"error","errorCode":"UntrustedHost","incidenceCode":"SL-3F4F4B3A"}
  ok 66 [desktop-chromium] › tests\e2e\public-access.spec.ts:13:5 › recovers an invitation when the installed app starts (2.5s)
[WebServer] {"timestamp":"2026-10-10T19:21:30.873Z","level":"warn","environment":"production","version":"1.15.10","commitSha":null,"deploymentId":null,"region":null,"message":"auth_error_page_rendered","route":"/auth/error","method":"GET","operation":"auth_error","outcome":"shown","errorCode":"Configuration","incidenceCode":"SL-18CCC30A"}
[WebServer] {"timestamp":"2026-10-10T19:21:31.086Z","level":"error","environment":"production","version":"1.15.10","commitSha":null,"deploymentId":null,"region":null,"message":"auth_error","operation":"auth","outcome":"error","errorCode":"UntrustedHost","incidenceCode":"SL-9ECA59CB"}
[WebServer] {"timestamp":"2026-10-10T19:21:31.148Z","level":"error","environment":"production","version":"1.15.10","commitSha":null,"deploymentId":null,"region":null,"message":"auth_error","operation":"auth","outcome":"error","errorCode":"UntrustedHost","incidenceCode":"SL-FADF5EB6"}
  ok 68 [desktop-chromium] › tests\e2e\public-access.spec.ts:69:5 › spectator invitation landing page renders without the authenticated app providers (1.1s)
[WebServer] {"timestamp":"2026-10-10T19:21:31.446Z","level":"error","environment":"production","version":"1.15.10","commitSha":null,"deploymentId":null,"region":null,"message":"auth_error","operation":"auth","outcome":"error","errorCode":"UntrustedHost","incidenceCode":"SL-6E6C03E0"}
[WebServer] {"timestamp":"2026-10-10T19:21:31.505Z","level":"error","environment":"production","version":"1.15.10","commitSha":null,"deploymentId":null,"region":null,"message":"auth_error","operation":"auth","outcome":"error","errorCode":"UntrustedHost","incidenceCode":"SL-BFCA8F69"}
  ok 69 [desktop-chromium] › tests\e2e\public-access.spec.ts:97:5 › shows an actionable authentication error with an incidence code (1.1s)
[WebServer] {"timestamp":"2026-10-10T19:21:32.214Z","level":"error","environment":"production","version":"1.15.10","commitSha":null,"deploymentId":null,"region":null,"message":"auth_error","operation":"auth","outcome":"error","errorCode":"UntrustedHost","incidenceCode":"SL-C6F987C1"}
[WebServer] {"timestamp":"2026-10-10T19:21:32.245Z","level":"error","environment":"production","version":"1.15.10","commitSha":null,"deploymentId":null,"region":null,"message":"auth_error","operation":"auth","outcome":"error","errorCode":"UntrustedHost","incidenceCode":"SL-34304FC4"}
[WebServer] {"timestamp":"2026-10-10T19:21:32.737Z","level":"error","environment":"production","version":"1.15.10","commitSha":null,"deploymentId":null,"region":null,"message":"auth_error","operation":"auth","outcome":"error","errorCode":"UntrustedHost","incidenceCode":"SL-7BE66BA7"}
[WebServer] {"timestamp":"2026-10-10T19:21:32.777Z","level":"error","environment":"production","version":"1.15.10","commitSha":null,"deploymentId":null,"region":null,"message":"auth_error","operation":"auth","outcome":"error","errorCode":"UntrustedHost","incidenceCode":"SL-D1E904B8"}
  ok 70 [desktop-chromium] › tests\e2e\public-access.spec.ts:115:7 › @a11y public home has no serious Axe violations (2.3s)
[WebServer] {"timestamp":"2026-10-10T19:21:33.859Z","level":"warn","environment":"production","version":"1.15.10","commitSha":null,"deploymentId":null,"region":null,"message":"auth_error_page_rendered","route":"/auth/error","method":"GET","operation":"auth_error","outcome":"shown","errorCode":"Configuration","incidenceCode":"SL-A51E5BA3"}
  ok 71 [desktop-chromium] › tests\e2e\public-access.spec.ts:115:7 › @a11y about has no serious Axe violations (2.6s)
[WebServer] {"timestamp":"2026-10-10T19:21:34.374Z","level":"error","environment":"production","version":"1.15.10","commitSha":null,"deploymentId":null,"region":null,"message":"auth_error","operation":"auth","outcome":"error","errorCode":"UntrustedHost","incidenceCode":"SL-CDE3B0D3"}
[WebServer] {"timestamp":"2026-10-10T19:21:34.398Z","level":"error","environment":"production","version":"1.15.10","commitSha":null,"deploymentId":null,"region":null,"message":"auth_error","operation":"auth","outcome":"error","errorCode":"UntrustedHost","incidenceCode":"SL-021CF25F"}
[WebServer] {"timestamp":"2026-10-10T19:21:35.211Z","level":"error","environment":"production","version":"1.15.10","commitSha":null,"deploymentId":null,"region":null,"message":"auth_error","operation":"auth","outcome":"error","errorCode":"UntrustedHost","incidenceCode":"SL-AC20849B"}
[WebServer] {"timestamp":"2026-10-10T19:21:35.276Z","level":"error","environment":"production","version":"1.15.10","commitSha":null,"deploymentId":null,"region":null,"message":"auth_error","operation":"auth","outcome":"error","errorCode":"UntrustedHost","incidenceCode":"SL-89546CA9"}
  ok 73 [desktop-chromium] › tests\e2e\public-access.spec.ts:126:5 › @visual anonymous home remains stable (1.5s)
  ok 72 [desktop-chromium] › tests\e2e\public-access.spec.ts:115:7 › @a11y authentication error has no serious Axe violations (2.4s)
[WebServer] {"timestamp":"2026-10-10T19:21:36.082Z","level":"warn","environment":"production","version":"1.15.10","commitSha":null,"deploymentId":null,"region":null,"message":"auth_error_page_rendered","route":"/auth/error","method":"GET","operation":"auth_error","outcome":"shown","errorCode":"Configuration","incidenceCode":"SL-6884DF9E"}
[WebServer] {"timestamp":"2026-10-10T19:21:36.769Z","level":"error","environment":"production","version":"1.15.10","commitSha":null,"deploymentId":null,"region":null,"message":"auth_error","operation":"auth","outcome":"error","errorCode":"UntrustedHost","incidenceCode":"SL-77860552"}
[WebServer] {"timestamp":"2026-10-10T19:21:36.903Z","level":"error","environment":"production","version":"1.15.10","commitSha":null,"deploymentId":null,"region":null,"message":"auth_error","operation":"auth","outcome":"error","errorCode":"UntrustedHost","incidenceCode":"SL-753A6CC3"}
  ok 74 [desktop-chromium] › tests\e2e\public-access.spec.ts:138:5 › @visual authentication error remains stable (1.8s)
(node:17580) Warning: The 'NO_COLOR' env is ignored due to the 'FORCE_COLOR' env being set.
(Use `node --trace-warnings ...` to show where the warning was created)
[WebServer] {"timestamp":"2026-10-10T19:21:40.823Z","level":"error","environment":"production","version":"1.15.10","commitSha":null,"deploymentId":null,"region":null,"message":"auth_error","operation":"auth","outcome":"error","errorCode":"UntrustedHost","incidenceCode":"SL-3A261EC3"}
[WebServer] {"timestamp":"2026-10-10T19:21:41.115Z","level":"error","environment":"production","version":"1.15.10","commitSha":null,"deploymentId":null,"region":null,"message":"auth_error","operation":"auth","outcome":"error","errorCode":"UntrustedHost","incidenceCode":"SL-05143021"}
[WebServer] {"timestamp":"2026-10-10T19:21:41.150Z","level":"error","environment":"production","version":"1.15.10","commitSha":null,"deploymentId":null,"region":null,"message":"auth_error","operation":"auth","outcome":"error","errorCode":"UntrustedHost","incidenceCode":"SL-D0D80B92"}
  ok 75 [pwa-chromium] › tests\e2e\pwa-offline.spec.ts:3:5 › keeps an authenticated session behind the offline fallback until a full retry (2.9s)
(node:20764) Warning: The 'NO_COLOR' env is ignored due to the 'FORCE_COLOR' env being set.
(Use `node --trace-warnings ...` to show where the warning was created)
[WebServer] {"timestamp":"2026-10-10T19:21:48.104Z","level":"error","environment":"production","version":"1.15.10","commitSha":null,"deploymentId":null,"region":null,"message":"auth_error","operation":"auth","outcome":"error","errorCode":"UntrustedHost","incidenceCode":"SL-75508CCF"}
[WebServer] {"timestamp":"2026-10-10T19:21:48.143Z","level":"error","environment":"production","version":"1.15.10","commitSha":null,"deploymentId":null,"region":null,"message":"auth_error","operation":"auth","outcome":"error","errorCode":"UntrustedHost","incidenceCode":"SL-460F178C"}
  ok 76 [pwa-chromium] › tests\e2e\pwa-offline.spec.ts:93:5 › redirects a fresh offline launch to the cached fallback (2.4s)

  76 passed (3.4m)
